instance=L35 N=12 coupled=False | mp P=60x4, GAT/BRKGA pop=240 | gens=40 | matched evals/gen=240
training core + fused TAPE head ...
/venv/main/lib/python3.12/site-packages/torch_geometric/utils/_scatter.py:91: UserWarning: The usage of `scatter(reduce='max')` can be accelerated via the 'torch-scatter' package, but it was not found
  warnings.warn(
/workspace/e-hgatv2/src/ehgat/surrogate/train.py:148: UserWarning: Converting a tensor with requires_grad=True to a scalar may lead to unexpected behavior.
Consider using tensor.detach() first. (Triggered internally at /pytorch/torch/csrc/autograd/generated/python_variable_methods.cpp:838.)
  epoch_loss += float(loss) * batch.num_graphs
  fused R2_makespan=0.9970 R2_energy=1.0000
reference: non-dominated union of mp-BRKGA + BRKGA + TAPE @ 50 gens | 92 pts | HV*=1360454.7
  E-HGATv2-TAPE: done 5 seeds
  E-HGATv2-attn: done 5 seeds
  NSGA-II (random): done 5 seeds
  mp-BRKGA: done 5 seeds
  single-pop BRKGA: done 5 seeds

# Faithful-guidance study -- L35 (N=12, uncoupled)

_5 seeds, 40 gens, matched exact-eval budget (mp 60x4 = GAT/BRKGA 240/gen). Reference: non-dominated union of mp-BRKGA + BRKGA + TAPE @ 50 gens. Cells = mean (95% CI)._

## Optimisation (Req 3)

| Method | HV / HV* | GD+ | IGD+ | Spread | true evals |
|---|---|---|---|---|---|
| E-HGATv2-TAPE | 0.9859 ± 0.0369 | 5.0366 ± 4.7279 | 9.4165 ± 10.2161 | 0.8651 ± 0.0800 | 9840 |
| E-HGATv2-attn | 0.9928 ± 0.0090 | 2.5316 ± 1.2465 | 4.3228 ± 0.7494 | 0.8619 ± 0.0711 | 9840 |
| NSGA-II (random) | 0.9436 ± 0.0274 | 17.0645 ± 10.2402 | 25.1800 ± 20.7081 | 0.9212 ± 0.1041 | 9840 |
| mp-BRKGA | 0.9303 ± 0.0422 | 36.2235 ± 20.4221 | 42.2446 ± 24.2453 | 0.8704 ± 0.1240 | 9840 |
| single-pop BRKGA | 0.9332 ± 0.0244 | 17.6242 ± 17.9403 | 27.7975 ± 19.1541 | 0.9293 ± 0.0954 | 9840 |

## Guidance-signal faithfulness (Req 2)

| Signal | precision@1 | Spearman rho | leg-critical Jaccard vs oracle |
|---|---|---|---|
| attention (Signal #1) | 0.600 | 0.085 | n/a |
| **TAPE (Signal #3)** | n/a | n/a | **1.000** |
| random baseline | 0.083 | 0.000 | n/a |

_TAPE makespan abs-error vs oracle: 6.649. A faithful signal that also tops the optimisation table is the unified Req 2+3 claim._


wrote experiments/fused_tape_guided/tape_bench_L35_unc.* (total 1434s)
