instance=toy:10 N=10 coupled=True | mp P=50x4, GAT/BRKGA pop=200 | gens=40 | matched evals/gen=200
training core + fused TAPE head ...
/venv/main/lib/python3.12/site-packages/torch_geometric/utils/_scatter.py:91: UserWarning: The usage of `scatter(reduce='max')` can be accelerated via the 'torch-scatter' package, but it was not found
  warnings.warn(
/workspace/e-hgatv2/src/ehgat/surrogate/train.py:148: UserWarning: Converting a tensor with requires_grad=True to a scalar may lead to unexpected behavior.
Consider using tensor.detach() first. (Triggered internally at /pytorch/torch/csrc/autograd/generated/python_variable_methods.cpp:838.)
  epoch_loss += float(loss) * batch.num_graphs
  fused R2_makespan=0.8022 R2_energy=1.0000
reference: non-dominated union of mp-BRKGA + BRKGA + TAPE @ 50 gens | 103 pts | HV*=948076.3
  E-HGATv2-TAPE: done 5 seeds
  E-HGATv2-attn: done 5 seeds
  NSGA-II (random): done 5 seeds
  mp-BRKGA: done 5 seeds
  single-pop BRKGA: done 5 seeds

# Faithful-guidance study -- toy:10 (N=10, coupled)

_5 seeds, 40 gens, matched exact-eval budget (mp 50x4 = GAT/BRKGA 200/gen). Reference: non-dominated union of mp-BRKGA + BRKGA + TAPE @ 50 gens. Cells = mean (95% CI)._

## Optimisation (Req 3)

| Method | HV / HV* | GD+ | IGD+ | Spread | true evals |
|---|---|---|---|---|---|
| E-HGATv2-TAPE | 0.8594 ± 0.0884 | 71.3040 ± 54.4657 | 98.6038 ± 72.1176 | 0.9564 ± 0.0509 | 8200 |
| E-HGATv2-attn | 0.9189 ± 0.0749 | 49.9438 ± 67.8191 | 44.8263 ± 42.3037 | 1.0534 ± 0.0792 | 8200 |
| NSGA-II (random) | 0.7411 ± 0.1279 | 152.6367 ± 104.6540 | 194.9906 ± 140.0969 | 0.9867 ± 0.0754 | 8200 |
| mp-BRKGA | 0.7978 ± 0.0836 | 179.4031 ± 115.7773 | 115.1948 ± 68.2108 | 1.0033 ± 0.1118 | 8200 |
| single-pop BRKGA | 0.7906 ± 0.1068 | 94.4250 ± 87.7365 | 148.2489 ± 108.2097 | 0.9280 ± 0.1153 | 8200 |

## Guidance-signal faithfulness (Req 2)

| Signal | precision@1 | Spearman rho | leg-critical Jaccard vs oracle |
|---|---|---|---|
| attention (Signal #1) | 0.667 | -0.087 | n/a |
| **TAPE (Signal #3)** | n/a | n/a | **0.952** |
| random baseline | 0.100 | 0.000 | n/a |

_TAPE makespan abs-error vs oracle: 34.291. A faithful signal that also tops the optimisation table is the unified Req 2+3 claim._


wrote experiments/fused_tape_guided/tape_bench_toy10_pp30.* (total 1954s)
