instance=toy:20 N=20 coupled=False | mp P=100x4, GAT/BRKGA pop=400 | gens=40 | matched evals/gen=400
training core + fused TAPE head ...
/venv/main/lib/python3.12/site-packages/torch_geometric/utils/_scatter.py:91: UserWarning: The usage of `scatter(reduce='max')` can be accelerated via the 'torch-scatter' package, but it was not found
  warnings.warn(
/workspace/e-hgatv2/src/ehgat/surrogate/train.py:148: UserWarning: Converting a tensor with requires_grad=True to a scalar may lead to unexpected behavior.
Consider using tensor.detach() first. (Triggered internally at /pytorch/torch/csrc/autograd/generated/python_variable_methods.cpp:838.)
  epoch_loss += float(loss) * batch.num_graphs
  fused R2_makespan=0.9889 R2_energy=1.0000
reference: non-dominated union of mp-BRKGA + BRKGA + TAPE @ 50 gens | 44 pts | HV*=4129474.6
  E-HGATv2-TAPE: done 5 seeds
  E-HGATv2-attn: done 5 seeds
  NSGA-II (random): done 5 seeds
  mp-BRKGA: done 5 seeds
  single-pop BRKGA: done 5 seeds

# Faithful-guidance study -- toy:20 (N=20, uncoupled)

_5 seeds, 40 gens, matched exact-eval budget (mp 100x4 = GAT/BRKGA 400/gen). Reference: non-dominated union of mp-BRKGA + BRKGA + TAPE @ 50 gens. Cells = mean (95% CI)._

## Optimisation (Req 3)

| Method | HV / HV* | GD+ | IGD+ | Spread | true evals |
|---|---|---|---|---|---|
| E-HGATv2-TAPE | 0.9312 ± 0.1614 | 72.6976 ± 96.1483 | 114.6340 ± 172.4193 | 0.9389 ± 0.0750 | 16400 |
| E-HGATv2-attn | 0.9566 ± 0.1159 | 64.3272 ± 47.4123 | 79.3841 ± 57.8329 | 0.8783 ± 0.1087 | 16400 |
| NSGA-II (random) | 0.8095 ± 0.0879 | 156.0756 ± 106.7346 | 197.1745 ± 119.0206 | 0.8232 ± 0.0032 | 16400 |
| mp-BRKGA | 0.8904 ± 0.0708 | 485.9278 ± 406.7644 | 117.2894 ± 60.9359 | 0.9935 ± 0.1066 | 16400 |
| single-pop BRKGA | 0.8315 ± 0.0939 | 116.6146 ± 85.6841 | 186.2519 ± 123.6290 | 0.8784 ± 0.0758 | 16400 |

## Guidance-signal faithfulness (Req 2)

| Signal | precision@1 | Spearman rho | leg-critical Jaccard vs oracle |
|---|---|---|---|
| attention (Signal #1) | 0.667 | 0.016 | n/a |
| **TAPE (Signal #3)** | n/a | n/a | **0.949** |
| random baseline | 0.050 | 0.000 | n/a |

_TAPE makespan abs-error vs oracle: 16.737. A faithful signal that also tops the optimisation table is the unified Req 2+3 claim._


wrote experiments/fused_tape_guided/tape_bench_toy20_unc.* (total 3030s)
