instance=toy:10 N=10 coupled=True | mp P=100x4, GAT/BRKGA pop=400 | gens=40 | matched evals/gen=400
training core + fused TAPE head ...
  fused R2_makespan=0.8107 R2_energy=1.0000
  E-HGATv2-TAPE: done 1 seeds
  E-HGATv2-attn: done 1 seeds
  NSGA-II (random): done 1 seeds
  mp-BRKGA: done 1 seeds
  single-pop BRKGA: done 1 seeds
reference: non-dominated union of high-budget mp-BRKGA + BRKGA + TAPE @ 50 gens and all evaluated fronts | 118 pts | HV*=641387.5

# Faithful-guidance study -- toy:10 (N=10, coupled)

_1 seeds, 40 gens, matched exact-eval budget (mp 100x4 = GAT/BRKGA 400/gen). Reference: non-dominated union of high-budget mp-BRKGA + BRKGA + TAPE @ 50 gens and all evaluated fronts. Cells = mean (95% CI)._

## Optimisation (Req 3)

| Method | HV / HV* | GD+ | IGD+ | Spread | true evals |
|---|---|---|---|---|---|
| E-HGATv2-TAPE | 0.9289 ± 0.0000 | 18.0283 ± 0.0000 | 43.8745 ± 0.0000 | 0.8964 ± 0.0000 | 16400 |
| E-HGATv2-attn | 0.8192 ± 0.0000 | 75.3422 ± 0.0000 | 62.6734 ± 0.0000 | 0.8039 ± 0.0000 | 16400 |
| NSGA-II (random) | 0.8969 ± 0.0000 | 51.5974 ± 0.0000 | 60.0467 ± 0.0000 | 1.1757 ± 0.0000 | 16400 |
| mp-BRKGA | 0.8385 ± 0.0000 | 242.2175 ± 0.0000 | 53.8218 ± 0.0000 | 1.1230 ± 0.0000 | 16400 |
| single-pop BRKGA | 0.7268 ± 0.0000 | 123.4339 ± 0.0000 | 98.2184 ± 0.0000 | 0.9804 ± 0.0000 | 16400 |

## Guidance-signal faithfulness (Req 2)

| Signal | precision@1 | Spearman rho | leg-critical Jaccard vs oracle |
|---|---|---|---|
| attention (Signal #1) | 0.667 | -0.080 | n/a |
| **TAPE (Signal #3)** | n/a | n/a | **0.955** |
| random baseline | 0.100 | 0.000 | n/a |

_TAPE makespan abs-error vs oracle: 33.593. A faithful signal that also tops the optimisation table is the unified Req 2+3 claim._


wrote experiments/fused_tape_guided/tape_bench_n10_sh0.* (total 3388s)
