instance=toy:40 N=40 coupled=True | mp P=100x4, GAT/BRKGA pop=400 | gens=40 | matched evals/gen=400
training core + fused TAPE head ...
  fused R2_makespan=0.8497 R2_energy=1.0000
  E-HGATv2-TAPE: done 1 seeds
  E-HGATv2-attn: done 1 seeds
  NSGA-II (random): done 1 seeds
  mp-BRKGA: done 1 seeds
  single-pop BRKGA: done 1 seeds
reference: non-dominated union of high-budget mp-BRKGA + BRKGA + TAPE @ 50 gens and all evaluated fronts | 46 pts | HV*=7240996.6

# Faithful-guidance study -- toy:40 (N=40, coupled)

_1 seeds, 40 gens, matched exact-eval budget (mp 100x4 = GAT/BRKGA 400/gen). Reference: non-dominated union of high-budget mp-BRKGA + BRKGA + TAPE @ 50 gens and all evaluated fronts. Cells = mean (95% CI)._

## Optimisation (Req 3)

| Method | HV / HV* | GD+ | IGD+ | Spread | true evals |
|---|---|---|---|---|---|
| E-HGATv2-TAPE | 0.6776 ± 0.0000 | 139.4633 ± 0.0000 | 1275.4544 ± 0.0000 | 1.0472 ± 0.0000 | 16400 |
| E-HGATv2-attn | 0.8481 ± 0.0000 | 144.5794 ± 0.0000 | 303.9527 ± 0.0000 | 0.8570 ± 0.0000 | 16400 |
| NSGA-II (random) | 0.3534 ± 0.0000 | 648.5680 ± 0.0000 | 1398.5894 ± 0.0000 | 0.9220 ± 0.0000 | 16400 |
| mp-BRKGA | 0.6988 ± 0.0000 | 933.0411 ± 0.0000 | 267.5272 ± 0.0000 | 1.1260 ± 0.0000 | 16400 |
| single-pop BRKGA | 0.3327 ± 0.0000 | 727.8754 ± 0.0000 | 1701.4372 ± 0.0000 | 0.7950 ± 0.0000 | 16400 |

## Guidance-signal faithfulness (Req 2)

| Signal | precision@1 | Spearman rho | leg-critical Jaccard vs oracle |
|---|---|---|---|
| attention (Signal #1) | 0.633 | -0.003 | n/a |
| **TAPE (Signal #3)** | n/a | n/a | **0.902** |
| random baseline | 0.025 | 0.000 | n/a |

_TAPE makespan abs-error vs oracle: 75.981. A faithful signal that also tops the optimisation table is the unified Req 2+3 claim._


wrote experiments/fused_tape_guided/tape_bench_n40_sh3.* (total 7617s)
