instance=toy:10 N=10 coupled=True | mp P=50x4, GAT/BRKGA pop=200 | gens=40 | matched evals/gen=200
training core + fused TAPE head ...
  fused R2_makespan=0.8107 R2_energy=1.0000
  E-HGATv2-TAPE: done 1 seeds
  E-HGATv2-attn: done 1 seeds
  NSGA-II (random): done 1 seeds
  mp-BRKGA: done 1 seeds
  single-pop BRKGA: done 1 seeds
reference: non-dominated union of high-budget mp-BRKGA + BRKGA + TAPE @ 50 gens and all evaluated fronts | 162 pts | HV*=785309.5

# Faithful-guidance study -- toy:10 (N=10, coupled)

_1 seeds, 40 gens, matched exact-eval budget (mp 50x4 = GAT/BRKGA 200/gen). Reference: non-dominated union of high-budget mp-BRKGA + BRKGA + TAPE @ 50 gens and all evaluated fronts. Cells = mean (95% CI)._

## Optimisation (Req 3)

| Method | HV / HV* | GD+ | IGD+ | Spread | true evals |
|---|---|---|---|---|---|
| E-HGATv2-TAPE | 0.9241 ± 0.0000 | 14.9557 ± 0.0000 | 16.4564 ± 0.0000 | 0.9129 ± 0.0000 | 8200 |
| E-HGATv2-attn | 0.8035 ± 0.0000 | 23.0453 ± 0.0000 | 68.2744 ± 0.0000 | 0.9102 ± 0.0000 | 8200 |
| NSGA-II (random) | 0.8318 ± 0.0000 | 84.4788 ± 0.0000 | 58.4597 ± 0.0000 | 1.0074 ± 0.0000 | 8200 |
| mp-BRKGA | 0.8725 ± 0.0000 | 109.3014 ± 0.0000 | 52.2267 ± 0.0000 | 1.1747 ± 0.0000 | 8200 |
| single-pop BRKGA | 0.7576 ± 0.0000 | 165.6645 ± 0.0000 | 127.5237 ± 0.0000 | 0.9725 ± 0.0000 | 8200 |

## Guidance-signal faithfulness (Req 2)

| Signal | precision@1 | Spearman rho | leg-critical Jaccard vs oracle |
|---|---|---|---|
| attention (Signal #1) | 0.667 | -0.080 | n/a |
| **TAPE (Signal #3)** | n/a | n/a | **0.955** |
| random baseline | 0.100 | 0.000 | n/a |

_TAPE makespan abs-error vs oracle: 33.593. A faithful signal that also tops the optimisation table is the unified Req 2+3 claim._


wrote experiments/fused_tape_guided/tape_bench_n10_sh14.* (total 351s)
