instance=toy:20 N=20 coupled=True | mp P=100x4, GAT/BRKGA pop=400 | gens=40 | matched evals/gen=400
training core + fused TAPE head ...
  fused R2_makespan=0.8617 R2_energy=1.0000
  E-HGATv2-TAPE: done 1 seeds
  E-HGATv2-attn: done 1 seeds
  NSGA-II (random): done 1 seeds
  mp-BRKGA: done 1 seeds
  single-pop BRKGA: done 1 seeds
reference: non-dominated union of high-budget mp-BRKGA + BRKGA + TAPE @ 50 gens and all evaluated fronts | 122 pts | HV*=2511472.8

# Faithful-guidance study -- toy:20 (N=20, coupled)

_1 seeds, 40 gens, matched exact-eval budget (mp 100x4 = GAT/BRKGA 400/gen). Reference: non-dominated union of high-budget mp-BRKGA + BRKGA + TAPE @ 50 gens and all evaluated fronts. Cells = mean (95% CI)._

## Optimisation (Req 3)

| Method | HV / HV* | GD+ | IGD+ | Spread | true evals |
|---|---|---|---|---|---|
| E-HGATv2-TAPE | 0.9707 ± 0.0000 | 13.1893 ± 0.0000 | 12.1421 ± 0.0000 | 0.9738 ± 0.0000 | 16400 |
| E-HGATv2-attn | 0.8366 ± 0.0000 | 39.8483 ± 0.0000 | 128.3885 ± 0.0000 | 0.9396 ± 0.0000 | 16400 |
| NSGA-II (random) | 0.5028 ± 0.0000 | 511.9442 ± 0.0000 | 489.1368 ± 0.0000 | 0.9522 ± 0.0000 | 16400 |
| mp-BRKGA | 0.6014 ± 0.0000 | 1016.8246 ± 0.0000 | 322.4174 ± 0.0000 | 0.9451 ± 0.0000 | 16400 |
| single-pop BRKGA | 0.8500 ± 0.0000 | 166.2386 ± 0.0000 | 99.1378 ± 0.0000 | 1.0101 ± 0.0000 | 16400 |

## Guidance-signal faithfulness (Req 2)

| Signal | precision@1 | Spearman rho | leg-critical Jaccard vs oracle |
|---|---|---|---|
| attention (Signal #1) | 0.667 | -0.046 | n/a |
| **TAPE (Signal #3)** | n/a | n/a | **0.848** |
| random baseline | 0.050 | 0.000 | n/a |

_TAPE makespan abs-error vs oracle: 56.139. A faithful signal that also tops the optimisation table is the unified Req 2+3 claim._


wrote experiments/fused_tape_guided/tape_bench_n20_sh12.* (total 811s)
