instance=toy:20 N=20 coupled=True | mp P=100x4, GAT/BRKGA pop=400 | gens=40 | matched evals/gen=400
training core + fused TAPE head ...
  fused R2_makespan=0.8617 R2_energy=1.0000
  E-HGATv2-TAPE: done 1 seeds
  E-HGATv2-attn: done 1 seeds
  NSGA-II (random): done 1 seeds
  mp-BRKGA: done 1 seeds
  single-pop BRKGA: done 1 seeds
reference: non-dominated union of high-budget mp-BRKGA + BRKGA + TAPE @ 50 gens and all evaluated fronts | 98 pts | HV*=750138.8

# Faithful-guidance study -- toy:20 (N=20, coupled)

_1 seeds, 40 gens, matched exact-eval budget (mp 100x4 = GAT/BRKGA 400/gen). Reference: non-dominated union of high-budget mp-BRKGA + BRKGA + TAPE @ 50 gens and all evaluated fronts. Cells = mean (95% CI)._

## Optimisation (Req 3)

| Method | HV / HV* | GD+ | IGD+ | Spread | true evals |
|---|---|---|---|---|---|
| E-HGATv2-TAPE | 0.6546 ± 0.0000 | 0.0000 ± 0.0000 | 131.6964 ± 0.0000 | 0.8283 ± 0.0000 | 16400 |
| E-HGATv2-attn | 0.7501 ± 0.0000 | 233.7369 ± 0.0000 | 144.9604 ± 0.0000 | 1.0336 ± 0.0000 | 16400 |
| NSGA-II (random) | 0.2752 ± 0.0000 | 374.5310 ± 0.0000 | 402.1728 ± 0.0000 | 0.9373 ± 0.0000 | 16400 |
| mp-BRKGA | 0.4040 ± 0.0000 | 858.0515 ± 0.0000 | 333.3738 ± 0.0000 | 1.1593 ± 0.0000 | 16400 |
| single-pop BRKGA | 0.2373 ± 0.0000 | 476.0461 ± 0.0000 | 441.9470 ± 0.0000 | 0.9650 ± 0.0000 | 16400 |

## Guidance-signal faithfulness (Req 2)

| Signal | precision@1 | Spearman rho | leg-critical Jaccard vs oracle |
|---|---|---|---|
| attention (Signal #1) | 0.667 | -0.046 | n/a |
| **TAPE (Signal #3)** | n/a | n/a | **0.848** |
| random baseline | 0.050 | 0.000 | n/a |

_TAPE makespan abs-error vs oracle: 56.139. A faithful signal that also tops the optimisation table is the unified Req 2+3 claim._


wrote experiments/fused_tape_guided/tape_bench_n20_sh18.* (total 829s)
