instance=toy:20 N=20 coupled=True | mp P=100x4, GAT/BRKGA pop=400 | gens=40 | matched evals/gen=400
training core + fused TAPE head ...
  fused R2_makespan=0.8617 R2_energy=1.0000
  E-HGATv2-TAPE: done 1 seeds
  E-HGATv2-attn: done 1 seeds
  NSGA-II (random): done 1 seeds
  mp-BRKGA: done 1 seeds
  single-pop BRKGA: done 1 seeds
reference: non-dominated union of high-budget mp-BRKGA + BRKGA + TAPE @ 50 gens and all evaluated fronts | 92 pts | HV*=2451819.2

# Faithful-guidance study -- toy:20 (N=20, coupled)

_1 seeds, 40 gens, matched exact-eval budget (mp 100x4 = GAT/BRKGA 400/gen). Reference: non-dominated union of high-budget mp-BRKGA + BRKGA + TAPE @ 50 gens and all evaluated fronts. Cells = mean (95% CI)._

## Optimisation (Req 3)

| Method | HV / HV* | GD+ | IGD+ | Spread | true evals |
|---|---|---|---|---|---|
| E-HGATv2-TAPE | 0.9231 ± 0.0000 | 46.2556 ± 0.0000 | 52.0959 ± 0.0000 | 1.0274 ± 0.0000 | 16400 |
| E-HGATv2-attn | 0.7596 ± 0.0000 | 257.3578 ± 0.0000 | 191.0339 ± 0.0000 | 1.0233 ± 0.0000 | 16400 |
| NSGA-II (random) | 0.4427 ± 0.0000 | 477.8011 ± 0.0000 | 513.0550 ± 0.0000 | 0.7699 ± 0.0000 | 16400 |
| mp-BRKGA | 0.7132 ± 0.0000 | 709.5351 ± 0.0000 | 184.0886 ± 0.0000 | 1.0225 ± 0.0000 | 16400 |
| single-pop BRKGA | 0.6782 ± 0.0000 | 236.2219 ± 0.0000 | 246.5276 ± 0.0000 | 0.7134 ± 0.0000 | 16400 |

## Guidance-signal faithfulness (Req 2)

| Signal | precision@1 | Spearman rho | leg-critical Jaccard vs oracle |
|---|---|---|---|
| attention (Signal #1) | 0.667 | -0.046 | n/a |
| **TAPE (Signal #3)** | n/a | n/a | **0.848** |
| random baseline | 0.050 | 0.000 | n/a |

_TAPE makespan abs-error vs oracle: 56.139. A faithful signal that also tops the optimisation table is the unified Req 2+3 claim._


wrote experiments/fused_tape_guided/tape_bench_n20_sh4.* (total 827s)
