instance=toy:20 N=20 coupled=True | mp P=100x4, GAT/BRKGA pop=400 | gens=40 | matched evals/gen=400
training core + fused TAPE head ...
  fused R2_makespan=0.8617 R2_energy=1.0000
  E-HGATv2-TAPE: done 1 seeds
  E-HGATv2-attn: done 1 seeds
  NSGA-II (random): done 1 seeds
  mp-BRKGA: done 1 seeds
  single-pop BRKGA: done 1 seeds
reference: non-dominated union of high-budget mp-BRKGA + BRKGA + TAPE @ 50 gens and all evaluated fronts | 106 pts | HV*=1579922.7

# Faithful-guidance study -- toy:20 (N=20, coupled)

_1 seeds, 40 gens, matched exact-eval budget (mp 100x4 = GAT/BRKGA 400/gen). Reference: non-dominated union of high-budget mp-BRKGA + BRKGA + TAPE @ 50 gens and all evaluated fronts. Cells = mean (95% CI)._

## Optimisation (Req 3)

| Method | HV / HV* | GD+ | IGD+ | Spread | true evals |
|---|---|---|---|---|---|
| E-HGATv2-TAPE | 0.8685 ± 0.0000 | 55.2675 ± 0.0000 | 62.5786 ± 0.0000 | 1.0000 ± 0.0000 | 16400 |
| E-HGATv2-attn | 0.8255 ± 0.0000 | 67.7595 ± 0.0000 | 75.3192 ± 0.0000 | 1.0926 ± 0.0000 | 16400 |
| NSGA-II (random) | 0.3816 ± 0.0000 | 304.1646 ± 0.0000 | 567.2651 ± 0.0000 | 0.8340 ± 0.0000 | 16400 |
| mp-BRKGA | 0.6516 ± 0.0000 | 305.4987 ± 0.0000 | 172.2295 ± 0.0000 | 1.1252 ± 0.0000 | 16400 |
| single-pop BRKGA | 0.3341 ± 0.0000 | 298.4915 ± 0.0000 | 509.6162 ± 0.0000 | 0.7379 ± 0.0000 | 16400 |

## Guidance-signal faithfulness (Req 2)

| Signal | precision@1 | Spearman rho | leg-critical Jaccard vs oracle |
|---|---|---|---|
| attention (Signal #1) | 0.667 | -0.046 | n/a |
| **TAPE (Signal #3)** | n/a | n/a | **0.848** |
| random baseline | 0.050 | 0.000 | n/a |

_TAPE makespan abs-error vs oracle: 56.139. A faithful signal that also tops the optimisation table is the unified Req 2+3 claim._


wrote experiments/fused_tape_guided/tape_bench_n20_sh11.* (total 811s)
