instance=toy:40 N=40 coupled=True | mp P=200x4, GAT/BRKGA pop=800 | gens=40 | matched evals/gen=800
training core + fused TAPE head ...
  fused R2_makespan=0.8497 R2_energy=1.0000
  E-HGATv2-TAPE: done 1 seeds
  E-HGATv2-attn: done 1 seeds
  NSGA-II (random): done 1 seeds
  mp-BRKGA: done 1 seeds
  single-pop BRKGA: done 1 seeds
reference: non-dominated union of high-budget mp-BRKGA + BRKGA + TAPE @ 50 gens and all evaluated fronts | 65 pts | HV*=12630226.2

# Faithful-guidance study -- toy:40 (N=40, coupled)

_1 seeds, 40 gens, matched exact-eval budget (mp 200x4 = GAT/BRKGA 800/gen). Reference: non-dominated union of high-budget mp-BRKGA + BRKGA + TAPE @ 50 gens and all evaluated fronts. Cells = mean (95% CI)._

## Optimisation (Req 3)

| Method | HV / HV* | GD+ | IGD+ | Spread | true evals |
|---|---|---|---|---|---|
| E-HGATv2-TAPE | 0.9581 ± 0.0000 | 49.8648 ± 0.0000 | 80.9742 ± 0.0000 | 0.9624 ± 0.0000 | 32800 |
| E-HGATv2-attn | 0.9123 ± 0.0000 | 7.5476 ± 0.0000 | 265.0400 ± 0.0000 | 1.1057 ± 0.0000 | 32800 |
| NSGA-II (random) | 0.4381 ± 0.0000 | 656.0376 ± 0.0000 | 2196.4874 ± 0.0000 | 0.8562 ± 0.0000 | 32800 |
| mp-BRKGA | 0.7612 ± 0.0000 | 369.1184 ± 0.0000 | 382.5328 ± 0.0000 | 1.0119 ± 0.0000 | 32800 |
| single-pop BRKGA | 0.5784 ± 0.0000 | 425.7414 ± 0.0000 | 1375.6052 ± 0.0000 | 0.7066 ± 0.0000 | 32800 |

## Guidance-signal faithfulness (Req 2)

| Signal | precision@1 | Spearman rho | leg-critical Jaccard vs oracle |
|---|---|---|---|
| attention (Signal #1) | 0.633 | -0.003 | n/a |
| **TAPE (Signal #3)** | n/a | n/a | **0.902** |
| random baseline | 0.025 | 0.000 | n/a |

_TAPE makespan abs-error vs oracle: 75.981. A faithful signal that also tops the optimisation table is the unified Req 2+3 claim._


wrote experiments/fused_tape_guided/tape_bench_n40_sh11.* (total 2258s)
