instance=toy:80 N=80 coupled=True | mp P=400x4, GAT/BRKGA pop=1600 | gens=40 | matched evals/gen=1600
training core + fused TAPE head ...
  fused R2_makespan=0.8259 R2_energy=1.0000
  E-HGATv2-TAPE: done 1 seeds
  E-HGATv2-attn: done 1 seeds
  NSGA-II (random): done 1 seeds
  mp-BRKGA: done 1 seeds
  single-pop BRKGA: done 1 seeds
reference: non-dominated union of high-budget mp-BRKGA + BRKGA + TAPE @ 50 gens and all evaluated fronts | 52 pts | HV*=34104417.0

# Faithful-guidance study -- toy:80 (N=80, coupled)

_1 seeds, 40 gens, matched exact-eval budget (mp 400x4 = GAT/BRKGA 1600/gen). Reference: non-dominated union of high-budget mp-BRKGA + BRKGA + TAPE @ 50 gens and all evaluated fronts. Cells = mean (95% CI)._

## Optimisation (Req 3)

| Method | HV / HV* | GD+ | IGD+ | Spread | true evals |
|---|---|---|---|---|---|
| E-HGATv2-TAPE | 0.8552 ± 0.0000 | 140.2669 ± 0.0000 | 899.6886 ± 0.0000 | 0.9171 ± 0.0000 | 65600 |
| E-HGATv2-attn | 0.8909 ± 0.0000 | 131.4572 ± 0.0000 | 401.8386 ± 0.0000 | 0.9009 ± 0.0000 | 65600 |
| NSGA-II (random) | 0.4123 ± 0.0000 | 1049.3974 ± 0.0000 | 3756.5314 ± 0.0000 | 0.8690 ± 0.0000 | 65600 |
| mp-BRKGA | 0.4810 ± 0.0000 | 1093.0677 ± 0.0000 | 1582.1629 ± 0.0000 | 0.8415 ± 0.0000 | 65600 |
| single-pop BRKGA | 0.3652 ± 0.0000 | 1122.7167 ± 0.0000 | 4040.6077 ± 0.0000 | 0.8665 ± 0.0000 | 65600 |

## Guidance-signal faithfulness (Req 2)

| Signal | precision@1 | Spearman rho | leg-critical Jaccard vs oracle |
|---|---|---|---|
| attention (Signal #1) | 0.600 | 0.005 | n/a |
| **TAPE (Signal #3)** | n/a | n/a | **0.925** |
| random baseline | 0.013 | 0.000 | n/a |

_TAPE makespan abs-error vs oracle: 127.976. A faithful signal that also tops the optimisation table is the unified Req 2+3 claim._


wrote experiments/fused_tape_guided/tape_bench_n80_sh13.* (total 8048s)
