instance=toy:80 N=80 coupled=True | mp P=400x4, GAT/BRKGA pop=1600 | gens=40 | matched evals/gen=1600
training core + fused TAPE head ...
  fused R2_makespan=0.8259 R2_energy=1.0000
  E-HGATv2-TAPE: done 1 seeds
  E-HGATv2-attn: done 1 seeds
  NSGA-II (random): done 1 seeds
  mp-BRKGA: done 1 seeds
  single-pop BRKGA: done 1 seeds
reference: non-dominated union of high-budget mp-BRKGA + BRKGA + TAPE @ 50 gens and all evaluated fronts | 46 pts | HV*=33714120.6

# Faithful-guidance study -- toy:80 (N=80, coupled)

_1 seeds, 40 gens, matched exact-eval budget (mp 400x4 = GAT/BRKGA 1600/gen). Reference: non-dominated union of high-budget mp-BRKGA + BRKGA + TAPE @ 50 gens and all evaluated fronts. Cells = mean (95% CI)._

## Optimisation (Req 3)

| Method | HV / HV* | GD+ | IGD+ | Spread | true evals |
|---|---|---|---|---|---|
| E-HGATv2-TAPE | 0.7949 ± 0.0000 | 437.1604 ± 0.0000 | 1039.2642 ± 0.0000 | 0.9252 ± 0.0000 | 65600 |
| E-HGATv2-attn | 0.7865 ± 0.0000 | 279.9822 ± 0.0000 | 1053.4151 ± 0.0000 | 0.8963 ± 0.0000 | 65600 |
| NSGA-II (random) | 0.3716 ± 0.0000 | 1162.7361 ± 0.0000 | 3842.1293 ± 0.0000 | 0.7754 ± 0.0000 | 65600 |
| mp-BRKGA | 0.4395 ± 0.0000 | 913.5618 ± 0.0000 | 2181.6109 ± 0.0000 | 0.8837 ± 0.0000 | 65600 |
| single-pop BRKGA | 0.3734 ± 0.0000 | 1037.7743 ± 0.0000 | 3673.6154 ± 0.0000 | 0.8134 ± 0.0000 | 65600 |

## Guidance-signal faithfulness (Req 2)

| Signal | precision@1 | Spearman rho | leg-critical Jaccard vs oracle |
|---|---|---|---|
| attention (Signal #1) | 0.600 | 0.005 | n/a |
| **TAPE (Signal #3)** | n/a | n/a | **0.925** |
| random baseline | 0.013 | 0.000 | n/a |

_TAPE makespan abs-error vs oracle: 127.976. A faithful signal that also tops the optimisation table is the unified Req 2+3 claim._


wrote experiments/fused_tape_guided/tape_bench_n80_sh7.* (total 8057s)
