instance=toy:20 N=20 coupled=False | mp P=100x4, GAT/BRKGA pop=400 | gens=40 | matched evals/gen=400
training core + fused TAPE head ...
  fused R2_makespan=0.9888 R2_energy=1.0000
  E-HGATv2-TAPE: done 1 seeds
  E-HGATv2-attn: done 1 seeds
  NSGA-II (random): done 1 seeds
  mp-BRKGA: done 1 seeds
  single-pop BRKGA: done 1 seeds
reference: non-dominated union of high-budget mp-BRKGA + BRKGA + TAPE @ 15 gens and all evaluated fronts | 95 pts | HV*=6433648.2

# Faithful-guidance study -- toy:20 (N=20, uncoupled)

_1 seeds, 40 gens, matched exact-eval budget (mp 100x4 = GAT/BRKGA 400/gen). Reference: non-dominated union of high-budget mp-BRKGA + BRKGA + TAPE @ 15 gens and all evaluated fronts. Cells = mean (95% CI)._

## Optimisation (Req 3)

| Method | HV / HV* | GD+ | IGD+ | Spread | true evals |
|---|---|---|---|---|---|
| E-HGATv2-TAPE | 0.9937 ± 0.0000 | 5.5314 ± 0.0000 | 19.7047 ± 0.0000 | 0.9042 ± 0.0000 | 16400 |
| E-HGATv2-attn | 0.9181 ± 0.0000 | 246.1685 ± 0.0000 | 132.1837 ± 0.0000 | 0.9360 ± 0.0000 | 16400 |
| NSGA-II (random) | 0.9213 ± 0.0000 | 130.3051 ± 0.0000 | 107.9657 ± 0.0000 | 0.8288 ± 0.0000 | 16400 |
| mp-BRKGA | 0.8299 ± 0.0000 | 986.6261 ± 0.0000 | 226.5005 ± 0.0000 | 1.0131 ± 0.0000 | 16400 |
| single-pop BRKGA | 0.8185 ± 0.0000 | 290.4920 ± 0.0000 | 255.5145 ± 0.0000 | 0.8218 ± 0.0000 | 16400 |

## Guidance-signal faithfulness (Req 2)

| Signal | precision@1 | Spearman rho | leg-critical Jaccard vs oracle |
|---|---|---|---|
| attention (Signal #1) | 0.667 | -0.003 | n/a |
| **TAPE (Signal #3)** | n/a | n/a | **0.952** |
| random baseline | 0.050 | 0.000 | n/a |

_TAPE makespan abs-error vs oracle: 14.634. A faithful signal that also tops the optimisation table is the unified Req 2+3 claim._


wrote experiments/fused_tape_guided/tape_bench_n20_sh6.* (total 986s)
