instance=toy:20 N=20 coupled=False | mp P=100x4, GAT/BRKGA pop=400 | gens=40 | matched evals/gen=400
training core + fused TAPE head ...
  fused R2_makespan=0.9888 R2_energy=1.0000
  E-HGATv2-TAPE: done 1 seeds
  E-HGATv2-attn: done 1 seeds
  NSGA-II (random): done 1 seeds
  mp-BRKGA: done 1 seeds
  single-pop BRKGA: done 1 seeds
reference: non-dominated union of high-budget mp-BRKGA + BRKGA + TAPE @ 15 gens and all evaluated fronts | 74 pts | HV*=2423226.2

# Faithful-guidance study -- toy:20 (N=20, uncoupled)

_1 seeds, 40 gens, matched exact-eval budget (mp 100x4 = GAT/BRKGA 400/gen). Reference: non-dominated union of high-budget mp-BRKGA + BRKGA + TAPE @ 15 gens and all evaluated fronts. Cells = mean (95% CI)._

## Optimisation (Req 3)

| Method | HV / HV* | GD+ | IGD+ | Spread | true evals |
|---|---|---|---|---|---|
| E-HGATv2-TAPE | 0.9899 ± 0.0000 | 0.9782 ± 0.0000 | 10.2463 ± 0.0000 | 0.7757 ± 0.0000 | 16400 |
| E-HGATv2-attn | 0.7539 ± 0.0000 | 281.4266 ± 0.0000 | 196.2720 ± 0.0000 | 1.1464 ± 0.0000 | 16400 |
| NSGA-II (random) | 0.6443 ± 0.0000 | 392.3056 ± 0.0000 | 250.3156 ± 0.0000 | 0.8365 ± 0.0000 | 16400 |
| mp-BRKGA | 0.7516 ± 0.0000 | 278.1813 ± 0.0000 | 117.5966 ± 0.0000 | 1.0637 ± 0.0000 | 16400 |
| single-pop BRKGA | 0.6690 ± 0.0000 | 199.1246 ± 0.0000 | 247.0397 ± 0.0000 | 0.9177 ± 0.0000 | 16400 |

## Guidance-signal faithfulness (Req 2)

| Signal | precision@1 | Spearman rho | leg-critical Jaccard vs oracle |
|---|---|---|---|
| attention (Signal #1) | 0.667 | -0.003 | n/a |
| **TAPE (Signal #3)** | n/a | n/a | **0.952** |
| random baseline | 0.050 | 0.000 | n/a |

_TAPE makespan abs-error vs oracle: 14.634. A faithful signal that also tops the optimisation table is the unified Req 2+3 claim._


wrote experiments/fused_tape_guided/tape_bench_n20_sh2.* (total 1045s)
