instance=toy:40 N=40 coupled=False | mp P=200x4, GAT/BRKGA pop=800 | gens=40 | matched evals/gen=800
training core + fused TAPE head ...
  fused R2_makespan=0.9869 R2_energy=1.0000
  E-HGATv2-TAPE: done 1 seeds
  E-HGATv2-attn: done 1 seeds
  NSGA-II (random): done 1 seeds
  mp-BRKGA: done 1 seeds
  single-pop BRKGA: done 1 seeds
reference: non-dominated union of high-budget mp-BRKGA + BRKGA + TAPE @ 15 gens and all evaluated fronts | 33 pts | HV*=18632335.2

# Faithful-guidance study -- toy:40 (N=40, uncoupled)

_1 seeds, 40 gens, matched exact-eval budget (mp 200x4 = GAT/BRKGA 800/gen). Reference: non-dominated union of high-budget mp-BRKGA + BRKGA + TAPE @ 15 gens and all evaluated fronts. Cells = mean (95% CI)._

## Optimisation (Req 3)

| Method | HV / HV* | GD+ | IGD+ | Spread | true evals |
|---|---|---|---|---|---|
| E-HGATv2-TAPE | 0.8349 ± 0.0000 | 97.6299 ± 0.0000 | 701.5079 ± 0.0000 | 0.9533 ± 0.0000 | 32800 |
| E-HGATv2-attn | 0.7937 ± 0.0000 | 169.1267 ± 0.0000 | 879.0077 ± 0.0000 | 0.7667 ± 0.0000 | 32800 |
| NSGA-II (random) | 0.6286 ± 0.0000 | 472.2056 ± 0.0000 | 1449.3262 ± 0.0000 | 0.8677 ± 0.0000 | 32800 |
| mp-BRKGA | 0.9294 ± 0.0000 | 55.8711 ± 0.0000 | 90.5673 ± 0.0000 | 0.7984 ± 0.0000 | 32800 |
| single-pop BRKGA | 0.5725 ± 0.0000 | 539.0554 ± 0.0000 | 1663.6602 ± 0.0000 | 0.9206 ± 0.0000 | 32800 |

## Guidance-signal faithfulness (Req 2)

| Signal | precision@1 | Spearman rho | leg-critical Jaccard vs oracle |
|---|---|---|---|
| attention (Signal #1) | 0.667 | -0.065 | n/a |
| **TAPE (Signal #3)** | n/a | n/a | **0.978** |
| random baseline | 0.025 | 0.000 | n/a |

_TAPE makespan abs-error vs oracle: 26.691. A faithful signal that also tops the optimisation table is the unified Req 2+3 claim._


wrote experiments/fused_tape_guided/tape_bench_n40_sh3.* (total 3119s)
