instance=toy:40 N=40 coupled=False | mp P=200x4, GAT/BRKGA pop=800 | gens=40 | matched evals/gen=800
training core + fused TAPE head ...
  fused R2_makespan=0.9869 R2_energy=1.0000
  E-HGATv2-TAPE: done 1 seeds
  E-HGATv2-attn: done 1 seeds
  NSGA-II (random): done 1 seeds
  mp-BRKGA: done 1 seeds
  single-pop BRKGA: done 1 seeds
reference: non-dominated union of high-budget mp-BRKGA + BRKGA + TAPE @ 15 gens and all evaluated fronts | 43 pts | HV*=17134408.6

# Faithful-guidance study -- toy:40 (N=40, uncoupled)

_1 seeds, 40 gens, matched exact-eval budget (mp 200x4 = GAT/BRKGA 800/gen). Reference: non-dominated union of high-budget mp-BRKGA + BRKGA + TAPE @ 15 gens and all evaluated fronts. Cells = mean (95% CI)._

## Optimisation (Req 3)

| Method | HV / HV* | GD+ | IGD+ | Spread | true evals |
|---|---|---|---|---|---|
| E-HGATv2-TAPE | 0.8399 ± 0.0000 | 82.7807 ± 0.0000 | 483.8112 ± 0.0000 | 0.9882 ± 0.0000 | 32800 |
| E-HGATv2-attn | 0.7449 ± 0.0000 | 207.2568 ± 0.0000 | 850.0635 ± 0.0000 | 0.8978 ± 0.0000 | 32800 |
| NSGA-II (random) | 0.6138 ± 0.0000 | 359.7510 ± 0.0000 | 1424.3494 ± 0.0000 | 0.9240 ± 0.0000 | 32800 |
| mp-BRKGA | 0.9780 ± 0.0000 | 0.0000 ± 0.0000 | 33.2804 ± 0.0000 | 0.9467 ± 0.0000 | 32800 |
| single-pop BRKGA | 0.6163 ± 0.0000 | 402.7362 ± 0.0000 | 1248.4855 ± 0.0000 | 0.9157 ± 0.0000 | 32800 |

## Guidance-signal faithfulness (Req 2)

| Signal | precision@1 | Spearman rho | leg-critical Jaccard vs oracle |
|---|---|---|---|
| attention (Signal #1) | 0.667 | -0.065 | n/a |
| **TAPE (Signal #3)** | n/a | n/a | **0.978** |
| random baseline | 0.025 | 0.000 | n/a |

_TAPE makespan abs-error vs oracle: 26.691. A faithful signal that also tops the optimisation table is the unified Req 2+3 claim._


wrote experiments/fused_tape_guided/tape_bench_n40_sh0.* (total 3396s)
