instance=toy:80 N=80 coupled=False | mp P=400x4, GAT/BRKGA pop=1600 | gens=40 | matched evals/gen=1600
training core + fused TAPE head ...
  fused R2_makespan=0.9818 R2_energy=1.0000
  E-HGATv2-TAPE: done 1 seeds
  E-HGATv2-attn: done 1 seeds
  NSGA-II (random): done 1 seeds
  mp-BRKGA: done 1 seeds
  single-pop BRKGA: done 1 seeds
reference: non-dominated union of high-budget mp-BRKGA + BRKGA + TAPE @ 15 gens and all evaluated fronts | 43 pts | HV*=22526929.7

# Faithful-guidance study -- toy:80 (N=80, uncoupled)

_1 seeds, 40 gens, matched exact-eval budget (mp 400x4 = GAT/BRKGA 1600/gen). Reference: non-dominated union of high-budget mp-BRKGA + BRKGA + TAPE @ 15 gens and all evaluated fronts. Cells = mean (95% CI)._

## Optimisation (Req 3)

| Method | HV / HV* | GD+ | IGD+ | Spread | true evals |
|---|---|---|---|---|---|
| E-HGATv2-TAPE | 0.7638 ± 0.0000 | 61.2858 ± 0.0000 | 858.2089 ± 0.0000 | 0.8974 ± 0.0000 | 65600 |
| E-HGATv2-attn | 0.6229 ± 0.0000 | 615.2110 ± 0.0000 | 1048.6386 ± 0.0000 | 0.8739 ± 0.0000 | 65600 |
| NSGA-II (random) | 0.4391 ± 0.0000 | 1259.0211 ± 0.0000 | 1974.1215 ± 0.0000 | 0.9869 ± 0.0000 | 65600 |
| mp-BRKGA | 0.7947 ± 0.0000 | 1227.5083 ± 0.0000 | 338.4089 ± 0.0000 | 0.9074 ± 0.0000 | 65600 |
| single-pop BRKGA | 0.3151 ± 0.0000 | 1254.7572 ± 0.0000 | 2652.7774 ± 0.0000 | 0.8395 ± 0.0000 | 65600 |

## Guidance-signal faithfulness (Req 2)

| Signal | precision@1 | Spearman rho | leg-critical Jaccard vs oracle |
|---|---|---|---|
| attention (Signal #1) | 0.567 | -0.020 | n/a |
| **TAPE (Signal #3)** | n/a | n/a | **0.974** |
| random baseline | 0.013 | 0.000 | n/a |

_TAPE makespan abs-error vs oracle: 40.417. A faithful signal that also tops the optimisation table is the unified Req 2+3 claim._


wrote experiments/fused_tape_guided/tape_bench_n80_sh1.* (total 12129s)
