instance=toy:10 N=10 coupled=False | mp P=50x4, GAT/BRKGA pop=200 | gens=40 | matched evals/gen=200
training core + fused TAPE head ...
  fused R2_makespan=0.9895 R2_energy=1.0000
  E-HGATv2-TAPE: done 1 seeds
  E-HGATv2-attn: done 1 seeds
  NSGA-II (random): done 1 seeds
  mp-BRKGA: done 1 seeds
  single-pop BRKGA: done 1 seeds
reference: non-dominated union of high-budget mp-BRKGA + BRKGA + TAPE @ 50 gens and all evaluated fronts | 170 pts | HV*=1024745.3

# Faithful-guidance study -- toy:10 (N=10, uncoupled)

_1 seeds, 40 gens, matched exact-eval budget (mp 50x4 = GAT/BRKGA 200/gen). Reference: non-dominated union of high-budget mp-BRKGA + BRKGA + TAPE @ 50 gens and all evaluated fronts. Cells = mean (95% CI)._

## Optimisation (Req 3)

| Method | HV / HV* | GD+ | IGD+ | Spread | true evals |
|---|---|---|---|---|---|
| E-HGATv2-TAPE | 0.9141 ± 0.0000 | 50.0749 ± 0.0000 | 57.6283 ± 0.0000 | 0.8236 ± 0.0000 | 8200 |
| E-HGATv2-attn | 0.9648 ± 0.0000 | 7.2655 ± 0.0000 | 20.0314 ± 0.0000 | 0.9257 ± 0.0000 | 8200 |
| NSGA-II (random) | 0.7260 ± 0.0000 | 403.9445 ± 0.0000 | 189.4466 ± 0.0000 | 0.9687 ± 0.0000 | 8200 |
| mp-BRKGA | 0.8611 ± 0.0000 | 83.5342 ± 0.0000 | 57.8403 ± 0.0000 | 0.8853 ± 0.0000 | 8200 |
| single-pop BRKGA | 0.8307 ± 0.0000 | 80.9909 ± 0.0000 | 86.6890 ± 0.0000 | 0.8791 ± 0.0000 | 8200 |

## Guidance-signal faithfulness (Req 2)

| Signal | precision@1 | Spearman rho | leg-critical Jaccard vs oracle |
|---|---|---|---|
| attention (Signal #1) | 0.700 | 0.088 | n/a |
| **TAPE (Signal #3)** | n/a | n/a | **0.975** |
| random baseline | 0.100 | 0.000 | n/a |

_TAPE makespan abs-error vs oracle: 10.516. A faithful signal that also tops the optimisation table is the unified Req 2+3 claim._


wrote experiments/fused_tape_guided/tape_bench_n10_sh19.* (total 313s)
