instance=toy:10 N=10 coupled=False | mp P=50x4, GAT/BRKGA pop=200 | gens=40 | matched evals/gen=200
training core + fused TAPE head ...
  fused R2_makespan=0.9895 R2_energy=1.0000
  E-HGATv2-TAPE: done 1 seeds
  E-HGATv2-attn: done 1 seeds
  NSGA-II (random): done 1 seeds
  mp-BRKGA: done 1 seeds
  single-pop BRKGA: done 1 seeds
reference: non-dominated union of high-budget mp-BRKGA + BRKGA + TAPE @ 50 gens and all evaluated fronts | 159 pts | HV*=976910.7

# Faithful-guidance study -- toy:10 (N=10, uncoupled)

_1 seeds, 40 gens, matched exact-eval budget (mp 50x4 = GAT/BRKGA 200/gen). Reference: non-dominated union of high-budget mp-BRKGA + BRKGA + TAPE @ 50 gens and all evaluated fronts. Cells = mean (95% CI)._

## Optimisation (Req 3)

| Method | HV / HV* | GD+ | IGD+ | Spread | true evals |
|---|---|---|---|---|---|
| E-HGATv2-TAPE | 0.9223 ± 0.0000 | 141.5368 ± 0.0000 | 30.3802 ± 0.0000 | 0.9973 ± 0.0000 | 8200 |
| E-HGATv2-attn | 0.9702 ± 0.0000 | 6.7642 ± 0.0000 | 12.9156 ± 0.0000 | 0.7913 ± 0.0000 | 8200 |
| NSGA-II (random) | 0.8450 ± 0.0000 | 174.3621 ± 0.0000 | 58.8213 ± 0.0000 | 0.9269 ± 0.0000 | 8200 |
| mp-BRKGA | 0.7321 ± 0.0000 | 343.5014 ± 0.0000 | 132.8792 ± 0.0000 | 0.7954 ± 0.0000 | 8200 |
| single-pop BRKGA | 0.6705 ± 0.0000 | 123.7457 ± 0.0000 | 210.4984 ± 0.0000 | 0.9680 ± 0.0000 | 8200 |

## Guidance-signal faithfulness (Req 2)

| Signal | precision@1 | Spearman rho | leg-critical Jaccard vs oracle |
|---|---|---|---|
| attention (Signal #1) | 0.700 | 0.088 | n/a |
| **TAPE (Signal #3)** | n/a | n/a | **0.975** |
| random baseline | 0.100 | 0.000 | n/a |

_TAPE makespan abs-error vs oracle: 10.516. A faithful signal that also tops the optimisation table is the unified Req 2+3 claim._


wrote experiments/fused_tape_guided/tape_bench_n10_sh16.* (total 322s)
