instance=toy:10 N=10 coupled=False | mp P=50x4, GAT/BRKGA pop=200 | gens=40 | matched evals/gen=200
training core + fused TAPE head ...
  fused R2_makespan=0.9895 R2_energy=1.0000
  E-HGATv2-TAPE: done 1 seeds
  E-HGATv2-attn: done 1 seeds
  NSGA-II (random): done 1 seeds
  mp-BRKGA: done 1 seeds
  single-pop BRKGA: done 1 seeds
reference: non-dominated union of high-budget mp-BRKGA + BRKGA + TAPE @ 50 gens and all evaluated fronts | 187 pts | HV*=1952314.5

# Faithful-guidance study -- toy:10 (N=10, uncoupled)

_1 seeds, 40 gens, matched exact-eval budget (mp 50x4 = GAT/BRKGA 200/gen). Reference: non-dominated union of high-budget mp-BRKGA + BRKGA + TAPE @ 50 gens and all evaluated fronts. Cells = mean (95% CI)._

## Optimisation (Req 3)

| Method | HV / HV* | GD+ | IGD+ | Spread | true evals |
|---|---|---|---|---|---|
| E-HGATv2-TAPE | 0.9772 ± 0.0000 | 14.2176 ± 0.0000 | 15.9925 ± 0.0000 | 1.0110 ± 0.0000 | 8200 |
| E-HGATv2-attn | 0.9581 ± 0.0000 | 15.1635 ± 0.0000 | 27.0804 ± 0.0000 | 0.8869 ± 0.0000 | 8200 |
| NSGA-II (random) | 0.7969 ± 0.0000 | 115.2294 ± 0.0000 | 240.0422 ± 0.0000 | 0.9170 ± 0.0000 | 8200 |
| mp-BRKGA | 0.8205 ± 0.0000 | 65.8786 ± 0.0000 | 215.5722 ± 0.0000 | 1.1095 ± 0.0000 | 8200 |
| single-pop BRKGA | 0.7947 ± 0.0000 | 64.6365 ± 0.0000 | 225.8216 ± 0.0000 | 0.7662 ± 0.0000 | 8200 |

## Guidance-signal faithfulness (Req 2)

| Signal | precision@1 | Spearman rho | leg-critical Jaccard vs oracle |
|---|---|---|---|
| attention (Signal #1) | 0.700 | 0.088 | n/a |
| **TAPE (Signal #3)** | n/a | n/a | **0.975** |
| random baseline | 0.100 | 0.000 | n/a |

_TAPE makespan abs-error vs oracle: 10.516. A faithful signal that also tops the optimisation table is the unified Req 2+3 claim._


wrote experiments/fused_tape_guided/tape_bench_n10_sh8.* (total 343s)
