instance=toy:20 N=20 coupled=False | mp P=100x4, GAT/BRKGA pop=400 | gens=40 | matched evals/gen=400
training core + fused TAPE head ...
  fused R2_makespan=0.9888 R2_energy=1.0000
  E-HGATv2-TAPE: done 1 seeds
  E-HGATv2-attn: done 1 seeds
  NSGA-II (random): done 1 seeds
  mp-BRKGA: done 1 seeds
  single-pop BRKGA: done 1 seeds
reference: non-dominated union of high-budget mp-BRKGA + BRKGA + TAPE @ 50 gens and all evaluated fronts | 149 pts | HV*=3273697.4

# Faithful-guidance study -- toy:20 (N=20, uncoupled)

_1 seeds, 40 gens, matched exact-eval budget (mp 100x4 = GAT/BRKGA 400/gen). Reference: non-dominated union of high-budget mp-BRKGA + BRKGA + TAPE @ 50 gens and all evaluated fronts. Cells = mean (95% CI)._

## Optimisation (Req 3)

| Method | HV / HV* | GD+ | IGD+ | Spread | true evals |
|---|---|---|---|---|---|
| E-HGATv2-TAPE | 0.8614 ± 0.0000 | 94.4695 ± 0.0000 | 137.5446 ± 0.0000 | 0.8482 ± 0.0000 | 16400 |
| E-HGATv2-attn | 0.8034 ± 0.0000 | 125.2338 ± 0.0000 | 178.7920 ± 0.0000 | 0.9146 ± 0.0000 | 16400 |
| NSGA-II (random) | 0.6617 ± 0.0000 | 271.2865 ± 0.0000 | 323.5799 ± 0.0000 | 0.7847 ± 0.0000 | 16400 |
| mp-BRKGA | 0.7291 ± 0.0000 | 235.9451 ± 0.0000 | 249.0059 ± 0.0000 | 0.9736 ± 0.0000 | 16400 |
| single-pop BRKGA | 0.7541 ± 0.0000 | 173.0025 ± 0.0000 | 235.7553 ± 0.0000 | 0.7166 ± 0.0000 | 16400 |

## Guidance-signal faithfulness (Req 2)

| Signal | precision@1 | Spearman rho | leg-critical Jaccard vs oracle |
|---|---|---|---|
| attention (Signal #1) | 0.667 | -0.003 | n/a |
| **TAPE (Signal #3)** | n/a | n/a | **0.952** |
| random baseline | 0.050 | 0.000 | n/a |

_TAPE makespan abs-error vs oracle: 14.634. A faithful signal that also tops the optimisation table is the unified Req 2+3 claim._


wrote experiments/fused_tape_guided/tape_bench_n20_sh18.* (total 767s)
