instance=toy:40 N=40 coupled=False | mp P=200x4, GAT/BRKGA pop=800 | gens=40 | matched evals/gen=800
training core + fused TAPE head ...
  fused R2_makespan=0.9869 R2_energy=1.0000
  E-HGATv2-TAPE: done 1 seeds
  E-HGATv2-attn: done 1 seeds
  NSGA-II (random): done 1 seeds
  mp-BRKGA: done 1 seeds
  single-pop BRKGA: done 1 seeds
reference: non-dominated union of high-budget mp-BRKGA + BRKGA + TAPE @ 50 gens and all evaluated fronts | 110 pts | HV*=25458872.9

# Faithful-guidance study -- toy:40 (N=40, uncoupled)

_1 seeds, 40 gens, matched exact-eval budget (mp 200x4 = GAT/BRKGA 800/gen). Reference: non-dominated union of high-budget mp-BRKGA + BRKGA + TAPE @ 50 gens and all evaluated fronts. Cells = mean (95% CI)._

## Optimisation (Req 3)

| Method | HV / HV* | GD+ | IGD+ | Spread | true evals |
|---|---|---|---|---|---|
| E-HGATv2-TAPE | 0.9297 ± 0.0000 | 93.5131 ± 0.0000 | 163.0232 ± 0.0000 | 1.2331 ± 0.0000 | 32800 |
| E-HGATv2-attn | 0.8901 ± 0.0000 | 206.3521 ± 0.0000 | 311.9415 ± 0.0000 | 0.9108 ± 0.0000 | 32800 |
| NSGA-II (random) | 0.6598 ± 0.0000 | 463.2659 ± 0.0000 | 1474.9301 ± 0.0000 | 0.8616 ± 0.0000 | 32800 |
| mp-BRKGA | 0.8349 ± 0.0000 | 254.7450 ± 0.0000 | 445.1165 ± 0.0000 | 0.8154 ± 0.0000 | 32800 |
| single-pop BRKGA | 0.5936 ± 0.0000 | 833.2234 ± 0.0000 | 1855.0818 ± 0.0000 | 0.7857 ± 0.0000 | 32800 |

## Guidance-signal faithfulness (Req 2)

| Signal | precision@1 | Spearman rho | leg-critical Jaccard vs oracle |
|---|---|---|---|
| attention (Signal #1) | 0.667 | -0.065 | n/a |
| **TAPE (Signal #3)** | n/a | n/a | **0.978** |
| random baseline | 0.025 | 0.000 | n/a |

_TAPE makespan abs-error vs oracle: 26.691. A faithful signal that also tops the optimisation table is the unified Req 2+3 claim._


wrote experiments/fused_tape_guided/tape_bench_n40_sh7.* (total 2130s)
