instance=toy:80 N=80 coupled=False | mp P=400x4, GAT/BRKGA pop=1600 | gens=40 | matched evals/gen=1600
training core + fused TAPE head ...
  fused R2_makespan=0.9818 R2_energy=1.0000
  E-HGATv2-TAPE: done 1 seeds
  E-HGATv2-attn: done 1 seeds
  NSGA-II (random): done 1 seeds
  mp-BRKGA: done 1 seeds
  single-pop BRKGA: done 1 seeds
reference: non-dominated union of high-budget mp-BRKGA + BRKGA + TAPE @ 50 gens and all evaluated fronts | 65 pts | HV*=19594611.4

# Faithful-guidance study -- toy:80 (N=80, uncoupled)

_1 seeds, 40 gens, matched exact-eval budget (mp 400x4 = GAT/BRKGA 1600/gen). Reference: non-dominated union of high-budget mp-BRKGA + BRKGA + TAPE @ 50 gens and all evaluated fronts. Cells = mean (95% CI)._

## Optimisation (Req 3)

| Method | HV / HV* | GD+ | IGD+ | Spread | true evals |
|---|---|---|---|---|---|
| E-HGATv2-TAPE | 0.6378 ± 0.0000 | 566.0115 ± 0.0000 | 1080.5017 ± 0.0000 | 0.9292 ± 0.0000 | 65600 |
| E-HGATv2-attn | 0.5895 ± 0.0000 | 779.3088 ± 0.0000 | 998.3106 ± 0.0000 | 0.9490 ± 0.0000 | 65600 |
| NSGA-II (random) | 0.1094 ± 0.0000 | 2748.4416 ± 0.0000 | 4340.0995 ± 0.0000 | 0.9899 ± 0.0000 | 65600 |
| mp-BRKGA | 0.5583 ± 0.0000 | 3797.9913 ± 0.0000 | 859.1939 ± 0.0000 | 0.9271 ± 0.0000 | 65600 |
| single-pop BRKGA | 0.0381 ± 0.0000 | 3500.2673 ± 0.0000 | 5323.2460 ± 0.0000 | 0.8775 ± 0.0000 | 65600 |

## Guidance-signal faithfulness (Req 2)

| Signal | precision@1 | Spearman rho | leg-critical Jaccard vs oracle |
|---|---|---|---|
| attention (Signal #1) | 0.567 | -0.020 | n/a |
| **TAPE (Signal #3)** | n/a | n/a | **0.974** |
| random baseline | 0.013 | 0.000 | n/a |

_TAPE makespan abs-error vs oracle: 40.417. A faithful signal that also tops the optimisation table is the unified Req 2+3 claim._


wrote experiments/fused_tape_guided/tape_bench_n80_sh1.* (total 6856s)
