instance=toy:80 N=80 coupled=False | mp P=400x4, GAT/BRKGA pop=1600 | gens=40 | matched evals/gen=1600
training core + fused TAPE head ...
  fused R2_makespan=0.9818 R2_energy=1.0000
  E-HGATv2-TAPE: done 1 seeds
  E-HGATv2-attn: done 1 seeds
  NSGA-II (random): done 1 seeds
  mp-BRKGA: done 1 seeds
  single-pop BRKGA: done 1 seeds
reference: non-dominated union of high-budget mp-BRKGA + BRKGA + TAPE @ 50 gens and all evaluated fronts | 64 pts | HV*=19591936.8

# Faithful-guidance study -- toy:80 (N=80, uncoupled)

_1 seeds, 40 gens, matched exact-eval budget (mp 400x4 = GAT/BRKGA 1600/gen). Reference: non-dominated union of high-budget mp-BRKGA + BRKGA + TAPE @ 50 gens and all evaluated fronts. Cells = mean (95% CI)._

## Optimisation (Req 3)

| Method | HV / HV* | GD+ | IGD+ | Spread | true evals |
|---|---|---|---|---|---|
| E-HGATv2-TAPE | 0.4467 ± 0.0000 | 1152.4662 ± 0.0000 | 2023.9891 ± 0.0000 | 0.9705 ± 0.0000 | 65600 |
| E-HGATv2-attn | 0.5214 ± 0.0000 | 1139.1182 ± 0.0000 | 1280.8796 ± 0.0000 | 0.8588 ± 0.0000 | 65600 |
| NSGA-II (random) | 0.2629 ± 0.0000 | 2361.3666 ± 0.0000 | 2732.2782 ± 0.0000 | 0.9350 ± 0.0000 | 65600 |
| mp-BRKGA | 0.2157 ± 0.0000 | 4996.4266 ± 0.0000 | 2314.4359 ± 0.0000 | 0.8682 ± 0.0000 | 65600 |
| single-pop BRKGA | 0.0404 ± 0.0000 | 2484.0427 ± 0.0000 | 5192.5895 ± 0.0000 | 1.0127 ± 0.0000 | 65600 |

## Guidance-signal faithfulness (Req 2)

| Signal | precision@1 | Spearman rho | leg-critical Jaccard vs oracle |
|---|---|---|---|
| attention (Signal #1) | 0.567 | -0.020 | n/a |
| **TAPE (Signal #3)** | n/a | n/a | **0.974** |
| random baseline | 0.013 | 0.000 | n/a |

_TAPE makespan abs-error vs oracle: 40.417. A faithful signal that also tops the optimisation table is the unified Req 2+3 claim._


wrote experiments/fused_tape_guided/tape_bench_n80_sh7.* (total 6872s)
