instance=toy:80 N=80 coupled=False | mp P=400x4, GAT/BRKGA pop=1600 | gens=40 | matched evals/gen=1600
training core + fused TAPE head ...
  fused R2_makespan=0.9818 R2_energy=1.0000
  E-HGATv2-TAPE: done 1 seeds
  E-HGATv2-attn: done 1 seeds
  NSGA-II (random): done 1 seeds
  mp-BRKGA: done 1 seeds
  single-pop BRKGA: done 1 seeds
reference: non-dominated union of high-budget mp-BRKGA + BRKGA + TAPE @ 50 gens and all evaluated fronts | 67 pts | HV*=29956235.9

# Faithful-guidance study -- toy:80 (N=80, uncoupled)

_1 seeds, 40 gens, matched exact-eval budget (mp 400x4 = GAT/BRKGA 1600/gen). Reference: non-dominated union of high-budget mp-BRKGA + BRKGA + TAPE @ 50 gens and all evaluated fronts. Cells = mean (95% CI)._

## Optimisation (Req 3)

| Method | HV / HV* | GD+ | IGD+ | Spread | true evals |
|---|---|---|---|---|---|
| E-HGATv2-TAPE | 0.5347 ± 0.0000 | 1602.9026 ± 0.0000 | 1532.1465 ± 0.0000 | 0.9078 ± 0.0000 | 65600 |
| E-HGATv2-attn | 0.6337 ± 0.0000 | 1999.5566 ± 0.0000 | 1051.7960 ± 0.0000 | 0.9422 ± 0.0000 | 65600 |
| NSGA-II (random) | 0.1672 ± 0.0000 | 2309.6011 ± 0.0000 | 3879.1698 ± 0.0000 | 0.9446 ± 0.0000 | 65600 |
| mp-BRKGA | 0.6897 ± 0.0000 | 3117.6027 ± 0.0000 | 795.3035 ± 0.0000 | 0.8557 ± 0.0000 | 65600 |
| single-pop BRKGA | 0.1330 ± 0.0000 | 3528.7610 ± 0.0000 | 4353.3997 ± 0.0000 | 0.8118 ± 0.0000 | 65600 |

## Guidance-signal faithfulness (Req 2)

| Signal | precision@1 | Spearman rho | leg-critical Jaccard vs oracle |
|---|---|---|---|
| attention (Signal #1) | 0.567 | -0.020 | n/a |
| **TAPE (Signal #3)** | n/a | n/a | **0.974** |
| random baseline | 0.013 | 0.000 | n/a |

_TAPE makespan abs-error vs oracle: 40.417. A faithful signal that also tops the optimisation table is the unified Req 2+3 claim._


wrote experiments/fused_tape_guided/tape_bench_n80_sh11.* (total 6869s)
