instance=toy:80 N=80 coupled=False | mp P=400x4, GAT/BRKGA pop=1600 | gens=40 | matched evals/gen=1600
training core + fused TAPE head ...
  fused R2_makespan=0.9818 R2_energy=1.0000
  E-HGATv2-TAPE: done 1 seeds
  E-HGATv2-attn: done 1 seeds
  NSGA-II (random): done 1 seeds
  mp-BRKGA: done 1 seeds
  single-pop BRKGA: done 1 seeds
reference: non-dominated union of high-budget mp-BRKGA + BRKGA + TAPE @ 50 gens and all evaluated fronts | 64 pts | HV*=19591936.8

# Faithful-guidance study -- toy:80 (N=80, uncoupled)

_1 seeds, 40 gens, matched exact-eval budget (mp 400x4 = GAT/BRKGA 1600/gen). Reference: non-dominated union of high-budget mp-BRKGA + BRKGA + TAPE @ 50 gens and all evaluated fronts. Cells = mean (95% CI)._

## Optimisation (Req 3)

| Method | HV / HV* | GD+ | IGD+ | Spread | true evals |
|---|---|---|---|---|---|
| E-HGATv2-TAPE | 0.5046 ± 0.0000 | 1592.3978 ± 0.0000 | 1419.5714 ± 0.0000 | 0.8406 ± 0.0000 | 65600 |
| E-HGATv2-attn | 0.5252 ± 0.0000 | 2228.3437 ± 0.0000 | 1232.4071 ± 0.0000 | 0.7954 ± 0.0000 | 65600 |
| NSGA-II (random) | 0.1427 ± 0.0000 | 4405.8682 ± 0.0000 | 3882.3295 ± 0.0000 | 0.9732 ± 0.0000 | 65600 |
| mp-BRKGA | 0.2572 ± 0.0000 | 2858.3145 ± 0.0000 | 1785.9141 ± 0.0000 | 0.6863 ± 0.0000 | 65600 |
| single-pop BRKGA | 0.0562 ± 0.0000 | 3366.2231 ± 0.0000 | 4562.5063 ± 0.0000 | 0.8245 ± 0.0000 | 65600 |

## Guidance-signal faithfulness (Req 2)

| Signal | precision@1 | Spearman rho | leg-critical Jaccard vs oracle |
|---|---|---|---|
| attention (Signal #1) | 0.567 | -0.020 | n/a |
| **TAPE (Signal #3)** | n/a | n/a | **0.974** |
| random baseline | 0.013 | 0.000 | n/a |

_TAPE makespan abs-error vs oracle: 40.417. A faithful signal that also tops the optimisation table is the unified Req 2+3 claim._


wrote experiments/fused_tape_guided/tape_bench_n80_sh8.* (total 6908s)
