instance=toy:10 N=10 coupled=False | mp P=100x4, GAT/BRKGA pop=400 | gens=40 | matched evals/gen=400
training core + fused TAPE head ...
  fused R2_makespan=0.9895 R2_energy=1.0000
  E-HGATv2-TAPE: done 1 seeds
  E-HGATv2-attn: done 1 seeds
  NSGA-II (random): done 1 seeds
  mp-BRKGA: done 1 seeds
  single-pop BRKGA: done 1 seeds
reference: non-dominated union of high-budget mp-BRKGA + BRKGA + TAPE @ 50 gens and all evaluated fronts | 124 pts | HV*=1418288.7

# Faithful-guidance study -- toy:10 (N=10, uncoupled)

_1 seeds, 40 gens, matched exact-eval budget (mp 100x4 = GAT/BRKGA 400/gen). Reference: non-dominated union of high-budget mp-BRKGA + BRKGA + TAPE @ 50 gens and all evaluated fronts. Cells = mean (95% CI)._

## Optimisation (Req 3)

| Method | HV / HV* | GD+ | IGD+ | Spread | true evals |
|---|---|---|---|---|---|
| E-HGATv2-TAPE | 0.9145 ± 0.0000 | 73.3562 ± 0.0000 | 69.3502 ± 0.0000 | 1.0567 ± 0.0000 | 16400 |
| E-HGATv2-attn | 0.9514 ± 0.0000 | 23.1629 ± 0.0000 | 23.8209 ± 0.0000 | 0.8408 ± 0.0000 | 16400 |
| NSGA-II (random) | 0.8684 ± 0.0000 | 165.4469 ± 0.0000 | 75.3142 ± 0.0000 | 0.8334 ± 0.0000 | 16400 |
| mp-BRKGA | 0.9010 ± 0.0000 | 65.5805 ± 0.0000 | 34.8578 ± 0.0000 | 0.9835 ± 0.0000 | 16400 |
| single-pop BRKGA | 0.8588 ± 0.0000 | 87.3920 ± 0.0000 | 90.8773 ± 0.0000 | 0.9551 ± 0.0000 | 16400 |

## Guidance-signal faithfulness (Req 2)

| Signal | precision@1 | Spearman rho | leg-critical Jaccard vs oracle |
|---|---|---|---|
| attention (Signal #1) | 0.700 | 0.088 | n/a |
| **TAPE (Signal #3)** | n/a | n/a | **0.975** |
| random baseline | 0.100 | 0.000 | n/a |

_TAPE makespan abs-error vs oracle: 10.516. A faithful signal that also tops the optimisation table is the unified Req 2+3 claim._


wrote experiments/fused_tape_guided/tape_bench_n10_sh0.* (total 2070s)
