instance=toy:40 N=40 coupled=False | mp P=100x4, GAT/BRKGA pop=400 | gens=40 | matched evals/gen=400
training core + fused TAPE head ...
  fused R2_makespan=0.9869 R2_energy=1.0000
  E-HGATv2-TAPE: done 1 seeds
  E-HGATv2-attn: done 1 seeds
  NSGA-II (random): done 1 seeds
  mp-BRKGA: done 1 seeds
  single-pop BRKGA: done 1 seeds
reference: non-dominated union of high-budget mp-BRKGA + BRKGA + TAPE @ 50 gens and all evaluated fronts | 61 pts | HV*=4784777.4

# Faithful-guidance study -- toy:40 (N=40, uncoupled)

_1 seeds, 40 gens, matched exact-eval budget (mp 100x4 = GAT/BRKGA 400/gen). Reference: non-dominated union of high-budget mp-BRKGA + BRKGA + TAPE @ 50 gens and all evaluated fronts. Cells = mean (95% CI)._

## Optimisation (Req 3)

| Method | HV / HV* | GD+ | IGD+ | Spread | true evals |
|---|---|---|---|---|---|
| E-HGATv2-TAPE | 0.5213 ± 0.0000 | 570.2999 ± 0.0000 | 924.3244 ± 0.0000 | 0.9131 ± 0.0000 | 16400 |
| E-HGATv2-attn | 0.4651 ± 0.0000 | 889.2942 ± 0.0000 | 882.3608 ± 0.0000 | 0.8990 ± 0.0000 | 16400 |
| NSGA-II (random) | 0.4280 ± 0.0000 | 856.6310 ± 0.0000 | 1114.0136 ± 0.0000 | 0.9958 ± 0.0000 | 16400 |
| mp-BRKGA | 0.5870 ± 0.0000 | 1830.0338 ± 0.0000 | 406.4141 ± 0.0000 | 0.8073 ± 0.0000 | 16400 |
| single-pop BRKGA | 0.1166 ± 0.0000 | 1532.7199 ± 0.0000 | 1748.8033 ± 0.0000 | 0.8530 ± 0.0000 | 16400 |

## Guidance-signal faithfulness (Req 2)

| Signal | precision@1 | Spearman rho | leg-critical Jaccard vs oracle |
|---|---|---|---|
| attention (Signal #1) | 0.667 | -0.065 | n/a |
| **TAPE (Signal #3)** | n/a | n/a | **0.978** |
| random baseline | 0.025 | 0.000 | n/a |

_TAPE makespan abs-error vs oracle: 26.691. A faithful signal that also tops the optimisation table is the unified Req 2+3 claim._


wrote experiments/fused_tape_guided/tape_bench_n40_sh4.* (total 3454s)
