instance=toy:80 N=80 coupled=False | mp P=100x4, GAT/BRKGA pop=400 | gens=40 | matched evals/gen=400
training core + fused TAPE head ...
  fused R2_makespan=0.9818 R2_energy=1.0000
  E-HGATv2-TAPE: done 1 seeds
  E-HGATv2-attn: done 1 seeds
  NSGA-II (random): done 1 seeds
  mp-BRKGA: done 1 seeds
  single-pop BRKGA: done 1 seeds
reference: non-dominated union of high-budget mp-BRKGA + BRKGA + TAPE @ 50 gens and all evaluated fronts | 79 pts | HV*=63396557.4

# Faithful-guidance study -- toy:80 (N=80, uncoupled)

_1 seeds, 40 gens, matched exact-eval budget (mp 100x4 = GAT/BRKGA 400/gen). Reference: non-dominated union of high-budget mp-BRKGA + BRKGA + TAPE @ 50 gens and all evaluated fronts. Cells = mean (95% CI)._

## Optimisation (Req 3)

| Method | HV / HV* | GD+ | IGD+ | Spread | true evals |
|---|---|---|---|---|---|
| E-HGATv2-TAPE | 0.8025 ± 0.0000 | 45.6262 ± 0.0000 | 1479.3835 ± 0.0000 | 1.0573 ± 0.0000 | 16400 |
| E-HGATv2-attn | 0.8611 ± 0.0000 | 163.5764 ± 0.0000 | 915.9934 ± 0.0000 | 0.8987 ± 0.0000 | 16400 |
| NSGA-II (random) | 0.6661 ± 0.0000 | 778.2220 ± 0.0000 | 2004.0156 ± 0.0000 | 0.8922 ± 0.0000 | 16400 |
| mp-BRKGA | 0.7836 ± 0.0000 | 787.7495 ± 0.0000 | 927.5314 ± 0.0000 | 0.7668 ± 0.0000 | 16400 |
| single-pop BRKGA | 0.5888 ± 0.0000 | 1142.7612 ± 0.0000 | 2548.6785 ± 0.0000 | 0.9518 ± 0.0000 | 16400 |

## Guidance-signal faithfulness (Req 2)

| Signal | precision@1 | Spearman rho | leg-critical Jaccard vs oracle |
|---|---|---|---|
| attention (Signal #1) | 0.567 | -0.020 | n/a |
| **TAPE (Signal #3)** | n/a | n/a | **0.974** |
| random baseline | 0.013 | 0.000 | n/a |

_TAPE makespan abs-error vs oracle: 40.417. A faithful signal that also tops the optimisation table is the unified Req 2+3 claim._


wrote experiments/fused_tape_guided/tape_bench_n80_sh3.* (total 5436s)
