thesis runs | set=DL | 10 instances x 10 seeds = 100 replicates | P=20N Gmax=300 | surrogate=yes | 88 workers
done DL01 seed=4 N=40 A/Q=0.50 |PF|=188 migr=0.216 R2mk=0.992 (508s) [1/100]
done DL01 seed=9 N=40 A/Q=0.50 |PF|=314 migr=0.143 R2mk=0.993 (514s) [2/100]
done DL01 seed=2 N=40 A/Q=0.50 |PF|=269 migr=0.046 R2mk=0.993 (515s) [3/100]
done DL01 seed=1 N=40 A/Q=0.50 |PF|=249 migr=0.142 R2mk=0.994 (521s) [4/100]
done DL01 seed=3 N=40 A/Q=0.50 |PF|=160 migr=nan R2mk=0.997 (535s) [5/100]
done DL01 seed=7 N=40 A/Q=0.50 |PF|=119 migr=0.117 R2mk=0.993 (536s) [6/100]
done DL01 seed=8 N=40 A/Q=0.50 |PF|=206 migr=0.173 R2mk=0.996 (542s) [7/100]
done DL01 seed=6 N=40 A/Q=0.50 |PF|=260 migr=0.222 R2mk=0.992 (544s) [8/100]
done DL01 seed=5 N=40 A/Q=0.50 |PF|=160 migr=0.15 R2mk=0.997 (553s) [9/100]
done DL01 seed=0 N=40 A/Q=0.50 |PF|=240 migr=0.131 R2mk=0.992 (566s) [10/100]
done DL03 seed=1 N=50 A/Q=0.50 |PF|=179 migr=0.082 R2mk=0.993 (755s) [11/100]
done DL03 seed=2 N=50 A/Q=0.50 |PF|=264 migr=0.129 R2mk=0.993 (764s) [12/100]
done DL03 seed=4 N=50 A/Q=0.50 |PF|=169 migr=0.124 R2mk=0.993 (769s) [13/100]
done DL03 seed=3 N=50 A/Q=0.50 |PF|=173 migr=0.138 R2mk=0.996 (769s) [14/100]
done DL03 seed=8 N=50 A/Q=0.50 |PF|=263 migr=0.134 R2mk=0.994 (770s) [15/100]
done DL03 seed=0 N=50 A/Q=0.50 |PF|=188 migr=0.042 R2mk=0.994 (771s) [16/100]
done DL03 seed=5 N=50 A/Q=0.50 |PF|=160 migr=-0.057 R2mk=0.994 (783s) [17/100]
done DL03 seed=9 N=50 A/Q=0.50 |PF|=317 migr=0.048 R2mk=0.992 (794s) [18/100]
done DL03 seed=7 N=50 A/Q=0.50 |PF|=198 migr=0.0 R2mk=0.995 (797s) [19/100]
done DL03 seed=6 N=50 A/Q=0.50 |PF|=297 migr=0.0 R2mk=0.994 (807s) [20/100]
done DL05 seed=2 N=60 A/Q=0.50 |PF|=132 migr=0.026 R2mk=0.997 (1032s) [21/100]
done DL05 seed=7 N=60 A/Q=0.50 |PF|=161 migr=0.061 R2mk=0.996 (1032s) [22/100]
done DL05 seed=9 N=60 A/Q=0.50 |PF|=116 migr=0.032 R2mk=0.997 (1034s) [23/100]
done DL05 seed=3 N=60 A/Q=0.50 |PF|=174 migr=0.01 R2mk=0.997 (1034s) [24/100]
done DL05 seed=4 N=60 A/Q=0.50 |PF|=136 migr=0.103 R2mk=0.996 (1044s) [25/100]
done DL05 seed=0 N=60 A/Q=0.50 |PF|=86 migr=0.112 R2mk=0.996 (1048s) [26/100]
done DL05 seed=5 N=60 A/Q=0.50 |PF|=164 migr=0.051 R2mk=0.996 (1051s) [27/100]
done DL05 seed=1 N=60 A/Q=0.50 |PF|=149 migr=-0.011 R2mk=0.997 (1051s) [28/100]
done DL05 seed=6 N=60 A/Q=0.50 |PF|=158 migr=0.008 R2mk=0.997 (1056s) [29/100]
done DL05 seed=8 N=60 A/Q=0.50 |PF|=172 migr=0.091 R2mk=0.998 (1092s) [30/100]
done DL07 seed=7 N=70 A/Q=0.50 |PF|=190 migr=0.051 R2mk=0.996 (1325s) [31/100]
done DL07 seed=9 N=70 A/Q=0.50 |PF|=126 migr=0.069 R2mk=0.996 (1347s) [32/100]
done DL07 seed=1 N=70 A/Q=0.50 |PF|=164 migr=0.067 R2mk=0.997 (1351s) [33/100]
done DL07 seed=5 N=70 A/Q=0.50 |PF|=121 migr=0.071 R2mk=0.997 (1361s) [34/100]
done DL07 seed=3 N=70 A/Q=0.50 |PF|=196 migr=0.094 R2mk=0.997 (1364s) [35/100]
done DL07 seed=8 N=70 A/Q=0.50 |PF|=79 migr=0.069 R2mk=0.997 (1364s) [36/100]
done DL07 seed=2 N=70 A/Q=0.50 |PF|=317 migr=nan R2mk=0.997 (1371s) [37/100]
done DL07 seed=4 N=70 A/Q=0.50 |PF|=67 migr=0.064 R2mk=0.996 (1374s) [38/100]
done DL07 seed=6 N=70 A/Q=0.50 |PF|=195 migr=0.053 R2mk=0.996 (1407s) [39/100]
done DL07 seed=0 N=70 A/Q=0.50 |PF|=136 migr=0.041 R2mk=0.997 (1428s) [40/100]
done DL02 seed=8 N=80 A/Q=0.50 |PF|=177 migr=0.093 R2mk=0.993 (1669s) [41/100]
done DL02 seed=2 N=80 A/Q=0.50 |PF|=144 migr=0.109 R2mk=0.988 (1701s) [42/100]
done DL02 seed=4 N=80 A/Q=0.50 |PF|=185 migr=0.061 R2mk=0.991 (1707s) [43/100]
done DL02 seed=0 N=80 A/Q=0.50 |PF|=119 migr=0.081 R2mk=0.986 (1705s) [44/100]
done DL09 seed=0 N=80 A/Q=0.50 |PF|=108 migr=0.061 R2mk=0.996 (1708s) [45/100]
done DL02 seed=1 N=80 A/Q=0.50 |PF|=131 migr=0.173 R2mk=0.989 (1712s) [46/100]
done DL02 seed=7 N=80 A/Q=0.50 |PF|=214 migr=0.183 R2mk=0.993 (1715s) [47/100]
done DL02 seed=3 N=80 A/Q=0.50 |PF|=136 migr=0.097 R2mk=0.99 (1725s) [48/100]
done DL02 seed=5 N=80 A/Q=0.50 |PF|=170 migr=0.153 R2mk=0.99 (1726s) [49/100]
done DL02 seed=9 N=80 A/Q=0.50 |PF|=136 migr=0.066 R2mk=0.989 (1729s) [50/100]
done DL09 seed=6 N=80 A/Q=0.50 |PF|=116 migr=0.068 R2mk=0.995 (1741s) [51/100]
done DL09 seed=5 N=80 A/Q=0.50 |PF|=82 migr=0.076 R2mk=0.996 (1751s) [52/100]
done DL09 seed=2 N=80 A/Q=0.50 |PF|=90 migr=0.073 R2mk=0.996 (1753s) [53/100]
done DL09 seed=7 N=80 A/Q=0.50 |PF|=94 migr=0.057 R2mk=0.995 (1753s) [54/100]
done DL09 seed=4 N=80 A/Q=0.50 |PF|=78 migr=0.022 R2mk=0.996 (1763s) [55/100]
done DL02 seed=6 N=80 A/Q=0.50 |PF|=365 migr=0.092 R2mk=0.984 (1769s) [56/100]
done DL09 seed=3 N=80 A/Q=0.50 |PF|=163 migr=0.064 R2mk=0.997 (1783s) [57/100]
done DL09 seed=1 N=80 A/Q=0.50 |PF|=165 migr=0.102 R2mk=0.997 (1816s) [58/100]
done DL09 seed=9 N=80 A/Q=0.50 |PF|=173 migr=0.048 R2mk=0.995 (1615s) [59/100]
done DL09 seed=8 N=80 A/Q=0.50 |PF|=132 migr=0.097 R2mk=0.996 (1632s) [60/100]
done DL04 seed=6 N=100 A/Q=0.50 |PF|=119 migr=0.114 R2mk=0.993 (2417s) [61/100]
done DL04 seed=7 N=100 A/Q=0.50 |PF|=104 migr=0.102 R2mk=0.991 (2425s) [62/100]
done DL04 seed=8 N=100 A/Q=0.50 |PF|=102 migr=0.118 R2mk=0.99 (2436s) [63/100]
done DL04 seed=9 N=100 A/Q=0.50 |PF|=61 migr=-0.025 R2mk=0.99 (2459s) [64/100]
done DL04 seed=5 N=100 A/Q=0.50 |PF|=116 migr=0.051 R2mk=0.99 (2463s) [65/100]
done DL04 seed=3 N=100 A/Q=0.50 |PF|=61 migr=0.064 R2mk=0.993 (2464s) [66/100]
done DL04 seed=4 N=100 A/Q=0.50 |PF|=134 migr=0.008 R2mk=0.992 (2466s) [67/100]
done DL04 seed=2 N=100 A/Q=0.50 |PF|=98 migr=0.089 R2mk=0.991 (2520s) [68/100]
done DL04 seed=0 N=100 A/Q=0.50 |PF|=145 migr=0.053 R2mk=0.994 (2528s) [69/100]
done DL04 seed=1 N=100 A/Q=0.50 |PF|=115 migr=0.081 R2mk=0.989 (2569s) [70/100]
done DL06 seed=6 N=120 A/Q=0.50 |PF|=113 migr=0.061 R2mk=0.994 (3211s) [71/100]
done DL06 seed=4 N=120 A/Q=0.50 |PF|=69 migr=0.091 R2mk=0.995 (3299s) [72/100]
done DL06 seed=8 N=120 A/Q=0.50 |PF|=89 migr=0.022 R2mk=0.996 (3309s) [73/100]
done DL06 seed=3 N=120 A/Q=0.50 |PF|=111 migr=0.023 R2mk=0.996 (3315s) [74/100]
done DL06 seed=5 N=120 A/Q=0.50 |PF|=40 migr=0.059 R2mk=0.995 (3325s) [75/100]
done DL06 seed=7 N=120 A/Q=0.50 |PF|=36 migr=-0.036 R2mk=0.997 (3346s) [76/100]
done DL06 seed=2 N=120 A/Q=0.50 |PF|=69 migr=0.022 R2mk=0.996 (3346s) [77/100]
done DL06 seed=9 N=120 A/Q=0.50 |PF|=65 migr=0.02 R2mk=0.993 (3353s) [78/100]
done DL06 seed=1 N=120 A/Q=0.50 |PF|=128 migr=0.047 R2mk=0.995 (3377s) [79/100]
done DL06 seed=0 N=120 A/Q=0.50 |PF|=94 migr=0.003 R2mk=0.994 (3411s) [80/100]
done DL08 seed=8 N=140 A/Q=0.50 |PF|=73 migr=0.06 R2mk=0.996 (4262s) [81/100]
done DL08 seed=6 N=140 A/Q=0.50 |PF|=35 migr=0.003 R2mk=0.996 (4265s) [82/100]
done DL08 seed=7 N=140 A/Q=0.50 |PF|=54 migr=0.059 R2mk=0.997 (4278s) [83/100]
done DL08 seed=0 N=140 A/Q=0.50 |PF|=29 migr=0.096 R2mk=0.996 (4286s) [84/100]
done DL08 seed=3 N=140 A/Q=0.50 |PF|=73 migr=0.057 R2mk=0.997 (4302s) [85/100]
done DL08 seed=4 N=140 A/Q=0.50 |PF|=39 migr=-0.002 R2mk=0.997 (4313s) [86/100]
done DL08 seed=2 N=140 A/Q=0.50 |PF|=40 migr=0.006 R2mk=0.997 (4321s) [87/100]
done DL08 seed=5 N=140 A/Q=0.50 |PF|=63 migr=0.028 R2mk=0.995 (4324s) [88/100]
done DL08 seed=1 N=140 A/Q=0.50 |PF|=112 migr=0.045 R2mk=0.996 (4335s) [89/100]
done DL08 seed=9 N=140 A/Q=0.50 |PF|=60 migr=0.055 R2mk=0.996 (4367s) [90/100]
done DL10 seed=2 N=160 A/Q=0.50 |PF|=39 migr=0.035 R2mk=0.995 (5240s) [91/100]
done DL10 seed=0 N=160 A/Q=0.50 |PF|=24 migr=0.018 R2mk=0.996 (5432s) [92/100]
done DL10 seed=6 N=160 A/Q=0.50 |PF|=18 migr=0.022 R2mk=0.992 (5499s) [93/100]
done DL10 seed=5 N=160 A/Q=0.50 |PF|=110 migr=0.031 R2mk=0.994 (5539s) [94/100]
done DL10 seed=1 N=160 A/Q=0.50 |PF|=22 migr=-0.008 R2mk=0.994 (5600s) [95/100]
done DL10 seed=7 N=160 A/Q=0.50 |PF|=32 migr=-0.049 R2mk=0.995 (5588s) [96/100]
done DL10 seed=3 N=160 A/Q=0.50 |PF|=28 migr=-0.039 R2mk=0.995 (5649s) [97/100]
done DL10 seed=8 N=160 A/Q=0.50 |PF|=18 migr=0.025 R2mk=0.994 (5437s) [98/100]
done DL10 seed=4 N=160 A/Q=0.50 |PF|=33 migr=0.029 R2mk=0.995 (5653s) [99/100]
done DL10 seed=9 N=160 A/Q=0.50 |PF|=55 migr=0.055 R2mk=0.993 (5478s) [100/100]

wrote experiments/thesis/thesis_DL_full.json | 100 ok, 0 failed | total 6249s
