thesis runs | set=fleet | 4 instances x 5 seeds x 7 fleets = 140 replicates | P=20N Gmax=300 | surrogate=yes | 88 workers
done L21 seed=3 N=12 A/Q=1.00 |PF|=85 migr=-0.654 R2mk=1.0 (119s) [1/140]
done L21 seed=1 N=12 A/Q=2.67 |PF|=56 migr=-0.652 R2mk=0.999 (124s) [2/140]
done L21 seed=3 N=12 A/Q=1.33 |PF|=69 migr=-0.669 R2mk=1.0 (123s) [3/140]
done L21 seed=1 N=12 A/Q=2.00 |PF|=55 migr=-0.652 R2mk=0.999 (123s) [4/140]
done L21 seed=4 N=12 A/Q=0.67 |PF|=103 migr=-0.486 R2mk=1.0 (124s) [5/140]
done L21 seed=3 N=12 A/Q=2.67 |PF|=61 migr=-0.669 R2mk=0.999 (124s) [6/140]
done L35 seed=3 N=12 A/Q=0.50 |PF|=104 migr=-0.01 R2mk=1.0 (124s) [7/140]
done L21 seed=2 N=12 A/Q=1.00 |PF|=85 migr=-0.677 R2mk=1.0 (125s) [8/140]
done L35 seed=2 N=12 A/Q=0.67 |PF|=69 migr=0.088 R2mk=0.999 (125s) [9/140]
done L21 seed=4 N=12 A/Q=1.00 |PF|=89 migr=-0.669 R2mk=1.0 (125s) [10/140]
done L21 seed=1 N=12 A/Q=0.33 |PF|=166 migr=-0.236 R2mk=0.999 (125s) [11/140]
done L21 seed=2 N=12 A/Q=0.33 |PF|=169 migr=-0.236 R2mk=0.999 (126s) [12/140]
done L21 seed=0 N=12 A/Q=1.33 |PF|=67 migr=-0.669 R2mk=1.0 (126s) [13/140]
done L21 seed=1 N=12 A/Q=1.00 |PF|=91 migr=-0.652 R2mk=0.999 (126s) [14/140]
done L21 seed=1 N=12 A/Q=0.67 |PF|=91 migr=-0.328 R2mk=0.999 (126s) [15/140]
done L35 seed=4 N=12 A/Q=0.50 |PF|=111 migr=-0.034 R2mk=0.999 (126s) [16/140]
done L21 seed=0 N=12 A/Q=0.33 |PF|=167 migr=-0.236 R2mk=0.999 (127s) [17/140]
done L21 seed=4 N=12 A/Q=2.00 |PF|=58 migr=-0.669 R2mk=1.0 (127s) [18/140]
done L21 seed=1 N=12 A/Q=1.33 |PF|=74 migr=-0.652 R2mk=0.999 (126s) [19/140]
done L21 seed=4 N=12 A/Q=2.67 |PF|=57 migr=-0.669 R2mk=1.0 (127s) [20/140]
done L21 seed=3 N=12 A/Q=4.00 |PF|=59 migr=-0.669 R2mk=0.999 (127s) [21/140]
done L21 seed=0 N=12 A/Q=4.00 |PF|=61 migr=-0.652 R2mk=0.999 (127s) [22/140]
done L21 seed=2 N=12 A/Q=1.33 |PF|=70 migr=-0.652 R2mk=1.0 (127s) [23/140]
done L21 seed=1 N=12 A/Q=4.00 |PF|=54 migr=-0.652 R2mk=0.999 (128s) [24/140]
done L21 seed=2 N=12 A/Q=2.00 |PF|=59 migr=-0.669 R2mk=0.999 (128s) [25/140]
done L21 seed=2 N=12 A/Q=4.00 |PF|=66 migr=-0.652 R2mk=0.999 (128s) [26/140]
done L35 seed=2 N=12 A/Q=0.50 |PF|=116 migr=0.009 R2mk=0.999 (128s) [27/140]
done L35 seed=3 N=12 A/Q=0.33 |PF|=175 migr=0.035 R2mk=0.999 (128s) [28/140]
done L21 seed=3 N=12 A/Q=2.00 |PF|=57 migr=-0.669 R2mk=1.0 (128s) [29/140]
done L21 seed=0 N=12 A/Q=2.67 |PF|=55 migr=-0.669 R2mk=1.0 (128s) [30/140]
done L21 seed=2 N=12 A/Q=0.67 |PF|=119 migr=-0.292 R2mk=1.0 (129s) [31/140]
done L21 seed=0 N=12 A/Q=1.00 |PF|=88 migr=-0.654 R2mk=1.0 (129s) [32/140]
done L21 seed=3 N=12 A/Q=0.33 |PF|=164 migr=-0.236 R2mk=0.999 (129s) [33/140]
done L35 seed=0 N=12 A/Q=0.17 |PF|=274 migr=-0.013 R2mk=0.999 (129s) [34/140]
done L21 seed=4 N=12 A/Q=0.33 |PF|=164 migr=-0.236 R2mk=0.999 (129s) [35/140]
done L21 seed=4 N=12 A/Q=1.33 |PF|=66 migr=-0.669 R2mk=1.0 (129s) [36/140]
done L21 seed=0 N=12 A/Q=0.67 |PF|=128 migr=-0.442 R2mk=1.0 (129s) [37/140]
done L35 seed=2 N=12 A/Q=0.33 |PF|=187 migr=-0.031 R2mk=0.999 (129s) [38/140]
done L35 seed=0 N=12 A/Q=0.33 |PF|=187 migr=-0.04 R2mk=0.999 (129s) [39/140]
done L21 seed=3 N=12 A/Q=0.67 |PF|=107 migr=-0.278 R2mk=1.0 (130s) [40/140]
done L21 seed=4 N=12 A/Q=4.00 |PF|=56 migr=-0.652 R2mk=0.999 (130s) [41/140]
done L35 seed=4 N=12 A/Q=0.33 |PF|=176 migr=0.041 R2mk=1.0 (131s) [42/140]
done L35 seed=0 N=12 A/Q=0.67 |PF|=73 migr=0.091 R2mk=0.999 (131s) [43/140]
done L35 seed=1 N=12 A/Q=0.67 |PF|=94 migr=0.097 R2mk=0.999 (131s) [44/140]
done L21 seed=2 N=12 A/Q=2.67 |PF|=67 migr=-0.669 R2mk=0.999 (132s) [45/140]
done L35 seed=1 N=12 A/Q=0.17 |PF|=266 migr=-0.013 R2mk=0.999 (132s) [46/140]
done L35 seed=1 N=12 A/Q=0.50 |PF|=134 migr=0.074 R2mk=0.999 (133s) [47/140]
done L35 seed=4 N=12 A/Q=0.17 |PF|=282 migr=-0.013 R2mk=0.999 (134s) [48/140]
done L35 seed=0 N=12 A/Q=0.50 |PF|=117 migr=-0.012 R2mk=0.999 (134s) [49/140]
done L35 seed=3 N=12 A/Q=0.17 |PF|=259 migr=-0.013 R2mk=0.998 (135s) [50/140]
done L35 seed=1 N=12 A/Q=0.33 |PF|=165 migr=-0.031 R2mk=0.999 (135s) [51/140]
done L21 seed=0 N=12 A/Q=2.00 |PF|=59 migr=-0.669 R2mk=1.0 (137s) [52/140]
done L35 seed=2 N=12 A/Q=0.17 |PF|=265 migr=-0.013 R2mk=0.998 (144s) [53/140]
done L15 seed=1 N=16 A/Q=6.00 |PF|=9 migr=-0.236 R2mk=0.999 (158s) [54/140]
done L15 seed=1 N=16 A/Q=4.00 |PF|=8 migr=-0.231 R2mk=0.999 (158s) [55/140]
done L15 seed=4 N=16 A/Q=4.00 |PF|=7 migr=-0.234 R2mk=0.999 (159s) [56/140]
done L15 seed=3 N=16 A/Q=4.00 |PF|=3 migr=-0.043 R2mk=0.999 (161s) [57/140]
done L15 seed=4 N=16 A/Q=3.00 |PF|=7 migr=-0.236 R2mk=1.0 (162s) [58/140]
done L15 seed=0 N=16 A/Q=1.50 |PF|=83 migr=-0.283 R2mk=0.999 (162s) [59/140]
done L15 seed=2 N=16 A/Q=4.00 |PF|=8 migr=-0.238 R2mk=0.999 (161s) [60/140]
done L15 seed=0 N=16 A/Q=2.00 |PF|=28 migr=-0.504 R2mk=1.0 (161s) [61/140]
done L15 seed=3 N=16 A/Q=1.50 |PF|=118 migr=-0.24 R2mk=1.0 (161s) [62/140]
done L15 seed=3 N=16 A/Q=2.00 |PF|=28 migr=-0.333 R2mk=1.0 (162s) [63/140]
done L15 seed=3 N=16 A/Q=3.00 |PF|=6 migr=-0.239 R2mk=1.0 (162s) [64/140]
done L15 seed=2 N=16 A/Q=0.50 |PF|=313 migr=-0.008 R2mk=0.999 (162s) [65/140]
done L15 seed=1 N=16 A/Q=1.50 |PF|=84 migr=-0.529 R2mk=0.999 (162s) [66/140]
done L15 seed=2 N=16 A/Q=2.00 |PF|=32 migr=-0.333 R2mk=0.999 (162s) [67/140]
done L15 seed=0 N=16 A/Q=6.00 |PF|=7 migr=-0.235 R2mk=0.999 (162s) [68/140]
done L15 seed=1 N=16 A/Q=2.00 |PF|=30 migr=-0.394 R2mk=1.0 (162s) [69/140]
done L15 seed=4 N=16 A/Q=1.50 |PF|=89 migr=-0.207 R2mk=1.0 (162s) [70/140]
done L15 seed=4 N=16 A/Q=2.00 |PF|=30 migr=-0.397 R2mk=0.999 (162s) [71/140]
done L15 seed=3 N=16 A/Q=6.00 |PF|=3 migr=-0.043 R2mk=0.999 (162s) [72/140]
done L15 seed=2 N=16 A/Q=3.00 |PF|=6 migr=-0.239 R2mk=0.999 (163s) [73/140]
done L15 seed=2 N=16 A/Q=1.50 |PF|=62 migr=-0.289 R2mk=1.0 (163s) [74/140]
done L15 seed=0 N=16 A/Q=3.00 |PF|=10 migr=-0.237 R2mk=0.999 (163s) [75/140]
done L15 seed=1 N=16 A/Q=3.00 |PF|=9 migr=-0.235 R2mk=1.0 (163s) [76/140]
done L15 seed=2 N=16 A/Q=1.00 |PF|=171 migr=0.201 R2mk=0.999 (163s) [77/140]
done L15 seed=0 N=16 A/Q=4.00 |PF|=10 migr=-0.198 R2mk=0.999 (163s) [78/140]
done L15 seed=3 N=16 A/Q=0.50 |PF|=322 migr=-0.008 R2mk=0.998 (164s) [79/140]
done L15 seed=2 N=16 A/Q=6.00 |PF|=6 migr=-0.239 R2mk=0.999 (164s) [80/140]
done L15 seed=4 N=16 A/Q=1.00 |PF|=161 migr=-0.195 R2mk=1.0 (164s) [81/140]
done L15 seed=4 N=16 A/Q=0.50 |PF|=315 migr=-0.008 R2mk=0.999 (164s) [82/140]
done L15 seed=0 N=16 A/Q=1.00 |PF|=172 migr=0.033 R2mk=1.0 (164s) [83/140]
done L15 seed=1 N=16 A/Q=1.00 |PF|=177 migr=-0.013 R2mk=0.999 (164s) [84/140]
done L15 seed=4 N=16 A/Q=6.00 |PF|=7 migr=-0.235 R2mk=0.999 (165s) [85/140]
done L15 seed=1 N=16 A/Q=0.50 |PF|=329 migr=-0.008 R2mk=0.998 (165s) [86/140]
done L15 seed=0 N=16 A/Q=0.50 |PF|=310 migr=-0.008 R2mk=0.999 (166s) [87/140]
done L15 seed=3 N=16 A/Q=1.00 |PF|=207 migr=0.013 R2mk=0.999 (169s) [88/140]
done L35 seed=3 N=12 A/Q=0.67 |PF|=93 migr=0.08 R2mk=1.0 (94s) [89/140]
done L35 seed=1 N=12 A/Q=2.00 |PF|=86 migr=-0.244 R2mk=0.999 (87s) [90/140]
done L35 seed=4 N=12 A/Q=0.67 |PF|=75 migr=0.037 R2mk=0.999 (91s) [91/140]
done L35 seed=2 N=12 A/Q=1.00 |PF|=75 migr=0.052 R2mk=0.999 (92s) [92/140]
done L35 seed=1 N=12 A/Q=1.33 |PF|=83 migr=-0.208 R2mk=0.999 (92s) [93/140]
done L35 seed=2 N=12 A/Q=2.00 |PF|=63 migr=-0.301 R2mk=0.999 (92s) [94/140]
done L35 seed=3 N=12 A/Q=1.00 |PF|=71 migr=0.015 R2mk=0.999 (95s) [95/140]
done L35 seed=1 N=12 A/Q=1.00 |PF|=84 migr=0.053 R2mk=0.999 (96s) [96/140]
done L35 seed=3 N=12 A/Q=1.33 |PF|=92 migr=-0.34 R2mk=0.999 (96s) [97/140]
done L35 seed=4 N=12 A/Q=1.33 |PF|=86 migr=-0.208 R2mk=1.0 (96s) [98/140]
done L35 seed=0 N=12 A/Q=1.33 |PF|=90 migr=nan R2mk=0.999 (97s) [99/140]
done L35 seed=4 N=12 A/Q=1.00 |PF|=78 migr=0.04 R2mk=1.0 (97s) [100/140]
done L35 seed=2 N=12 A/Q=1.33 |PF|=77 migr=-0.315 R2mk=1.0 (97s) [101/140]
done L35 seed=3 N=12 A/Q=2.00 |PF|=70 migr=-0.348 R2mk=0.999 (96s) [102/140]
done L35 seed=0 N=12 A/Q=2.00 |PF|=67 migr=-0.23 R2mk=0.999 (97s) [103/140]
done L35 seed=0 N=12 A/Q=1.00 |PF|=97 migr=-0.129 R2mk=0.999 (100s) [104/140]
done L35 seed=4 N=12 A/Q=2.00 |PF|=79 migr=-0.332 R2mk=0.999 (97s) [105/140]
done DL01 seed=0 N=40 A/Q=0.25 |PF|=309 migr=0.186 R2mk=0.99 (423s) [106/140]
done DL01 seed=2 N=40 A/Q=1.00 |PF|=111 migr=0.147 R2mk=0.996 (429s) [107/140]
done DL01 seed=4 N=40 A/Q=0.12 |PF|=1268 migr=0.131 R2mk=0.937 (446s) [108/140]
done DL01 seed=4 N=40 A/Q=1.00 |PF|=106 migr=-0.048 R2mk=0.996 (439s) [109/140]
done DL01 seed=1 N=40 A/Q=0.25 |PF|=350 migr=0.172 R2mk=0.986 (447s) [110/140]
done DL01 seed=2 N=40 A/Q=0.12 |PF|=1192 migr=0.124 R2mk=0.969 (448s) [111/140]
done DL01 seed=2 N=40 A/Q=0.38 |PF|=148 migr=0.194 R2mk=0.994 (446s) [112/140]
done DL01 seed=1 N=40 A/Q=0.50 |PF|=249 migr=0.142 R2mk=0.994 (449s) [113/140]
done DL01 seed=3 N=40 A/Q=0.38 |PF|=285 migr=0.193 R2mk=0.995 (450s) [114/140]
done DL01 seed=4 N=40 A/Q=0.38 |PF|=201 migr=0.141 R2mk=0.994 (451s) [115/140]
done DL01 seed=3 N=40 A/Q=0.50 |PF|=160 migr=nan R2mk=0.997 (450s) [116/140]
done DL01 seed=0 N=40 A/Q=0.50 |PF|=240 migr=0.131 R2mk=0.992 (451s) [117/140]
done DL01 seed=2 N=40 A/Q=0.50 |PF|=269 migr=0.046 R2mk=0.993 (452s) [118/140]
done DL01 seed=2 N=40 A/Q=1.50 |PF|=96 migr=-0.042 R2mk=0.996 (446s) [119/140]
done DL01 seed=1 N=40 A/Q=1.50 |PF|=69 migr=0.125 R2mk=0.995 (448s) [120/140]
done DL01 seed=1 N=40 A/Q=0.38 |PF|=281 migr=0.123 R2mk=0.992 (455s) [121/140]
done DL01 seed=3 N=40 A/Q=0.75 |PF|=87 migr=0.105 R2mk=0.996 (453s) [122/140]
done DL01 seed=3 N=40 A/Q=1.00 |PF|=161 migr=-0.08 R2mk=0.996 (451s) [123/140]
done DL01 seed=4 N=40 A/Q=0.50 |PF|=188 migr=0.216 R2mk=0.992 (456s) [124/140]
done DL01 seed=3 N=40 A/Q=0.12 |PF|=981 migr=0.159 R2mk=0.971 (460s) [125/140]
done DL01 seed=3 N=40 A/Q=1.50 |PF|=179 migr=-0.016 R2mk=0.996 (454s) [126/140]
done DL01 seed=1 N=40 A/Q=0.75 |PF|=205 migr=0.057 R2mk=0.995 (462s) [127/140]
done DL01 seed=2 N=40 A/Q=0.25 |PF|=463 migr=0.186 R2mk=0.988 (464s) [128/140]
done DL01 seed=2 N=40 A/Q=0.75 |PF|=104 migr=0.141 R2mk=0.996 (463s) [129/140]
done DL01 seed=3 N=40 A/Q=0.25 |PF|=276 migr=0.145 R2mk=0.995 (467s) [130/140]
done DL01 seed=1 N=40 A/Q=0.12 |PF|=1296 migr=0.135 R2mk=0.963 (469s) [131/140]
done DL01 seed=4 N=40 A/Q=1.50 |PF|=116 migr=-0.204 R2mk=0.994 (459s) [132/140]
done DL01 seed=0 N=40 A/Q=1.00 |PF|=97 migr=-0.003 R2mk=0.993 (467s) [133/140]
done DL01 seed=4 N=40 A/Q=0.75 |PF|=207 migr=0.039 R2mk=0.992 (469s) [134/140]
done DL01 seed=4 N=40 A/Q=0.25 |PF|=231 migr=0.092 R2mk=0.993 (474s) [135/140]
done DL01 seed=1 N=40 A/Q=1.00 |PF|=107 migr=-0.104 R2mk=0.995 (471s) [136/140]
done DL01 seed=0 N=40 A/Q=0.75 |PF|=236 migr=0.111 R2mk=0.995 (474s) [137/140]
done DL01 seed=0 N=40 A/Q=0.38 |PF|=174 migr=0.12 R2mk=0.993 (480s) [138/140]
done DL01 seed=0 N=40 A/Q=1.50 |PF|=108 migr=-0.294 R2mk=0.994 (478s) [139/140]
done DL01 seed=0 N=40 A/Q=0.12 |PF|=974 migr=0.128 R2mk=0.962 (486s) [140/140]

wrote experiments/thesis/thesis_fleet_sweep.json | 140 ok, 0 failed | total 617s
