thesis runs | set=L | 35 instances x 10 seeds = 350 replicates | P=20N Gmax=300 | surrogate=yes | 88 workers
done L02 seed=9 N=4 A/Q=1.00 |PF|=72 migr=-0.162 R2mk=1.0 (65s) [1/350]
done L03 seed=3 N=4 A/Q=1.00 |PF|=86 migr=-0.142 R2mk=0.999 (66s) [2/350]
done L03 seed=2 N=4 A/Q=1.00 |PF|=86 migr=-0.142 R2mk=0.999 (67s) [3/350]
done L02 seed=5 N=4 A/Q=1.00 |PF|=72 migr=-0.162 R2mk=1.0 (66s) [4/350]
done L01 seed=5 N=4 A/Q=1.00 |PF|=35 migr=0.108 R2mk=0.999 (71s) [5/350]
done L01 seed=6 N=4 A/Q=1.00 |PF|=35 migr=0.108 R2mk=0.999 (76s) [6/350]
done L05 seed=6 N=6 A/Q=1.00 |PF|=81 migr=-0.351 R2mk=1.0 (77s) [7/350]
done L05 seed=3 N=6 A/Q=1.00 |PF|=78 migr=-0.351 R2mk=1.0 (80s) [8/350]
done L04 seed=6 N=6 A/Q=1.00 |PF|=61 migr=0.043 R2mk=0.999 (81s) [9/350]
done L04 seed=3 N=6 A/Q=1.00 |PF|=62 migr=0.043 R2mk=0.999 (81s) [10/350]
done L01 seed=2 N=4 A/Q=1.00 |PF|=35 migr=0.108 R2mk=0.999 (81s) [11/350]
done L04 seed=9 N=6 A/Q=1.00 |PF|=57 migr=0.043 R2mk=0.999 (81s) [12/350]
done L05 seed=7 N=6 A/Q=1.00 |PF|=81 migr=-0.351 R2mk=1.0 (82s) [13/350]
done L04 seed=7 N=6 A/Q=1.00 |PF|=61 migr=0.043 R2mk=0.999 (82s) [14/350]
done L01 seed=1 N=4 A/Q=1.00 |PF|=35 migr=0.108 R2mk=0.999 (84s) [15/350]
done L06 seed=0 N=6 A/Q=1.00 |PF|=105 migr=-0.629 R2mk=0.999 (82s) [16/350]
done L08 seed=7 N=8 A/Q=1.00 |PF|=136 migr=-0.689 R2mk=0.999 (94s) [17/350]
done L05 seed=2 N=6 A/Q=1.00 |PF|=78 migr=-0.351 R2mk=0.999 (96s) [18/350]
done L07 seed=8 N=8 A/Q=1.00 |PF|=118 migr=-0.291 R2mk=1.0 (97s) [19/350]
done L02 seed=7 N=4 A/Q=1.00 |PF|=70 migr=-0.162 R2mk=1.0 (100s) [20/350]
done L03 seed=8 N=4 A/Q=1.00 |PF|=86 migr=-0.142 R2mk=0.999 (102s) [21/350]
done L02 seed=1 N=4 A/Q=1.00 |PF|=69 migr=-0.162 R2mk=1.0 (102s) [22/350]
done L03 seed=7 N=4 A/Q=1.00 |PF|=85 migr=-0.142 R2mk=1.0 (103s) [23/350]
done L02 seed=2 N=4 A/Q=1.00 |PF|=74 migr=-0.162 R2mk=1.0 (103s) [24/350]
done L03 seed=9 N=4 A/Q=1.00 |PF|=89 migr=-0.142 R2mk=0.999 (103s) [25/350]
done L02 seed=4 N=4 A/Q=1.00 |PF|=66 migr=-0.117 R2mk=1.0 (103s) [26/350]
done L01 seed=9 N=4 A/Q=1.00 |PF|=35 migr=0.108 R2mk=0.999 (104s) [27/350]
done L02 seed=3 N=4 A/Q=1.00 |PF|=72 migr=-0.162 R2mk=1.0 (104s) [28/350]
done L01 seed=7 N=4 A/Q=1.00 |PF|=35 migr=0.108 R2mk=0.999 (105s) [29/350]
done L01 seed=4 N=4 A/Q=1.00 |PF|=35 migr=0.108 R2mk=0.999 (105s) [30/350]
done L02 seed=8 N=4 A/Q=1.00 |PF|=70 migr=-0.162 R2mk=1.0 (104s) [31/350]
done L01 seed=8 N=4 A/Q=1.00 |PF|=35 migr=0.108 R2mk=0.999 (106s) [32/350]
done L03 seed=4 N=4 A/Q=1.00 |PF|=84 migr=-0.142 R2mk=1.0 (105s) [33/350]
done L08 seed=3 N=8 A/Q=1.00 |PF|=114 migr=-0.689 R2mk=0.999 (107s) [34/350]
done L03 seed=1 N=4 A/Q=1.00 |PF|=86 migr=-0.142 R2mk=0.999 (106s) [35/350]
done L03 seed=5 N=4 A/Q=1.00 |PF|=85 migr=-0.142 R2mk=0.999 (107s) [36/350]
done L09 seed=4 N=10 A/Q=1.00 |PF|=118 migr=-0.22 R2mk=1.0 (109s) [37/350]
done L03 seed=6 N=4 A/Q=1.00 |PF|=85 migr=-0.142 R2mk=0.999 (108s) [38/350]
done L02 seed=0 N=4 A/Q=1.00 |PF|=73 migr=-0.162 R2mk=1.0 (110s) [39/350]
done L03 seed=0 N=4 A/Q=1.00 |PF|=83 migr=-0.142 R2mk=0.999 (110s) [40/350]
done L01 seed=3 N=4 A/Q=1.00 |PF|=35 migr=0.108 R2mk=0.999 (110s) [41/350]
done L02 seed=6 N=4 A/Q=1.00 |PF|=75 migr=-0.162 R2mk=0.999 (112s) [42/350]
done L06 seed=4 N=6 A/Q=1.00 |PF|=101 migr=-0.629 R2mk=0.999 (113s) [43/350]
done L01 seed=0 N=4 A/Q=1.00 |PF|=35 migr=0.108 R2mk=0.999 (115s) [44/350]
done L05 seed=9 N=6 A/Q=1.00 |PF|=78 migr=-0.351 R2mk=0.999 (123s) [45/350]
done L06 seed=2 N=6 A/Q=1.00 |PF|=94 migr=-0.629 R2mk=0.999 (124s) [46/350]
done L05 seed=8 N=6 A/Q=1.00 |PF|=79 migr=-0.351 R2mk=1.0 (124s) [47/350]
done L08 seed=5 N=8 A/Q=1.00 |PF|=130 migr=-0.494 R2mk=0.999 (124s) [48/350]
done L05 seed=0 N=6 A/Q=1.00 |PF|=80 migr=-0.351 R2mk=0.999 (127s) [49/350]
done L04 seed=1 N=6 A/Q=1.00 |PF|=61 migr=0.043 R2mk=0.999 (128s) [50/350]
done L06 seed=9 N=6 A/Q=1.00 |PF|=102 migr=-0.629 R2mk=0.999 (127s) [51/350]
done L06 seed=8 N=6 A/Q=1.00 |PF|=106 migr=-0.621 R2mk=1.0 (126s) [52/350]
done L05 seed=5 N=6 A/Q=1.00 |PF|=83 migr=-0.351 R2mk=1.0 (127s) [53/350]
done L04 seed=8 N=6 A/Q=1.00 |PF|=60 migr=0.043 R2mk=1.0 (128s) [54/350]
done L06 seed=7 N=6 A/Q=1.00 |PF|=95 migr=-0.629 R2mk=0.999 (128s) [55/350]
done L04 seed=0 N=6 A/Q=1.00 |PF|=59 migr=0.043 R2mk=0.999 (130s) [56/350]
done L05 seed=4 N=6 A/Q=1.00 |PF|=80 migr=-0.351 R2mk=1.0 (128s) [57/350]
done L05 seed=1 N=6 A/Q=1.00 |PF|=80 migr=-0.351 R2mk=1.0 (129s) [58/350]
done L06 seed=1 N=6 A/Q=1.00 |PF|=102 migr=-0.629 R2mk=0.999 (130s) [59/350]
done L04 seed=2 N=6 A/Q=1.00 |PF|=58 migr=0.086 R2mk=0.999 (130s) [60/350]
done L04 seed=5 N=6 A/Q=1.00 |PF|=57 migr=0.043 R2mk=0.999 (131s) [61/350]
done L09 seed=7 N=10 A/Q=1.00 |PF|=102 migr=-0.168 R2mk=0.999 (131s) [62/350]
done L06 seed=5 N=6 A/Q=1.00 |PF|=103 migr=-0.621 R2mk=0.999 (131s) [63/350]
done L04 seed=4 N=6 A/Q=1.00 |PF|=61 migr=0.043 R2mk=0.999 (132s) [64/350]
done L06 seed=6 N=6 A/Q=1.00 |PF|=101 migr=-0.621 R2mk=0.999 (132s) [65/350]
done L07 seed=4 N=8 A/Q=1.00 |PF|=118 migr=-0.091 R2mk=0.999 (133s) [66/350]
done L06 seed=3 N=6 A/Q=1.00 |PF|=104 migr=-0.629 R2mk=0.999 (135s) [67/350]
done L08 seed=8 N=8 A/Q=1.00 |PF|=124 migr=-0.295 R2mk=0.999 (140s) [68/350]
done L08 seed=9 N=8 A/Q=1.00 |PF|=140 migr=-0.689 R2mk=0.999 (150s) [69/350]
done L08 seed=1 N=8 A/Q=1.00 |PF|=125 migr=-0.702 R2mk=0.999 (150s) [70/350]
done L07 seed=6 N=8 A/Q=1.00 |PF|=116 migr=-0.091 R2mk=0.999 (152s) [71/350]
done L07 seed=1 N=8 A/Q=1.00 |PF|=120 migr=-0.133 R2mk=0.999 (152s) [72/350]
done L07 seed=7 N=8 A/Q=1.00 |PF|=118 migr=-0.308 R2mk=0.999 (153s) [73/350]
done L08 seed=0 N=8 A/Q=1.00 |PF|=121 migr=-0.702 R2mk=0.999 (153s) [74/350]
done L08 seed=6 N=8 A/Q=1.00 |PF|=129 migr=-0.295 R2mk=0.999 (153s) [75/350]
done L07 seed=3 N=8 A/Q=1.00 |PF|=141 migr=-0.091 R2mk=0.999 (154s) [76/350]
done L07 seed=0 N=8 A/Q=1.00 |PF|=125 migr=-0.091 R2mk=0.999 (155s) [77/350]
done L08 seed=4 N=8 A/Q=1.00 |PF|=147 migr=-0.494 R2mk=0.999 (155s) [78/350]
done L08 seed=2 N=8 A/Q=1.00done L09 seed=2 N=10 A/Q=1.00 |PF|=95 migr=-0.182done L07 seed=2 N=8 A/Q=1.00done L09 seed=8 N=10 A/Q=1.00 |PF|=127 migr=-0.22done L07 seed=5 N=8 A/Q=1.done L08 seed=0 N=8 A/Q=1.00 |PF|=121 migr=-0.702 R2mk=0.999 (136s) [82/350]
done L09 seed=5 N=10 A/Q=1.00 |PF|=97 migr=-0.176 R2mk=1.0 (141s) [83/350]
done L10 seed=3 N=10 A/Q=1.00 |PF|=176 migr=-0.063 R2mk=1.0 (138s) [84/350]
done L08 seed=2 N=8 A/Q=1.00 |PF|=135 migr=-0.295 R2mk=0.999 (154s) [85/350]
done L08 seed=3 N=8 A/Q=1.00 |PF|=114 migr=-0.689 R2mk=0.999 (155s) [86/350]
done L08 seed=8 N=8 A/Q=1.00 |PF|=124 migr=-0.295 R2mk=0.999 (154s) [87/350]
done L12 seed=0 N=12 A/Q=1.00 |PF|=118 migr=0.164 R2mk=1.0 (129s) [88/350]
done L11 seed=4 N=12 A/Q=1.00 |PF|=110 migr=-0.41 R2mk=1.0 (150s) [89/350]
done L09 seed=0 N=10 A/Q=1.00 |PF|=121 migr=-0.067 R2mk=0.999 (182s) [90/350]
done L09 seed=7 N=10 A/Q=1.00 |PF|=102 migr=-0.168 R2mk=0.999 (182s) [91/350]
done L09 seed=4 N=10 A/Q=1.00 |PF|=118 migr=-0.22 R2mk=1.0 (187s) [92/350]
done L09 seed=9 N=10 A/Q=1.00 |PF|=101 migr=-0.182 R2mk=0.999 (185s) [93/350]
done L10 seed=0 N=10 A/Q=1.00 |PF|=145 migr=-0.056 R2mk=0.999 (187s) [94/350]
done L10 seed=4 N=10 A/Q=1.00 |PF|=111 migr=0.043 R2mk=1.0 (189s) [95/350]
done L10 seed=5 N=10 A/Q=1.00 |PF|=156 migr=-0.07 R2mk=0.999 (189s) [96/350]
done L10 seed=1 N=10 A/Q=1.00 |PF|=155 migr=-0.056 R2mk=0.999 (192s) [97/350]
done L10 seed=2 N=10 A/Q=1.00 |PF|=163 migr=-0.07 R2mk=0.999 (194s) [98/350]
done L10 seed=7 N=10 A/Q=1.00 |PF|=141 migr=-0.048 R2mk=0.999 (194s) [99/350]
done L10 seed=6 N=10 A/Q=1.00 |PF|=161 migr=-0.056 R2mk=1.0 (195s) [100/350]
done L10 seed=8 N=10 A/Q=1.00 |PF|=160 migr=-0.048 R2mk=0.999 (195s) [101/350]
done L10 seed=9 N=10 A/Q=1.00 |PF|=167 migr=-0.242 R2mk=0.999 (202s) [102/350]
done L12 seed=3 N=12 A/Q=1.00 |PF|=123 migr=0.193 R2mk=0.999 (194s) [103/350]
done L12 seed=1 N=12 A/Q=1.00 |PF|=144 migr=0.091 R2mk=1.0 (209s) [104/350]
done L11 seed=3 N=12 A/Q=1.00 |PF|=80 migr=-0.576 R2mk=1.0 (219s) [105/350]
done L11 seed=2 N=12 A/Q=1.00 |PF|=89 migr=-0.762 R2mk=0.999 (231s) [106/350]
done L11 seed=1 N=12 A/Q=1.00 |PF|=86 migr=-0.378 R2mk=0.999 (238s) [107/350]
done L12 seed=8 N=12 A/Q=1.00 |PF|=139 migr=0.156 R2mk=1.0 (216s) [108/350]
done L11 seed=8 N=12 A/Q=1.00 |PF|=78 migr=-0.426 R2mk=1.0 (230s) [109/350]
done L12 seed=4 N=12 A/Q=1.00 |PF|=143 migr=-0.075 R2mk=1.0 (232s) [110/350]
done L11 seed=0 N=12 A/Q=1.00 |PF|=84 migr=-0.426 R2mk=0.999 (258s) [111/350]
done L12 seed=6 N=12 A/Q=1.00 |PF|=121 migr=0.056 R2mk=0.999 (234s) [112/350]
done L12 seed=7 N=12 A/Q=1.00 |PF|=131 migr=0.222 R2mk=0.999 (237s) [113/350]
done L13 seed=6 N=14 A/Q=1.00 |PF|=192 migr=0.107 R2mk=1.0 (193s) [114/350]
done L12 seed=9 N=12 A/Q=1.00 |PF|=136 migr=0.077 R2mk=1.0 (243s) [115/350]
done L11 seed=7 N=12 A/Q=1.00 |PF|=93 migr=-0.601 R2mk=0.999 (252s) [116/350]
done L11 seed=6 N=12 A/Q=1.00 |PF|=101 migr=0.093 R2mk=0.999 (253s) [117/350]
done L12 seed=5 N=12 A/Q=1.00 |PF|=125 migr=0.166 R2mk=1.0 (247s) [118/350]
done L13 seed=8 N=14 A/Q=1.00 |PF|=164 migr=-0.013 R2mk=1.0 (198s) [119/350]
done L13 seed=5 N=14 A/Q=1.00 |PF|=204 migdone L19 seed=3 N=9 A/Q=0.67 |PF|=78 done L13 seed=0 N=14 A/Q=1.00 |PF|=179 done L18 seed=1 N=6 A/Q=0.67 |PF|=93 done L11 seed=5 N=12 A/Q=1.00 |PF|=83 migr=-0.576 R2mk=1.0 (278s) [122/350]
done L11 seed=9 N=12 A/Q=1.00 |PF|=85 migr=-0.576 R2mk=0.999 (276s) [123/350]
done L12 seed=2 N=12 A/Q=1.00 |PF|=121 migr=0.042 R2mk=1.0 (275s) [124/350]
done L13 seed=2 N=14 A/Q=1.00 |PF|=158 migr=0.013 R2mk=0.999 (240s) [125/350]
done L14 seed=5 N=14 A/Q=1.00 |PF|=139 migr=-0.008 R2mk=1.0 (221s) [126/350]
done L17 seed=2 N=6 A/Q=0.67 |PF|=81 migr=-0.093 R2mk=0.999 (114s) [127/350]
done L14 seed=2 N=14 A/Q=1.00 |PF|=131 migr=-0.135 R2mk=0.999 (249s) [128/350]
done L13 seed=4 N=14 A/Q=1.00 |PF|=175 migr=-0.02 R2mk=1.0 (261s) [129/350]
done L14 seed=1 N=14 A/Q=1.00 |PF|=146 migr=-0.254 R2mk=1.0 (253s) [130/350]
done L13 seed=7 N=14 A/Q=1.00 |PF|=189 migr=0.048 R2mk=0.999 (259s) [131/350]
done L14 seed=4 N=14 A/Q=1.00 |PF|=159 migr=-0.101 R2mk=1.0 (248s) [132/350]
done L13 seed=3 N=14 A/Q=1.00 |PF|=148 migr=-0.07 R2mk=0.999 (272s) [133/350]
done L17 seed=1 N=6 A/Q=0.67 |PF|=80 migr=-0.093 R2mk=0.999 (154s) [134/350]
done L17 seed=0 N=6 A/Q=0.67 |PF|=79 migr=-0.093 R2mk=0.999 (164s) [135/350]
done L14 seed=3 N=14 A/Q=1.00 |PF|=139 migr=-0.133 R2mk=1.0 (276s) [136/350]
done L17 seed=7 N=6 A/Q=0.67 |PF|=80 migr=-0.093 R2mk=0.999 (122s) [137/350]
done L14 seed=0 N=14 A/Q=1.00 |PF|=152 migr=-0.132 R2mk=1.0 (288s) [138/350]
done L17 seed=9 N=6 A/Q=0.67 |PF|=79 migr=-0.093 R2mk=0.999 (117s) [139/350]
done L13 seed=9 N=14 A/Q=1.00 |PF|=173 migr=-0.268 R2mk=0.999 (299s) [140/350]
done L14 seed=6 N=14 A/Q=1.00 |PF|=148 migr=-0.048 R2mk=0.999 (276s) [141/350]
done L18 seed=6 N=6 A/Q=0.67 |PF|=95 migr=0.078 R2mk=0.999 (104s) [142/350]
done L15 seed=8 N=16 A/Q=1.00 |PF|=201 migr=-0.016 R2mk=1.0 (213s) [143/350]
done L17 seed=5 N=6 A/Q=0.67 |PF|=79 migr=-0.093 R2mk=0.999 (150s) [144/350]
done L17 seed=3 N=6 A/Q=0.67 |PF|=78 migr=-0.093 R2mk=0.999 (152s) [145/350]
done L18 seed=9 N=6 A/Q=0.67 |PF|=99 migr=0.078 R2mk=0.999 (109s) [146/350]
done L18 seed=3 N=6 A/Q=0.67 |PF|=106 migr=0.078 R2mk=1.0 (119s) [147/350]
done L14 seed=7 N=14 A/Q=1.00 |PF|=140 migr=0.03 R2mk=0.999 (290s) [148/350]
done L13 seed=1 N=14 A/Q=1.00 |PF|=204 migr=-0.139 R2mk=1.0 (324s) [149/350]
done L18 seed=8 N=6 A/Q=0.67 |PF|=106 migr=0.078 R2mk=1.0 (120s) [150/350]
done L14 seed=8 N=14 A/Q=1.00 |PF|=132 migr=0.08 R2mk=1.0 (293s) [151/350]
done L17 seed=8 N=6 A/Q=0.67 |PF|=80 migr=-0.093 R2mk=0.999 (146s) [152/350]
done L15 seed=7 N=16 A/Q=1.00 |PF|=199 migr=0.02 R2mk=0.999 (249s) [153/350]
done L14 seed=9 N=14 A/Q=1.00 |PF|=156 migr=0.197 R2mk=1.0 (296s) [154/350]
done L17 seed=4 N=6 A/Q=0.67 |PF|=79 migr=-0.093 R2mk=0.999 (175s) [155/350]
done L16 seed=2 N=16 A/Q=1.00 |PF|=182 migr=0.018 R2mk=1.0 (227s) [156/350]
done L18 seed=4 N=6 A/Q=0.67 |PF|=95 migr=0.078 R2mk=1.0 (139s) [157/350]
done L18 seed=2 N=6 A/Q=0.67 |PF|=100 migr=0.078 R2mk=1.0 (149s) [158/350]
done L18 seed=1 N=6 A/Q=0.67 |PF|=93 migr=0.078 R2mk=0.999 (154s) [159/350]
done L18 seed=7 N=6 A/Q=0.67 |PF|=100 migr=0.078 R2mk=0.999 (151s) [160/350]
done L18 seed=5 N=6 A/Q=0.67 |PF|=97 migr=0.078 R2mk=1.0 (170s) [161/350]
done L17 seed=6 N=6 A/Q=0.67 |PF|=80 migr=-0.093 R2mk=0.999 (204s) [162/350]
done L18 seed=0 N=6 A/Q=0.67 |PF|=103 migr=0.078 R2mk=1.0 (186s) [163/350]
done L15 seed=0 N=16 A/Q=1.00 |PF|=172 migr=0.033 R2mk=1.0 (346s) [164/350]
done L15 seed=2 N=16 A/Q=1.00 |PF|=171 migr=0.201 R2mk=0.999 (327s) [165/350]
done L16 seed=6 N=16 A/Q=1.00 |PF|=186 migr=-0.022 R2mk=1.0 (274s) [166/350]
done L19 seed=6 N=9 A/Q=0.67 |PF|=119 migr=-0.165 R2mk=1.0 (137s) [167/350]
done L16 seed=5 N=16 A/Q=1.00 |PF|=198 migr=0.02 R2mk=1.0 (287s) [168/350]
done L16 seed=1 N=16 A/Q=1.00 |PF|=195 migr=-0.036 R2mk=1.0 (300s) [169/350]
done L15 seed=1 N=16 A/Q=1.00 |PF|=177 migr=-0.013 R2mk=0.999 (371s) [170/350]
done L15 seed=9 N=16 A/Q=1.00 |PF|=186 migr=0.071 R2mk=1.0 (316s) [171/350]
done L19 seed=5 N=9 A/Q=0.67 |PF|=102 migr=0.155 R2mk=1.0 (176s) [172/350]
done L16 seed=3 N=16 A/Q=1.00 |PF|=233 migr=0.048 R2mk=1.0 (318s) [173/350]
done L15 seed=5 N=16 A/Q=1.00 |PF|=179 migr=0.017 R2mk=1.0 (360s) [174/350]
done L20 seed=1 N=9 A/Q=0.67 |PF|=151 migr=-0.235 R2mk=0.999 (169s) [175/350]
done L19 seed=0 N=9 A/Q=0.67 |PF|=96 migr=-0.204 R2mk=0.999 (229s) [176/350]
done L20 seed=3 N=9 A/Q=0.67 |PF|=109 migr=-0.038 R2mk=1.0 (151s) [177/350]
done L16 seed=8 N=16 A/Q=1.00 |PF|=188 migr=0.109 R2mk=1.0 (316s) [178/350]
done L15 seed=4 N=16 A/Q=1.00 |PF|=161 migr=-0.195 R2mk=1.0 (374s) [179/350]
done L19 seed=7 N=9 A/Q=0.67 |PF|=100 migr=-0.029 R2mk=0.999 (186s) [180/350]
done L19 seed=9 N=9 A/Q=0.67 |PF|=119 migr=-0.025 R2mk=0.999 (190s) [181/350]
done L20 seed=8 N=9 A/Q=0.67 |PF|=147 migr=-0.24 R2mk=1.0 (151s) [182/350]
done L20 seed=4 N=9 A/Q=0.67 |PF|=133 migr=-0.235 R2mk=1.0 (166s) [183/350]
done L21 seed=2 N=12 A/Q=0.67 |PF|=119 migr=-0.292 R2mk=1.0 (151s) [184/350]
done L19 seed=2 N=9 A/Q=0.67 |PF|=138 migr=-0.204 R2mk=0.999 (236s) [185/350]
done L21 seed=1 N=12 A/Q=0.67 |PF|=91 migr=-0.328 R2mk=0.999 (159s) [186/350]
done L19 seed=3 N=9 A/Q=0.67 |PF|=78 migr=-0.03 R2mk=0.999 (238s) [187/350]
done L19 seed=1 N=9 A/Q=0.67 |PF|=147 migr=-0.217 R2mk=0.999 (243s) [188/350]
done L15 seed=3 N=16 A/Q=1.00 |PF|=207 migr=0.013 R2mk=0.999 (403s) [189/350]
done L19 seed=4 N=9 A/Q=0.67 |PF|=132 migr=-0.215 R2mk=1.0 (231s) [190/350]
done L21 seed=5 N=12 A/Q=0.67 |PF|=116 migr=-0.021 R2mk=1.0 (165s) [191/350]
done L15 seed=6 N=16 A/Q=1.00 |PF|=176 migr=-0.005 R2mk=1.0 (406s) [192/350]
done L16 seed=9 N=16 A/Q=1.00 |PF|=192 migr=0.052 R2mk=1.0 (358s) [193/350]
done L21 seed=6 N=12 A/Q=0.67 |PF|=122 migr=-0.436 R2mk=1.0 (169s) [194/350]
done L20 seed=6 N=9 A/Q=0.67 |PF|=131 migr=-0.039 R2mk=0.999 (196s) [195/350]
done L16 seed=7 N=16 A/Q=1.00 |PF|=193 migr=0.143 R2mk=1.0 (369s) [196/350]
done L16 seed=0 N=16 A/Q=1.00 |PF|=228 migr=0.076 R2mk=1.0 (384s) [197/350]
done L19 seed=8 N=9 A/Q=0.67 |PF|=107 migr=-0.186 R2mk=1.0 (232s) [198/350]
done L20 seed=9 N=9 A/Q=0.67 |PF|=144 migr=-0.039 R2mk=0.999 (190s) [199/350]
done L20 seed=0 N=9 A/Q=0.67 |PF|=130 migr=-0.202 R2mk=0.999 (231s) [200/350]
done L20 seed=5 N=9 A/Q=0.67 |PF|=145 migr=-0.042 R2mk=0.999 (208s) [201/350]
done L16 seed=4 N=16 A/Q=1.00 |PF|=185 migr=0.063 R2mk=1.0 (385s) [202/350]
done L21 seed=7 N=12 A/Q=0.67 |PF|=100 migr=-0.34 R2mk=1.0 (183s) [203/350]
done L20 seed=2 N=9 A/Q=0.67 |PF|=141 migr=-0.235 R2mk=0.999 (234s) [204/350]
done L21 seed=3 N=12 A/Q=0.67 |PF|=107 migr=-0.278 R2mk=1.0 (202s) [205/350]
done L20 seed=7 N=9 A/Q=0.67 |PF|=141 migr=-0.042 R2mk=0.999 (232s) [206/350]
done L22 seed=7 N=12 A/Q=0.67 |PF|=117 migr=-0.149 R2mk=0.999 (193s) [207/350]
done L22 seed=1 N=12 A/Q=0.67 |PF|=150 migr=-0.019 R2mk=0.999 (213s) [208/350]
done L21 seed=4 N=12 A/Q=0.67 |PF|=103 migr=-0.486 R2mk=1.0 (230s) [209/350]
done L21 seed=9 N=12 A/Q=0.67 |PF|=120 migr=-0.18 R2mk=0.999 (239s) [210/350]
done L22 seed=2 N=12 A/Q=0.67 |PF|=124 migr=nan R2mk=0.999 (238s) [211/350]
done L22 seed=5 N=12 A/Q=0.67 |PF|=140 migr=-0.148 R2mk=0.999 (236s) [212/350]
done L25 seed=3 N=8 A/Q=0.50 |PF|=111 migr=nan R2mk=0.999 (117s) [213/350]
done L22 seed=6 N=12 A/Q=0.67 |PF|=142 migr=0.223 R2mk=0.999 (239s) [214/350]
done L22 seed=8 N=12 A/Q=0.67 |PF|=129 migr=-0.149 R2mk=1.0 (238s) [215/350]
done L25 seed=0 N=8 A/Q=0.50 |PF|=121 migr=-0.037 R2mk=0.999 (131s) [216/350]
done L22 seed=9 N=12 A/Q=0.67 |PF|=157 migr=-0.026 R2mk=0.999 (237s) [217/350]
done L22 seed=0 N=12 A/Q=0.67 |PF|=149 migr=-0.123 R2mk=1.0 (264s) [218/350]
done L25 seed=2 N=8 A/Q=0.50 |PF|=99 migr=nan R2mk=0.999 (140s) [219/350]
done L23 seed=2 N=15 A/Q=0.67 |PF|=141 migr=0.027 R2mk=1.0 (224s) [220/350]
done L21 seed=0 N=12 A/Q=0.67 |PF|=128 migr=-0.442 R2mk=1.0 (304s) [221/350]
done L23 seed=6 N=15 A/Q=0.67 |PF|=163 migr=0.021 R2mk=1.0 (218s) [222/350]
done L23 seed=5 N=15 A/Q=0.67 |PF|=127 migr=-0.161 R2mk=1.0 (222s) [223/350]
done L25 seed=5 N=8 A/Q=0.50 |PF|=111 migr=-0.037 R2mk=0.999 (152s) [224/350]
done L26 seed=0 N=8 A/Q=0.50 |PF|=125 migr=-0.216 R2mk=0.999 (138s) [225/350]
done L21 seed=8 N=12 A/Q=0.67 |PF|=116 migr=-0.041 R2mk=1.0 (297s) [226/350]
done L25 seed=8 N=8 A/Q=0.50 |PF|=104 migr=-0.047 R2mk=0.999 (154s) [227/350]
done L25 seed=1 N=8 A/Q=0.50 |PF|=111 migr=nan R2mk=0.999 (180s) [228/350]
done L26 seed=2 N=8 A/Q=0.50 |PF|=125 migr=-0.216 R2mk=0.999 (157s) [229/350]
done L25 seed=6 N=8 A/Q=0.50 |PF|=106 migr=-0.047 R2mk=0.999 (176s) [230/350]
done L26 seed=3 N=8 A/Q=0.50 |PF|=111 migr=-0.07 R2mk=1.0 (156s) [231/350]
done L22 seed=3 N=12 A/Q=0.67 |PF|=134 migr=0.006 R2mk=1.0 (309s) [232/350]
done L22 seed=4 N=12 A/Q=0.67 |PF|=151 migr=-0.027 R2mk=1.0 (312s) [233/350]
done L23 seed=0 N=15 A/Q=0.67 |PF|=164 migr=-0.023 R2mk=1.0 (295s) [234/350]
done L23 seed=9 N=15 A/Q=0.67 |PF|=172 migr=0.012 R2mk=0.999 (254s) [235/350]
done L25 seed=4 N=8 A/Q=0.50 |PF|=102 migr=-0.047 R2mk=0.999 (208s) [236/350]
done L26 seed=5 N=8 A/Q=0.50 |PF|=135 migr=-0.216 R2mk=0.999 (182s) [237/350]
done L26 seed=8 N=8 A/Q=0.50 |PF|=126 migr=-0.216 R2mk=0.999 (178s) [238/350]
done L26 seed=6 N=8 A/Q=0.50 |PF|=131 migr=-0.216 R2mk=0.999 (193s) [239/350]
done L24 seed=7 N=15 A/Q=0.67 |PF|=142 migr=0.128 R2mk=1.0 (247s) [240/350]
done L23 seed=7 N=15 A/Q=0.67 |PF|=152 migr=0.082 R2mk=0.999 (287s) [241/350]
done L25 seed=9 N=8 A/Q=0.50 |PF|=107 migr=-0.047 R2mk=0.999 (222s) [242/350]
done L26 seed=7 N=8 A/Q=0.50 |PF|=131 migr=-0.216 R2mk=0.999 (199s) [243/350]
done L25 seed=7 N=8 A/Q=0.50 |PF|=107 migr=nan R2mk=0.999 (234s) [244/350]
done L24 seed=6 N=15 A/Q=0.67 |PF|=140 migr=0.179 R2mk=0.999 (270s) [245/350]
done L27 seed=4 N=12 A/Q=0.50 |PF|=129 migr=-0.024 R2mk=1.0 (195s) [246/350]
done L27 seed=7 N=12 A/Q=0.50 |PF|=156 migr=-0.139 R2mk=0.999 (170s) [247/350]
done L27 seed=6 N=12 A/Q=0.50 |PF|=162 migr=-0.024 R2mk=1.0 (176s) [248/350]
done L23 seed=1 N=15 A/Q=0.67 |PF|=154 migr=0.072 R2mk=1.0 (341s) [249/350]
done L23 seed=8 N=15 A/Q=0.67 |PF|=149 migr=0.096 R2mk=1.0 (303s) [250/350]
done L27 seed=0 N=12 A/Q=0.50 |PF|=173 migr=-0.02 R2mk=1.0 (217s) [251/350]
done L26 seed=1 N=8 A/Q=0.50 |PF|=118 migr=-0.07 R2mk=0.999 (235s) [252/350]
done L27 seed=2 N=12 A/Q=0.50 |PF|=135 migr=-0.088 R2mk=1.0 (210s) [253/350]
done L23 seed=4 N=15 A/Q=0.67 |PF|=167 migr=-0.146 R2mk=1.0 (324s) [254/350]
done L27 seed=9 N=12 A/Q=0.50 |PF|=130 migr=-0.024 R2mk=0.999 (154s) [255/350]
done L24 seed=2 N=15 A/Q=0.67 |PF|=137 migr=-0.077 R2mk=0.999 (289s) [256/350]
done L24 seed=1 N=15 A/Q=0.67 |PF|=145 migr=0.033 R2mk=1.0 (301s) [257/350]
done L24 seed=9 N=15 A/Q=0.67 |PF|=153 migr=-0.136 R2mk=0.999 (272s) [258/350]
done L26 seed=4 N=8 A/Q=0.50 |PF|=124 migr=-0.216 R2mk=0.999 (230s) [259/350]
done L24 seed=8 N=15 A/Q=0.67 |PF|=141 migr=-0.173 R2mk=1.0 (278s) [260/350]
done L24 seed=4 N=15 A/Q=0.67 |PF|=140 migr=0.078 R2mk=1.0 (293s) [261/350]
done L28 seed=2 N=12 A/Q=0.50 |PF|=151 migr=0.055 R2mk=0.999 (151s) [262/350]
done L24 seed=3 N=15 A/Q=0.67 |PF|=172 migr=0.022 R2mk=1.0 (296s) [263/350]
done L26 seed=9 N=8 A/Q=0.50 |PF|=124 migr=-0.003 R2mk=0.999 (235s) [264/350]
done L27 seed=8 N=12 A/Q=0.50 |PF|=161 migr=-0.094 R2mk=1.0 (191s) [265/350]
done L23 seed=3 N=15 A/Q=0.67 |PF|=163 migr=0.133 R2mk=1.0 (348s) [266/350]
done L27 seed=3 N=12 A/Q=0.50 |PF|=152 migr=-0.087 R2mk=1.0 (228s) [267/350]
done L24 seed=5 N=15 A/Q=0.67 |PF|=126 migr=-0.022 R2mk=1.0 (302s) [268/350]
done L28 seed=4 N=12 A/Q=0.50 |PF|=156 migr=-0.004 R2mk=1.0 (158s) [269/350]
done L27 seed=5 N=12 A/Q=0.50 |PF|=148 migr=-0.032 R2mk=1.0 (210s) [270/350]
done L28 seed=1 N=12 A/Q=0.50 |PF|=160 migr=-0.005 R2mk=0.999 (171s) [271/350]
done L24 seed=0 N=15 A/Q=0.67 |PF|=155 migr=-0.092 R2mk=0.999 (328s) [272/350]
done L28 seed=3 N=12 A/Q=0.50 |PF|=164 migr=0.074 R2mk=1.0 (170s) [273/350]
done L27 seed=1 N=12 A/Q=0.50 |PF|=191 migr=-0.059 R2mk=1.0 (246s) [274/350]
done L28 seed=6 N=12 A/Q=0.50 |PF|=150 migr=0.074 R2mk=1.0 (160s) [275/350]
done L28 seed=8 N=12 A/Q=0.50 |PF|=169 migr=-0.029 R2mk=1.0 (156s) [276/350]
done L28 seed=5 N=12 A/Q=0.50 |PF|=127 migr=-0.007 R2mk=1.0 (169s) [277/350]
done L28 seed=0 N=12 A/Q=0.50 |PF|=142 migr=-0.003 R2mk=1.0 (188s) [278/350]
done L28 seed=7 N=12 A/Q=0.50 |PF|=133 migr=-0.024 R2mk=1.0 (166s) [279/350]
done L28 seed=9 N=12 A/Q=0.50 |PF|=140 migr=-0.005 R2mk=0.999 (172s) [280/350]
done L29 seed=1 N=16 A/Q=0.50 |PF|=184 migr=0.015 R2mk=1.0 (170s) [281/350]
done L29 seed=6 N=16 A/Q=0.50 |PF|=204 migr=0.06 R2mk=1.0 (165s) [282/350]
done L31 seed=2 N=10 A/Q=0.40 |PF|=164 migr=-0.005 R2mk=0.999 (97s) [283/350]
done L31 seed=0 N=10 A/Q=0.40 |PF|=181 migr=0.009 R2mk=0.999 (101s) [284/350]
done L31 seed=1 N=10 A/Q=0.40 |PF|=146 migr=-0.02 R2mk=0.998 (103s) [285/350]
done L29 seed=9 N=16 A/Q=0.50 |PF|=194 migr=0.05 R2mk=0.999 (155s) [286/350]
done L30 seed=2 N=16 A/Q=0.50 |PF|=187 migr=-0.057 R2mk=1.0 (153s) [287/350]
done L31 seed=4 N=10 A/Q=0.40 |PF|=145 migr=-0.02 R2mk=0.999 (98s) [288/350]
done L31 seed=8 N=10 A/Q=0.40 |PF|=156 migr=-0.004 R2mk=0.999 (96s) [289/350]
done L30 seed=3 N=16 A/Q=0.50 |PF|=159 migr=-0.018 R2mk=1.0 (145s) [290/350]
done L29 seed=7 N=16 A/Q=0.50 |PF|=222 migr=0.205 R2mk=0.999 (178s) [291/350]
done L29 seed=8 N=16 A/Q=0.50 |PF|=216 migr=0.003 R2mk=1.0 (175s) [292/350]
done L29 seed=5 N=16 A/Q=0.50 |PF|=182 migr=-0.011 R2mk=1.0 (194s) [293/350]
done L32 seed=1 N=10 A/Q=0.40 |PF|=185 migr=0.129 R2mk=0.999 (100s) [294/350]
done L32 seed=2 N=10 A/Q=0.40 |PF|=180 migr=0.103 R2mk=0.999 (99s) [295/350]
done L29 seed=3 N=16 A/Q=0.50 |PF|=228 migr=0.071 R2mk=1.0 (199s) [296/350]
done L29 seed=4 N=16 A/Q=0.50 |PF|=211 migr=0.014 R2mk=1.0 (199s) [297/350]
done L30 seed=0 N=16 A/Q=0.50 |PF|=172 migr=0.02 R2mk=1.0 (174s) [298/350]
done L32 seed=7 N=10 A/Q=0.40 |PF|=163 migr=0.103 R2mk=0.999 (97s) [299/350]
done L31 seed=3 N=10 A/Q=0.40 |PF|=156 migr=-0.005 R2mk=0.999 (114s) [300/350]
done L29 seed=0 N=16 A/Q=0.50 |PF|=194 migr=-0.051 R2mk=1.0 (209s) [301/350]
done L30 seed=4 N=16 A/Q=0.50 |PF|=173 migr=-0.066 R2mk=1.0 (149s) [302/350]
done L31 seed=6 N=10 A/Q=0.40 |PF|=143 migr=-0.027 R2mk=0.999 (114s) [303/350]
done L30 seed=5 N=16 A/Q=0.50 |PF|=164 migr=-0.073 R2mk=1.0 (152s) [304/350]
done L31 seed=5 N=10 A/Q=0.40 |PF|=150 migr=-0.02 R2mk=0.999 (115s) [305/350]
done L32 seed=8 N=10 A/Q=0.40 |PF|=209 migr=-0.042 R2mk=1.0 (103s) [306/350]
done L32 seed=4 N=10 A/Q=0.40 |PF|=167 migr=0.103 R2mk=1.0 (109s) [307/350]
done L30 seed=1 N=16 A/Q=0.50 |PF|=185 migr=0.053 R2mk=1.0 (182s) [308/350]
done L30 seed=6 N=16 A/Q=0.50 |PF|=176 migr=0.033 R2mk=1.0 (155s) [309/350]
done L31 seed=7 N=10 A/Q=0.40 |PF|=142 migr=0.155 R2mk=0.999 (118s) [310/350]
done L29 seed=2 N=16 A/Q=0.50 |PF|=205 migr=0.044 R2mk=1.0 (218s) [311/350]
done L32 seed=0 N=10 A/Q=0.40 |PF|=168 migr=0.103 R2mk=0.999 (120s) [312/350]
done L31 seed=9 N=10 A/Q=0.40 |PF|=148 migr=-0.005 R2mk=0.999 (121s) [313/350]
done L30 seed=9 N=16 A/Q=0.50 |PF|=198 migr=-0.082 R2mk=1.0 (152s) [314/350]
done L32 seed=6 N=10 A/Q=0.40 |PF|=190 migr=0.095 R2mk=1.0 (119s) [315/350]
done L32 seed=3 N=10 A/Q=0.40 |PF|=190 migr=0.098 R2mk=1.0 (122s) [316/350]
done L30 seed=7 N=16 A/Q=0.50 |PF|=137 migr=0.039 R2mk=1.0 (168s) [317/350]
done L32 seed=5 N=10 A/Q=0.40 |PF|=192 migr=0.095 R2mk=1.0 (127s) [318/350]
done L32 seed=9 N=10 A/Q=0.40 |PF|=204 migr=0.121 R2mk=0.999 (124s) [319/350]
done L33 seed=9 N=15 A/Q=0.40 |PF|=197 migr=0.032 R2mk=1.0 (132s) [320/350]
done L33 seed=6 N=15 A/Q=0.40 |PF|=205 migr=0.032 R2mk=1.0 (139s) [321/350]
done L30 seed=8 N=16 A/Q=0.50 |PF|=169 migr=-0.022 R2mk=1.0 (190s) [322/350]
done L33 seed=7 N=15 A/Q=0.40 |PF|=227 migr=-0.026 R2mk=1.0 (137s) [323/350]
done L33 seed=8 N=15 A/Q=0.40 |PF|=185 migr=nan R2mk=1.0 (143s) [324/350]
done L33 seed=5 N=15 A/Q=0.40 |PF|=199 migr=-0.013 R2mk=1.0 (151s) [325/350]
done L34 seed=3 N=15 A/Q=0.40 |PF|=231 migr=0.001 R2mk=1.0 (141s) [326/350]
done L34 seed=5 N=15 A/Q=0.40 |PF|=215 migr=0.002 R2mk=1.0 (146s) [327/350]
done L33 seed=2 N=15 A/Q=0.40 |PF|=245 migr=0.048 R2mk=1.0 (172s) [328/350]
done L35 seed=0 N=12 A/Q=0.33 |PF|=187 migr=-0.04 R2mk=0.999 (117s) [329/350]
done L35 seed=2 N=12 A/Q=0.33 |PF|=187 migr=-0.031 R2mk=0.999 (114s) [330/350]
done L34 seed=8 N=15 A/Q=0.40 |PF|=228 migr=-0.044 R2mk=1.0 (152s) [331/350]
done L34 seed=1 N=15 A/Q=0.40 |PF|=242 migr=0.002 R2mk=0.999 (162s) [332/350]
done L35 seed=3 N=12 A/Q=0.33 |PF|=175 migr=0.035 R2mk=0.999 (118s) [333/350]
done L34 seed=0 N=15 A/Q=0.40 |PF|=243 migr=0.056 R2mk=0.999 (166s) [334/350]
done L34 seed=6 N=15 A/Q=0.40 |PF|=225 migr=-0.054 R2mk=1.0 (158s) [335/350]
done L35 seed=5 N=12 A/Q=0.33 |PF|=167 migr=-0.027 R2mk=0.999 (115s) [336/350]
done L33 seed=1 N=15 A/Q=0.40 |PF|=202 migr=0.102 R2mk=1.0 (185s) [337/350]
done L33 seed=0 N=15 A/Q=0.40 |PF|=235 migr=0.048 R2mk=1.0 (187s) [338/350]
done L35 seed=7 N=12 A/Q=0.33 |PF|=174 migr=0.037 R2mk=0.999 (110s) [339/350]
done L34 seed=4 N=15 A/Q=0.40 |PF|=276 migr=0.001 R2mk=1.0 (165s) [340/350]
done L35 seed=6 N=12 A/Q=0.33 |PF|=174 migr=-0.03 R2mk=1.0 (113s) [341/350]
done L33 seed=3 N=15 A/Q=0.40 |PF|=215 migr=-0.005 R2mk=1.0 (187s) [342/350]
done L34 seed=7 N=15 A/Q=0.40 |PF|=231 migr=0.058 R2mk=0.999 (164s) [343/350]
done L33 seed=4 N=15 A/Q=0.40 |PF|=172 migr=0.048 R2mk=1.0 (187s) [344/350]
done L35 seed=9 N=12 A/Q=0.33 |PF|=177 migr=-0.012 R2mk=0.999 (114s) [345/350]
done L35 seed=1 N=12 A/Q=0.33 |PF|=165 migr=-0.031 R2mk=0.999 (137s) [346/350]
done L35 seed=4 N=12 A/Q=0.33 |PF|=176 migr=0.041 R2mk=1.0 (131s) [347/350]
done L35 seed=8 N=12 A/Q=0.33 |PF|=162 migr=0.054 R2mk=0.999 (119s) [348/350]
done L34 seed=2 N=15 A/Q=0.40 |PF|=219 migr=0.004 R2mk=1.0 (182s) [349/350]
done L34 seed=9 N=15 A/Q=0.40 |PF|=228 migr=0.001 R2mk=0.999 (184s) [350/350]

wrote experiments/thesis/thesis_L_full.json | 350 ok, 0 failed | total 1106s
/thesis_L_full.json | 350 ok, 0 failed | total 886s
