instance=L07 N=8 coupled=False | mp P=40x4, GAT/BRKGA pop=160 | gens=40 | matched evals/gen=160
training core + fused TAPE head ...
  fused R2_makespan=0.9987 R2_energy=1.0000
reference: non-dominated union of mp-BRKGA + BRKGA + TAPE @ 50 gens | 92 pts | HV*=688943.4
  E-HGATv2-TAPE: done 4 seeds
  E-HGATv2-attn: done 4 seeds
  NSGA-II (random): done 4 seeds
  mp-BRKGA: done 4 seeds
  single-pop BRKGA: done 4 seeds

# Faithful-guidance study -- L07 (N=8, uncoupled)

_4 seeds, 40 gens, matched exact-eval budget (mp 40x4 = GAT/BRKGA 160/gen). Reference: non-dominated union of mp-BRKGA + BRKGA + TAPE @ 50 gens. Cells = mean (95% CI)._

## Optimisation (Req 3)

| Method | HV / HV* | GD+ | IGD+ | Spread | true evals |
|---|---|---|---|---|---|
| E-HGATv2-TAPE | 0.9621 ± 0.0333 | 3.4985 ± 3.1054 | 31.1440 ± 28.6330 | 0.7806 ± 0.1204 | 6560 |
| E-HGATv2-attn | 0.9848 ± 0.0086 | 1.5479 ± 2.0813 | 7.6574 ± 8.8827 | 0.8348 ± 0.1228 | 6560 |
| NSGA-II (random) | 0.9566 ± 0.0320 | 8.6922 ± 13.3956 | 26.2014 ± 28.0642 | 0.8738 ± 0.2394 | 6560 |
| mp-BRKGA | 0.9116 ± 0.0687 | 39.8753 ± 48.3578 | 38.5432 ± 29.7613 | 0.7840 ± 0.1612 | 6560 |
| single-pop BRKGA | 0.9341 ± 0.0287 | 8.5405 ± 11.3184 | 35.4945 ± 31.8312 | 0.8562 ± 0.1059 | 6560 |

## Guidance-signal faithfulness (Req 2)

| Signal | precision@1 | Spearman rho | leg-critical Jaccard vs oracle |
|---|---|---|---|
| attention (Signal #1) | 0.867 | 0.176 | n/a |
| **TAPE (Signal #3)** | n/a | n/a | **0.985** |
| random baseline | 0.125 | 0.000 | n/a |

_TAPE makespan abs-error vs oracle: 2.221. A faithful signal that also tops the optimisation table is the unified Req 2+3 claim._


wrote experiments/fused_tape_guided/tape_bench_L07_sh0.* (total 744s)
