instance=L07 N=8 coupled=False | mp P=40x4, GAT/BRKGA pop=160 | gens=40 | matched evals/gen=160
training core + fused TAPE head ...
  fused R2_makespan=0.9987 R2_energy=1.0000
reference: non-dominated union of mp-BRKGA + BRKGA + TAPE @ 50 gens | 92 pts | HV*=688943.4
  E-HGATv2-TAPE: done 4 seeds
  E-HGATv2-attn: done 4 seeds
  NSGA-II (random): done 4 seeds
  mp-BRKGA: done 4 seeds
  single-pop BRKGA: done 4 seeds

# Faithful-guidance study -- L07 (N=8, uncoupled)

_4 seeds, 40 gens, matched exact-eval budget (mp 40x4 = GAT/BRKGA 160/gen). Reference: non-dominated union of mp-BRKGA + BRKGA + TAPE @ 50 gens. Cells = mean (95% CI)._

## Optimisation (Req 3)

| Method | HV / HV* | GD+ | IGD+ | Spread | true evals |
|---|---|---|---|---|---|
| E-HGATv2-TAPE | 0.9786 ± 0.0434 | 1.8119 ± 2.9754 | 19.3480 ± 31.1641 | 0.8166 ± 0.0937 | 6560 |
| E-HGATv2-attn | 0.9666 ± 0.0302 | 0.8409 ± 0.8626 | 28.1457 ± 28.1503 | 0.8312 ± 0.0283 | 6560 |
| NSGA-II (random) | 0.9424 ± 0.0324 | 10.2037 ± 8.4761 | 32.1285 ± 29.4194 | 0.9048 ± 0.0597 | 6560 |
| mp-BRKGA | 0.9342 ± 0.0343 | 21.3842 ± 11.0763 | 36.3967 ± 29.8798 | 0.7868 ± 0.1180 | 6560 |
| single-pop BRKGA | 0.9349 ± 0.0602 | 9.4101 ± 12.2583 | 34.4894 ± 42.2240 | 0.8861 ± 0.1477 | 6560 |

## Guidance-signal faithfulness (Req 2)

| Signal | precision@1 | Spearman rho | leg-critical Jaccard vs oracle |
|---|---|---|---|
| attention (Signal #1) | 0.867 | 0.176 | n/a |
| **TAPE (Signal #3)** | n/a | n/a | **0.985** |
| random baseline | 0.125 | 0.000 | n/a |

_TAPE makespan abs-error vs oracle: 2.221. A faithful signal that also tops the optimisation table is the unified Req 2+3 claim._


wrote experiments/fused_tape_guided/tape_bench_L07_sh4.* (total 753s)
