instance=L15 N=16 coupled=False | mp P=80x4, GAT/BRKGA pop=320 | gens=40 | matched evals/gen=320
training core + fused TAPE head ...
  fused R2_makespan=0.9987 R2_energy=1.0000
  E-HGATv2-TAPE: done 4 seeds
  E-HGATv2-attn: done 4 seeds
  NSGA-II (random): done 4 seeds
  mp-BRKGA: done 4 seeds
  single-pop BRKGA: done 4 seeds
reference: non-dominated union of high-budget mp-BRKGA + BRKGA + TAPE @ 50 gens and all evaluated fronts | 110 pts | HV*=1518573.9

# Faithful-guidance study -- L15 (N=16, uncoupled)

_4 seeds, 40 gens, matched exact-eval budget (mp 80x4 = GAT/BRKGA 320/gen). Reference: non-dominated union of high-budget mp-BRKGA + BRKGA + TAPE @ 50 gens and all evaluated fronts. Cells = mean (95% CI)._

## Optimisation (Req 3)

| Method | HV / HV* | GD+ | IGD+ | Spread | true evals |
|---|---|---|---|---|---|
| E-HGATv2-TAPE | 0.9583 ± 0.0199 | 18.1448 ± 13.0164 | 22.0949 ± 15.4705 | 0.8176 ± 0.0479 | 13120 |
| E-HGATv2-attn | 0.9467 ± 0.0171 | 15.7285 ± 21.9022 | 21.2684 ± 16.2352 | 0.9261 ± 0.1551 | 13120 |
| NSGA-II (random) | 0.8876 ± 0.0192 | 56.4514 ± 15.5149 | 63.2697 ± 11.1516 | 0.8709 ± 0.1161 | 13120 |
| mp-BRKGA | 0.8914 ± 0.0196 | 75.1901 ± 21.2817 | 82.1598 ± 29.8345 | 0.8322 ± 0.2082 | 13120 |
| single-pop BRKGA | 0.8965 ± 0.0386 | 47.0430 ± 21.2938 | 53.0274 ± 18.0913 | 0.8673 ± 0.0673 | 13120 |

## Guidance-signal faithfulness (Req 2)

| Signal | precision@1 | Spearman rho | leg-critical Jaccard vs oracle |
|---|---|---|---|
| attention (Signal #1) | 0.667 | 0.064 | n/a |
| **TAPE (Signal #3)** | n/a | n/a | **0.996** |
| random baseline | 0.062 | 0.000 | n/a |

_TAPE makespan abs-error vs oracle: 3.289. A faithful signal that also tops the optimisation table is the unified Req 2+3 claim._


wrote experiments/fused_tape_guided/tape_bench_L15_sh16.* (total 4393s)
