instance=L15 N=16 coupled=False | mp P=80x4, GAT/BRKGA pop=320 | gens=40 | matched evals/gen=320
training core + fused TAPE head ...
  fused R2_makespan=0.9987 R2_energy=1.0000
  E-HGATv2-TAPE: done 4 seeds
  E-HGATv2-attn: done 4 seeds
  NSGA-II (random): done 4 seeds
  mp-BRKGA: done 4 seeds
  single-pop BRKGA: done 4 seeds
reference: non-dominated union of high-budget mp-BRKGA + BRKGA + TAPE @ 50 gens and all evaluated fronts | 109 pts | HV*=731470.2

# Faithful-guidance study -- L15 (N=16, uncoupled)

_4 seeds, 40 gens, matched exact-eval budget (mp 80x4 = GAT/BRKGA 320/gen). Reference: non-dominated union of high-budget mp-BRKGA + BRKGA + TAPE @ 50 gens and all evaluated fronts. Cells = mean (95% CI)._

## Optimisation (Req 3)

| Method | HV / HV* | GD+ | IGD+ | Spread | true evals |
|---|---|---|---|---|---|
| E-HGATv2-TAPE | 0.9101 ± 0.0390 | 28.7571 ± 10.7833 | 26.2146 ± 6.4751 | 0.8118 ± 0.0845 | 13120 |
| E-HGATv2-attn | 0.9181 ± 0.0300 | 12.1622 ± 5.9949 | 14.9303 ± 2.7452 | 0.8448 ± 0.1099 | 13120 |
| NSGA-II (random) | 0.8071 ± 0.0893 | 57.8108 ± 36.5287 | 50.6643 ± 25.8182 | 0.8466 ± 0.0339 | 13120 |
| mp-BRKGA | 0.8111 ± 0.0414 | 68.7846 ± 25.4850 | 65.5304 ± 12.3787 | 0.7653 ± 0.2022 | 13120 |
| single-pop BRKGA | 0.7635 ± 0.0272 | 55.4608 ± 18.7456 | 53.2780 ± 17.2292 | 0.8759 ± 0.0788 | 13120 |

## Guidance-signal faithfulness (Req 2)

| Signal | precision@1 | Spearman rho | leg-critical Jaccard vs oracle |
|---|---|---|---|
| attention (Signal #1) | 0.667 | 0.064 | n/a |
| **TAPE (Signal #3)** | n/a | n/a | **0.996** |
| random baseline | 0.062 | 0.000 | n/a |

_TAPE makespan abs-error vs oracle: 3.289. A faithful signal that also tops the optimisation table is the unified Req 2+3 claim._


wrote experiments/fused_tape_guided/tape_bench_L15_sh0.* (total 4583s)
