instance=L21 N=12 coupled=False | mp P=60x4, GAT/BRKGA pop=240 | gens=40 | matched evals/gen=240
training core + fused TAPE head ...
  fused R2_makespan=0.9992 R2_energy=1.0000
  E-HGATv2-TAPE: done 4 seeds
  E-HGATv2-attn: done 4 seeds
  NSGA-II (random): done 4 seeds
  mp-BRKGA: done 4 seeds
  single-pop BRKGA: done 4 seeds
reference: non-dominated union of high-budget mp-BRKGA + BRKGA + TAPE @ 50 gens and all evaluated fronts | 88 pts | HV*=182094.2

# Faithful-guidance study -- L21 (N=12, uncoupled)

_4 seeds, 40 gens, matched exact-eval budget (mp 60x4 = GAT/BRKGA 240/gen). Reference: non-dominated union of high-budget mp-BRKGA + BRKGA + TAPE @ 50 gens and all evaluated fronts. Cells = mean (95% CI)._

## Optimisation (Req 3)

| Method | HV / HV* | GD+ | IGD+ | Spread | true evals |
|---|---|---|---|---|---|
| E-HGATv2-TAPE | 0.9416 ± 0.0612 | 4.5191 ± 1.5654 | 5.9404 ± 2.9888 | 0.7615 ± 0.1414 | 9840 |
| E-HGATv2-attn | 0.8999 ± 0.0739 | 5.9269 ± 4.7777 | 8.3775 ± 6.3005 | 0.9049 ± 0.2550 | 9840 |
| NSGA-II (random) | 0.8002 ± 0.1084 | 25.7481 ± 18.8141 | 24.7979 ± 15.6562 | 0.8407 ± 0.1654 | 9840 |
| mp-BRKGA | 0.7018 ± 0.1960 | 78.5315 ± 64.7545 | 65.2818 ± 61.6010 | 0.8682 ± 0.2318 | 9840 |
| single-pop BRKGA | 0.8601 ± 0.0387 | 10.3122 ± 5.5149 | 15.1935 ± 7.0993 | 0.8259 ± 0.1484 | 9840 |

## Guidance-signal faithfulness (Req 2)

| Signal | precision@1 | Spearman rho | leg-critical Jaccard vs oracle |
|---|---|---|---|
| attention (Signal #1) | 0.733 | 0.054 | n/a |
| **TAPE (Signal #3)** | n/a | n/a | **0.988** |
| random baseline | 0.083 | 0.000 | n/a |

_TAPE makespan abs-error vs oracle: 2.184. A faithful signal that also tops the optimisation table is the unified Req 2+3 claim._


wrote experiments/fused_tape_guided/tape_bench_L21_sh8.* (total 3178s)
