instance=L35 N=12 coupled=False | mp P=60x4, GAT/BRKGA pop=240 | gens=40 | matched evals/gen=240
training core + fused TAPE head ...
  fused R2_makespan=0.9972 R2_energy=1.0000
  E-HGATv2-TAPE: done 4 seeds
  E-HGATv2-attn: done 4 seeds
  NSGA-II (random): done 4 seeds
  mp-BRKGA: done 4 seeds
  single-pop BRKGA: done 4 seeds
reference: non-dominated union of high-budget mp-BRKGA + BRKGA + TAPE @ 50 gens and all evaluated fronts | 117 pts | HV*=720941.0

# Faithful-guidance study -- L35 (N=12, uncoupled)

_4 seeds, 40 gens, matched exact-eval budget (mp 60x4 = GAT/BRKGA 240/gen). Reference: non-dominated union of high-budget mp-BRKGA + BRKGA + TAPE @ 50 gens and all evaluated fronts. Cells = mean (95% CI)._

## Optimisation (Req 3)

| Method | HV / HV* | GD+ | IGD+ | Spread | true evals |
|---|---|---|---|---|---|
| E-HGATv2-TAPE | 0.9537 ± 0.0301 | 9.7654 ± 6.7132 | 14.0908 ± 9.6122 | 0.8017 ± 0.0638 | 9840 |
| E-HGATv2-attn | 0.9495 ± 0.0365 | 10.9848 ± 9.5948 | 11.1614 ± 4.2354 | 0.8301 ± 0.1873 | 9840 |
| NSGA-II (random) | 0.8887 ± 0.0237 | 25.3721 ± 12.4259 | 30.2915 ± 9.7891 | 0.7860 ± 0.0772 | 9840 |
| mp-BRKGA | 0.8440 ± 0.0937 | 56.9059 ± 28.8821 | 56.7220 ± 29.3469 | 0.7853 ± 0.2222 | 9840 |
| single-pop BRKGA | 0.9066 ± 0.0276 | 21.0839 ± 8.8374 | 26.5046 ± 8.9448 | 0.7954 ± 0.0929 | 9840 |

## Guidance-signal faithfulness (Req 2)

| Signal | precision@1 | Spearman rho | leg-critical Jaccard vs oracle |
|---|---|---|---|
| attention (Signal #1) | 0.600 | 0.084 | n/a |
| **TAPE (Signal #3)** | n/a | n/a | **0.989** |
| random baseline | 0.083 | 0.000 | n/a |

_TAPE makespan abs-error vs oracle: 7.821. A faithful signal that also tops the optimisation table is the unified Req 2+3 claim._


wrote experiments/fused_tape_guided/tape_bench_L35_sh12.* (total 3244s)
