instance=toy:10 N=10 coupled=True | mp P=50x4, GAT/BRKGA pop=200 | gens=40 | matched evals/gen=200
training core + fused TAPE head ...
  fused R2_makespan=0.8107 R2_energy=1.0000
  E-HGATv2-TAPE: done 4 seeds
  E-HGATv2-attn: done 4 seeds
  NSGA-II (random): done 4 seeds
  mp-BRKGA: done 4 seeds
  single-pop BRKGA: done 4 seeds
reference: non-dominated union of high-budget mp-BRKGA + BRKGA + TAPE @ 50 gens and all evaluated fronts | 134 pts | HV*=811034.8

# Faithful-guidance study -- toy:10 (N=10, coupled)

_4 seeds, 40 gens, matched exact-eval budget (mp 50x4 = GAT/BRKGA 200/gen). Reference: non-dominated union of high-budget mp-BRKGA + BRKGA + TAPE @ 50 gens and all evaluated fronts. Cells = mean (95% CI)._

## Optimisation (Req 3)

| Method | HV / HV* | GD+ | IGD+ | Spread | true evals |
|---|---|---|---|---|---|
| E-HGATv2-TAPE | 0.8055 ± 0.1237 | 70.3952 ± 69.8365 | 114.7301 ± 85.0044 | 1.0050 ± 0.3306 | 8200 |
| E-HGATv2-attn | 0.8584 ± 0.1456 | 44.8757 ± 72.8078 | 78.9027 ± 95.2383 | 1.1197 ± 0.1414 | 8200 |
| NSGA-II (random) | 0.8051 ± 0.1175 | 79.1815 ± 70.1674 | 96.8480 ± 70.3085 | 0.9118 ± 0.0982 | 8200 |
| mp-BRKGA | 0.7797 ± 0.0617 | 178.2456 ± 178.9230 | 102.0767 ± 30.3246 | 0.9076 ± 0.1420 | 8200 |
| single-pop BRKGA | 0.7876 ± 0.1007 | 88.4067 ± 81.8482 | 102.5565 ± 47.8454 | 0.9125 ± 0.1672 | 8200 |

## Guidance-signal faithfulness (Req 2)

| Signal | precision@1 | Spearman rho | leg-critical Jaccard vs oracle |
|---|---|---|---|
| attention (Signal #1) | 0.667 | -0.080 | n/a |
| **TAPE (Signal #3)** | n/a | n/a | **0.955** |
| random baseline | 0.100 | 0.000 | n/a |

_TAPE makespan abs-error vs oracle: 33.593. A faithful signal that also tops the optimisation table is the unified Req 2+3 claim._


wrote experiments/fused_tape_guided/tape_bench_toy10_pp30_sh16.* (total 3998s)
