instance=toy:10 N=10 coupled=False | mp P=50x4, GAT/BRKGA pop=200 | gens=40 | matched evals/gen=200
training core + fused TAPE head ...
  fused R2_makespan=0.9895 R2_energy=1.0000
  E-HGATv2-TAPE: done 4 seeds
  E-HGATv2-attn: done 4 seeds
  NSGA-II (random): done 4 seeds
  mp-BRKGA: done 4 seeds
  single-pop BRKGA: done 4 seeds
reference: non-dominated union of high-budget mp-BRKGA + BRKGA + TAPE @ 50 gens and all evaluated fronts | 130 pts | HV*=1298979.5

# Faithful-guidance study -- toy:10 (N=10, uncoupled)

_4 seeds, 40 gens, matched exact-eval budget (mp 50x4 = GAT/BRKGA 200/gen). Reference: non-dominated union of high-budget mp-BRKGA + BRKGA + TAPE @ 50 gens and all evaluated fronts. Cells = mean (95% CI)._

## Optimisation (Req 3)

| Method | HV / HV* | GD+ | IGD+ | Spread | true evals |
|---|---|---|---|---|---|
| E-HGATv2-TAPE | 0.8531 ± 0.0493 | 58.0209 ± 70.7742 | 60.5365 ± 27.7776 | 1.0247 ± 0.2517 | 8200 |
| E-HGATv2-attn | 0.8997 ± 0.0855 | 38.6127 ± 36.2966 | 34.0992 ± 31.9897 | 0.9448 ± 0.0916 | 8200 |
| NSGA-II (random) | 0.8312 ± 0.1223 | 146.6713 ± 176.4029 | 78.3127 ± 65.8659 | 0.9366 ± 0.0891 | 8200 |
| mp-BRKGA | 0.7825 ± 0.1111 | 136.3144 ± 130.1753 | 124.0503 ± 66.2258 | 0.7718 ± 0.0950 | 8200 |
| single-pop BRKGA | 0.7850 ± 0.1962 | 103.5763 ± 69.5032 | 106.9380 ± 113.1950 | 0.9447 ± 0.0748 | 8200 |

## Guidance-signal faithfulness (Req 2)

| Signal | precision@1 | Spearman rho | leg-critical Jaccard vs oracle |
|---|---|---|---|
| attention (Signal #1) | 0.700 | 0.088 | n/a |
| **TAPE (Signal #3)** | n/a | n/a | **0.975** |
| random baseline | 0.100 | 0.000 | n/a |

_TAPE makespan abs-error vs oracle: 10.516. A faithful signal that also tops the optimisation table is the unified Req 2+3 claim._


wrote experiments/fused_tape_guided/tape_bench_toy10_sh4.* (total 2520s)
