instance=toy:10 N=10 coupled=True | mp P=50x4, GAT/BRKGA pop=200 | gens=40 | matched evals/gen=200
training core + fused TAPE head ...
  fused R2_makespan=0.8107 R2_energy=1.0000
  E-HGATv2-TAPE: done 4 seeds
  E-HGATv2-attn: done 4 seeds
  NSGA-II (random): done 4 seeds
  mp-BRKGA: done 4 seeds
  single-pop BRKGA: done 4 seeds
reference: non-dominated union of high-budget mp-BRKGA + BRKGA + TAPE @ 50 gens and all evaluated fronts | 123 pts | HV*=1405091.5

# Faithful-guidance study -- toy:10 (N=10, coupled)

_4 seeds, 40 gens, matched exact-eval budget (mp 50x4 = GAT/BRKGA 200/gen). Reference: non-dominated union of high-budget mp-BRKGA + BRKGA + TAPE @ 50 gens and all evaluated fronts. Cells = mean (95% CI)._

## Optimisation (Req 3)

| Method | HV / HV* | GD+ | IGD+ | Spread | true evals |
|---|---|---|---|---|---|
| E-HGATv2-TAPE | 0.9237 ± 0.0495 | 33.9626 ± 44.9078 | 56.9912 ± 32.8344 | 1.0162 ± 0.0709 | 8200 |
| E-HGATv2-attn | 0.9150 ± 0.0671 | 43.1945 ± 41.7465 | 71.4654 ± 82.0192 | 1.0181 ± 0.1855 | 8200 |
| NSGA-II (random) | 0.8321 ± 0.1072 | 68.3154 ± 38.7391 | 173.9809 ± 167.5234 | 1.0047 ± 0.0961 | 8200 |
| mp-BRKGA | 0.8296 ± 0.0543 | 86.2150 ± 41.7766 | 108.3754 ± 82.0732 | 1.0014 ± 0.1788 | 8200 |
| single-pop BRKGA | 0.8440 ± 0.1110 | 64.8164 ± 55.4197 | 133.6037 ± 133.7522 | 0.9108 ± 0.1302 | 8200 |

## Guidance-signal faithfulness (Req 2)

| Signal | precision@1 | Spearman rho | leg-critical Jaccard vs oracle |
|---|---|---|---|
| attention (Signal #1) | 0.667 | -0.080 | n/a |
| **TAPE (Signal #3)** | n/a | n/a | **0.955** |
| random baseline | 0.100 | 0.000 | n/a |

_TAPE makespan abs-error vs oracle: 33.593. A faithful signal that also tops the optimisation table is the unified Req 2+3 claim._


wrote experiments/fused_tape_guided/tape_bench_toy10_pp30_sh0.* (total 4410s)
