instance=toy:20 N=20 coupled=False | mp P=100x4, GAT/BRKGA pop=400 | gens=40 | matched evals/gen=400
training core + fused TAPE head ...
  fused R2_makespan=0.9888 R2_energy=1.0000
  E-HGATv2-TAPE: done 4 seeds
  E-HGATv2-attn: done 4 seeds
  NSGA-II (random): done 4 seeds
  mp-BRKGA: done 4 seeds
  single-pop BRKGA: done 4 seeds
reference: non-dominated union of high-budget mp-BRKGA + BRKGA + TAPE @ 50 gens and all evaluated fronts | 94 pts | HV*=4622832.9

# Faithful-guidance study -- toy:20 (N=20, uncoupled)

_4 seeds, 40 gens, matched exact-eval budget (mp 100x4 = GAT/BRKGA 400/gen). Reference: non-dominated union of high-budget mp-BRKGA + BRKGA + TAPE @ 50 gens and all evaluated fronts. Cells = mean (95% CI)._

## Optimisation (Req 3)

| Method | HV / HV* | GD+ | IGD+ | Spread | true evals |
|---|---|---|---|---|---|
| E-HGATv2-TAPE | 0.7127 ± 0.2060 | 306.4894 ± 411.9416 | 426.2988 ± 292.7503 | 0.9450 ± 0.0952 | 16400 |
| E-HGATv2-attn | 0.7356 ± 0.1214 | 462.5468 ± 207.4408 | 381.6198 ± 154.1311 | 0.8841 ± 0.1406 | 16400 |
| NSGA-II (random) | 0.6166 ± 0.1137 | 397.5808 ± 322.3838 | 553.7654 ± 184.3338 | 0.8944 ± 0.1151 | 16400 |
| mp-BRKGA | 0.7027 ± 0.1496 | 1355.4876 ± 970.8513 | 378.7588 ± 197.7300 | 1.0051 ± 0.1572 | 16400 |
| single-pop BRKGA | 0.5177 ± 0.1466 | 791.9982 ± 538.5649 | 713.9216 ± 287.5822 | 0.9315 ± 0.1013 | 16400 |

## Guidance-signal faithfulness (Req 2)

| Signal | precision@1 | Spearman rho | leg-critical Jaccard vs oracle |
|---|---|---|---|
| attention (Signal #1) | 0.667 | -0.003 | n/a |
| **TAPE (Signal #3)** | n/a | n/a | **0.952** |
| random baseline | 0.050 | 0.000 | n/a |

_TAPE makespan abs-error vs oracle: 14.634. A faithful signal that also tops the optimisation table is the unified Req 2+3 claim._


wrote experiments/fused_tape_guided/tape_bench_toy20_sh4.* (total 5856s)
