instance=toy:5 N=5 coupled=False | mp P=25x4, GAT/BRKGA pop=100 | gens=40 | matched evals/gen=100
training core + fused TAPE head ...
  fused R2_makespan=0.9875 R2_energy=1.0000
  E-HGATv2-TAPE: done 4 seeds
  E-HGATv2-attn: done 4 seeds
  NSGA-II (random): done 4 seeds
  mp-BRKGA: done 4 seeds
  single-pop BRKGA: done 4 seeds
reference: exact Oracle | 123 pts | HV*=744076.1

# Faithful-guidance study -- toy:5 (N=5, uncoupled)

_4 seeds, 40 gens, matched exact-eval budget (mp 25x4 = GAT/BRKGA 100/gen). Reference: exact Oracle. Cells = mean (95% CI)._

## Optimisation (Req 3)

| Method | HV / HV* | GD+ | IGD+ | Spread | true evals |
|---|---|---|---|---|---|
| E-HGATv2-TAPE | 0.9681 ± 0.0283 | 1.0396 ± 0.3937 | 19.9280 ± 29.4877 | 0.9873 ± 0.0470 | 4100 |
| E-HGATv2-attn | 0.9646 ± 0.0346 | 1.0785 ± 0.6990 | 22.3849 ± 34.1413 | 0.9750 ± 0.0526 | 4100 |
| NSGA-II (random) | 0.9576 ± 0.0364 | 1.5753 ± 1.5982 | 24.2117 ± 33.7292 | 0.9578 ± 0.0244 | 4100 |
| mp-BRKGA | 0.9185 ± 0.0363 | 36.9524 ± 32.7950 | 39.9197 ± 20.7611 | 0.8594 ± 0.0695 | 4100 |
| single-pop BRKGA | 0.9549 ± 0.0333 | 6.4381 ± 5.0609 | 29.2181 ± 36.2190 | 0.9191 ± 0.0579 | 4100 |

## Guidance-signal faithfulness (Req 2)

| Signal | precision@1 | Spearman rho | leg-critical Jaccard vs oracle |
|---|---|---|---|
| attention (Signal #1) | 0.600 | 0.062 | n/a |
| **TAPE (Signal #3)** | n/a | n/a | **0.980** |
| random baseline | 0.200 | 0.000 | n/a |

_TAPE makespan abs-error vs oracle: 8.114. A faithful signal that also tops the optimisation table is the unified Req 2+3 claim._


wrote experiments/fused_tape_guided/tape_bench_toy5_sh8.* (total 1082s)
