instance=toy:5 N=5 coupled=False | mp P=25x4, GAT/BRKGA pop=100 | gens=40 | matched evals/gen=100
training core + fused TAPE head ...
  fused R2_makespan=0.9875 R2_energy=1.0000
reference: exact Oracle | 123 pts | HV*=744076.1
  E-HGATv2-TAPE: done 4 seeds
  E-HGATv2-attn: done 4 seeds
  NSGA-II (random): done 4 seeds
  mp-BRKGA: done 4 seeds
  single-pop BRKGA: done 4 seeds

# Faithful-guidance study -- toy:5 (N=5, uncoupled)

_4 seeds, 40 gens, matched exact-eval budget (mp 25x4 = GAT/BRKGA 100/gen). Reference: exact Oracle. Cells = mean (95% CI)._

## Optimisation (Req 3)

| Method | HV / HV* | GD+ | IGD+ | Spread | true evals |
|---|---|---|---|---|---|
| E-HGATv2-TAPE | 0.9827 ± 0.0363 | 1.0989 ± 1.1731 | 11.4150 ± 30.9092 | 0.9764 ± 0.0971 | 4100 |
| E-HGATv2-attn | 0.9811 ± 0.0066 | 1.4967 ± 0.6238 | 4.7417 ± 1.2216 | 0.9691 ± 0.1834 | 4100 |
| NSGA-II (random) | 0.9798 ± 0.0159 | 3.0582 ± 1.8389 | 5.8134 ± 3.4465 | 0.9212 ± 0.0608 | 4100 |
| mp-BRKGA | 0.9453 ± 0.0270 | 12.8112 ± 5.5826 | 25.3620 ± 25.7726 | 0.8415 ± 0.1342 | 4100 |
| single-pop BRKGA | 0.9511 ± 0.0351 | 5.1420 ± 6.5937 | 34.5720 ± 29.5243 | 0.8431 ± 0.1532 | 4100 |

## Guidance-signal faithfulness (Req 2)

| Signal | precision@1 | Spearman rho | leg-critical Jaccard vs oracle |
|---|---|---|---|
| attention (Signal #1) | 0.600 | 0.062 | n/a |
| **TAPE (Signal #3)** | n/a | n/a | **0.980** |
| random baseline | 0.200 | 0.000 | n/a |

_TAPE makespan abs-error vs oracle: 8.114. A faithful signal that also tops the optimisation table is the unified Req 2+3 claim._


wrote experiments/fused_tape_guided/tape_bench_toy5_sh4.* (total 427s)
