instance=toy:8 N=8 coupled=False | mp P=40x4, GAT/BRKGA pop=160 | gens=40 | matched evals/gen=160
training core + fused TAPE head ...
  fused R2_makespan=0.9892 R2_energy=1.0000
  E-HGATv2-TAPE: done 4 seeds
  E-HGATv2-attn: done 4 seeds
  NSGA-II (random): done 4 seeds
  mp-BRKGA: done 4 seeds
  single-pop BRKGA: done 4 seeds
reference: non-dominated union of high-budget mp-BRKGA + BRKGA + TAPE @ 50 gens and all evaluated fronts | 150 pts | HV*=1191813.4

# Faithful-guidance study -- toy:8 (N=8, uncoupled)

_4 seeds, 40 gens, matched exact-eval budget (mp 40x4 = GAT/BRKGA 160/gen). Reference: non-dominated union of high-budget mp-BRKGA + BRKGA + TAPE @ 50 gens and all evaluated fronts. Cells = mean (95% CI)._

## Optimisation (Req 3)

| Method | HV / HV* | GD+ | IGD+ | Spread | true evals |
|---|---|---|---|---|---|
| E-HGATv2-TAPE | 0.9096 ± 0.0561 | 29.6972 ± 44.2780 | 75.9173 ± 25.7262 | 0.9177 ± 0.1018 | 6560 |
| E-HGATv2-attn | 0.9483 ± 0.0430 | 15.0670 ± 16.4813 | 29.5829 ± 42.2253 | 0.9646 ± 0.0761 | 6560 |
| NSGA-II (random) | 0.9131 ± 0.0237 | 22.3346 ± 18.9121 | 50.9622 ± 43.4437 | 0.9724 ± 0.1188 | 6560 |
| mp-BRKGA | 0.8912 ± 0.0241 | 37.1098 ± 23.2007 | 75.5990 ± 15.3609 | 0.8375 ± 0.1221 | 6560 |
| single-pop BRKGA | 0.9013 ± 0.0256 | 14.5901 ± 7.1519 | 76.5289 ± 70.5543 | 0.9579 ± 0.0610 | 6560 |

## Guidance-signal faithfulness (Req 2)

| Signal | precision@1 | Spearman rho | leg-critical Jaccard vs oracle |
|---|---|---|---|
| attention (Signal #1) | 0.800 | -0.023 | n/a |
| **TAPE (Signal #3)** | n/a | n/a | **0.990** |
| random baseline | 0.125 | 0.000 | n/a |

_TAPE makespan abs-error vs oracle: 8.978. A faithful signal that also tops the optimisation table is the unified Req 2+3 claim._


wrote experiments/fused_tape_guided/tape_bench_toy8_sh0.* (total 1986s)
