instance=toy:8 N=8 coupled=False | mp P=40x4, GAT/BRKGA pop=160 | gens=40 | matched evals/gen=160
training core + fused TAPE head ...
  fused R2_makespan=0.9892 R2_energy=1.0000
reference: non-dominated union of mp-BRKGA + BRKGA + TAPE @ 50 gens | 130 pts | HV*=1443383.6
  E-HGATv2-TAPE: done 4 seeds
  E-HGATv2-attn: done 4 seeds
  NSGA-II (random): done 4 seeds
  mp-BRKGA: done 4 seeds
  single-pop BRKGA: done 4 seeds

# Faithful-guidance study -- toy:8 (N=8, uncoupled)

_4 seeds, 40 gens, matched exact-eval budget (mp 40x4 = GAT/BRKGA 160/gen). Reference: non-dominated union of mp-BRKGA + BRKGA + TAPE @ 50 gens. Cells = mean (95% CI)._

## Optimisation (Req 3)

| Method | HV / HV* | GD+ | IGD+ | Spread | true evals |
|---|---|---|---|---|---|
| E-HGATv2-TAPE | 0.9715 ± 0.0504 | 9.6353 ± 9.7057 | 20.2875 ± 29.8795 | 0.9189 ± 0.1354 | 6560 |
| E-HGATv2-attn | 0.9712 ± 0.0307 | 14.9362 ± 22.4031 | 20.6029 ± 25.9380 | 0.9092 ± 0.0799 | 6560 |
| NSGA-II (random) | 0.9344 ± 0.0295 | 18.2030 ± 4.5290 | 34.3549 ± 27.2740 | 0.8494 ± 0.1191 | 6560 |
| mp-BRKGA | 0.9033 ± 0.0376 | 32.5436 ± 37.8676 | 58.4638 ± 29.6107 | 0.9008 ± 0.1483 | 6560 |
| single-pop BRKGA | 0.9142 ± 0.0079 | 29.8494 ± 11.6515 | 42.6257 ± 10.9721 | 1.0327 ± 0.1883 | 6560 |

## Guidance-signal faithfulness (Req 2)

| Signal | precision@1 | Spearman rho | leg-critical Jaccard vs oracle |
|---|---|---|---|
| attention (Signal #1) | 0.800 | -0.023 | n/a |
| **TAPE (Signal #3)** | n/a | n/a | **0.990** |
| random baseline | 0.125 | 0.000 | n/a |

_TAPE makespan abs-error vs oracle: 8.978. A faithful signal that also tops the optimisation table is the unified Req 2+3 claim._


wrote experiments/fused_tape_guided/tape_bench_toy8_sh8.* (total 743s)
