instance=toy:20 N=20 coupled=True | mp P=100x4, GAT/BRKGA pop=400 | gens=40 | matched evals/gen=400
training core + fused TAPE head ...
  fused R2_makespan=0.8617 R2_energy=1.0000
  E-HGATv2-TAPE: done 1 seeds
  E-HGATv2-attn: done 1 seeds
  NSGA-II (random): done 1 seeds
  mp-BRKGA: done 1 seeds
  single-pop BRKGA: done 1 seeds
reference: non-dominated union of high-budget mp-BRKGA + BRKGA + TAPE @ 15 gens and all evaluated fronts | 61 pts | HV*=5833404.7

# Faithful-guidance study -- toy:20 (N=20, coupled)

_1 seeds, 40 gens, matched exact-eval budget (mp 100x4 = GAT/BRKGA 400/gen). Reference: non-dominated union of high-budget mp-BRKGA + BRKGA + TAPE @ 15 gens and all evaluated fronts. Cells = mean (95% CI)._

## Optimisation (Req 3)

| Method | HV / HV* | GD+ | IGD+ | Spread | true evals |
|---|---|---|---|---|---|
| E-HGATv2-TAPE | 0.8883 ± 0.0000 | 49.5553 ± 0.0000 | 344.5399 ± 0.0000 | 0.9860 ± 0.0000 | 16400 |
| E-HGATv2-attn | 0.8369 ± 0.0000 | 23.2944 ± 0.0000 | 415.3074 ± 0.0000 | 0.9959 ± 0.0000 | 16400 |
| NSGA-II (random) | 0.6603 ± 0.0000 | 240.2162 ± 0.0000 | 942.2212 ± 0.0000 | 0.9536 ± 0.0000 | 16400 |
| mp-BRKGA | 0.8718 ± 0.0000 | 398.0963 ± 0.0000 | 128.5474 ± 0.0000 | 0.9834 ± 0.0000 | 16400 |
| single-pop BRKGA | 0.7448 ± 0.0000 | 171.5575 ± 0.0000 | 652.0803 ± 0.0000 | 0.8744 ± 0.0000 | 16400 |

## Guidance-signal faithfulness (Req 2)

| Signal | precision@1 | Spearman rho | leg-critical Jaccard vs oracle |
|---|---|---|---|
| attention (Signal #1) | 0.667 | -0.046 | n/a |
| **TAPE (Signal #3)** | n/a | n/a | **0.848** |
| random baseline | 0.050 | 0.000 | n/a |

_TAPE makespan abs-error vs oracle: 56.139. A faithful signal that also tops the optimisation table is the unified Req 2+3 claim._


wrote experiments/fused_tape_guided/tape_bench_n20_sh7.* (total 2574s)
