instance=toy:40 N=40 coupled=True | mp P=200x4, GAT/BRKGA pop=800 | gens=40 | matched evals/gen=800
training core + fused TAPE head ...
  fused R2_makespan=0.8497 R2_energy=1.0000
  E-HGATv2-TAPE: done 1 seeds
  E-HGATv2-attn: done 1 seeds
  NSGA-II (random): done 1 seeds
  mp-BRKGA: done 1 seeds
  single-pop BRKGA: done 1 seeds
reference: non-dominated union of high-budget mp-BRKGA + BRKGA + TAPE @ 15 gens and all evaluated fronts | 41 pts | HV*=10984356.6

# Faithful-guidance study -- toy:40 (N=40, coupled)

_1 seeds, 40 gens, matched exact-eval budget (mp 200x4 = GAT/BRKGA 800/gen). Reference: non-dominated union of high-budget mp-BRKGA + BRKGA + TAPE @ 15 gens and all evaluated fronts. Cells = mean (95% CI)._

## Optimisation (Req 3)

| Method | HV / HV* | GD+ | IGD+ | Spread | true evals |
|---|---|---|---|---|---|
| E-HGATv2-TAPE | 0.6562 ± 0.0000 | 275.4057 ± 0.0000 | 1247.6431 ± 0.0000 | 0.9654 ± 0.0000 | 32800 |
| E-HGATv2-attn | 0.7468 ± 0.0000 | 128.1875 ± 0.0000 | 896.4300 ± 0.0000 | 0.8121 ± 0.0000 | 32800 |
| NSGA-II (random) | 0.4292 ± 0.0000 | 553.0095 ± 0.0000 | 1921.9622 ± 0.0000 | 0.8227 ± 0.0000 | 32800 |
| mp-BRKGA | 0.8767 ± 0.0000 | 679.6823 ± 0.0000 | 121.5245 ± 0.0000 | 0.8997 ± 0.0000 | 32800 |
| single-pop BRKGA | 0.4215 ± 0.0000 | 589.9571 ± 0.0000 | 1997.1015 ± 0.0000 | 0.6109 ± 0.0000 | 32800 |

## Guidance-signal faithfulness (Req 2)

| Signal | precision@1 | Spearman rho | leg-critical Jaccard vs oracle |
|---|---|---|---|
| attention (Signal #1) | 0.633 | -0.003 | n/a |
| **TAPE (Signal #3)** | n/a | n/a | **0.902** |
| random baseline | 0.025 | 0.000 | n/a |

_TAPE makespan abs-error vs oracle: 75.981. A faithful signal that also tops the optimisation table is the unified Req 2+3 claim._


wrote experiments/fused_tape_guided/tape_bench_n40_sh4.* (total 8488s)
