[32mActivated conda/uv virtual environment at [36m/venv/main[0m
[vm] 384 cores detected, using 200 workers
wrote /workspace/ehgat/data/instance_families.json  (96 instances: {'loading': 35, 'unloading': 35, 'mixed': 26})
[vm] === loading ===
  1200/3150  0.9 min elapsed, 1.5 min remaining
  1400/3150  1.1 min elapsed, 1.4 min remaining
  1600/3150  1.2 min elapsed, 1.2 min remaining
  1800/3150  1.3 min elapsed, 1.0 min remaining
  2000/3150  1.6 min elapsed, 0.9 min remaining
  2200/3150  1.7 min elapsed, 0.7 min remaining
  2400/3150  1.8 min elapsed, 0.6 min remaining
  2600/3150  2.1 min elapsed, 0.4 min remaining
  2800/3150  2.2 min elapsed, 0.3 min remaining
  3000/3150  2.5 min elapsed, 0.1 min remaining
  3150/3150  2.6 min elapsed, 0.0 min remaining
[campaign] wrote experiments/front_campaign/loading/front_campaign.json  (3150 rows, 0 failed, 2.6 min)
[vm] loading done: 2026-08-28T18:45:11+00:00
[vm] === unloading ===
  1200/3150  0.8 min elapsed, 1.3 min remaining
  1400/3150  1.0 min elapsed, 1.3 min remaining
  1600/3150  1.1 min elapsed, 1.1 min remaining
  1800/3150  1.3 min elapsed, 0.9 min remaining
  2000/3150  1.5 min elapsed, 0.8 min remaining
  2200/3150  1.6 min elapsed, 0.7 min remaining
  2400/3150  1.8 min elapsed, 0.5 min remaining
  2600/3150  2.0 min elapsed, 0.4 min remaining
  2800/3150  2.1 min elapsed, 0.3 min remaining
  3000/3150  2.4 min elapsed, 0.1 min remaining
  3150/3150  2.5 min elapsed, 0.0 min remaining
[campaign] wrote experiments/front_campaign/unloading/front_campaign.json  (3150 rows, 0 failed, 2.5 min)
[vm] unloading done: 2026-08-28T18:47:43+00:00
[vm] === mixed ===
  400/2340  0.7 min elapsed, 3.4 min remaining
  600/2340  1.4 min elapsed, 4.1 min remaining
  800/2340  1.8 min elapsed, 3.6 min remaining
  1000/2340  2.4 min elapsed, 3.2 min remaining
  1200/2340  2.9 min elapsed, 2.8 min remaining
  1400/2340  3.6 min elapsed, 2.4 min remaining
  1600/2340  3.9 min elapsed, 1.8 min remaining
  1800/2340  4.2 min elapsed, 1.3 min remaining
  2000/2340  4.7 min elapsed, 0.8 min remaining
  2200/2340  5.0 min elapsed, 0.3 min remaining
  2340/2340  5.2 min elapsed, 0.0 min remaining
[campaign] wrote experiments/front_campaign/mixed/front_campaign.json  (2340 rows, 0 failed, 5.3 min)
[vm] mixed done: 2026-08-28T18:52:58+00:00
[vm] all families complete
25M	experiments/front_campaign/loading
18M	experiments/front_campaign/mixed
22M	experiments/front_campaign/unloading
